Component: ARM Compiler 5.06 update 3 (build 300) Tool: armlink [4d35c9]

==============================================================================

Section Cross References

    main.o(i.main) refers to sys.o(i.Cache_Enable) for Cache_Enable
    main.o(i.main) refers to stm32f7xx_hal.o(i.HAL_Init) for HAL_Init
    main.o(i.main) refers to sys.o(i.Stm32_Clock_Init) for Stm32_Clock_Init
    main.o(i.main) refers to delay.o(i.delay_init) for delay_init
    main.o(i.main) refers to usart.o(i.uart_init) for uart_init
    main.o(i.main) refers to led.o(i.LED_Init) for LED_Init
    main.o(i.main) refers to can.o(i.CAN1_Mode_Init) for CAN1_Mode_Init
    main.o(i.main) refers to uavcan.o(i.uavcanInit) for uavcanInit
    main.o(i.main) refers to can.o(i.CAN1_Send_Msg) for CAN1_Send_Msg
    main.o(i.main) refers to delay.o(i.delay_ms) for delay_ms
    main.o(i.main) refers to main.o(.constdata) for .constdata
    main.o(i.main) refers to usmart_config.o(.data) for usmart_dev
    stm32f7xx_it.o(i.SysTick_Handler) refers to stm32f7xx_hal.o(i.HAL_IncTick) for HAL_IncTick
    system_stm32f7xx.o(i.SystemCoreClockUpdate) refers to system_stm32f7xx.o(.data) for .data
    system_stm32f7xx.o(i.SystemCoreClockUpdate) refers to system_stm32f7xx.o(.constdata) for .constdata
    uavcan.o(i.MypublishCanard) refers to canard.o(i.singleCanardBroadcast) for singleCanardBroadcast
    uavcan.o(i.MypublishCanard) refers to uavcan.o(.constdata) for .constdata
    uavcan.o(i.MypublishCanard) refers to uavcan.o(.data) for .data
    uavcan.o(i.MypublishCanard) refers to uavcan.o(.bss) for .bss
    uavcan.o(i.encodeParamCanard) refers to canard.o(i.canardEncodeScalar) for canardEncodeScalar
    uavcan.o(i.encodeParamCanard) refers to strlen.o(.text) for strlen
    uavcan.o(i.encodeParamCanard) refers to rt_memcpy_v6.o(.text) for __aeabi_memcpy
    uavcan.o(i.getNodeInfoHandleCanard) refers to rt_memclr_w.o(.text) for __aeabi_memclr4
    uavcan.o(i.getNodeInfoHandleCanard) refers to rt_memclr.o(.text) for __aeabi_memclr
    uavcan.o(i.getNodeInfoHandleCanard) refers to uavcan.o(i.makeNodeStatusMessage) for makeNodeStatusMessage
    uavcan.o(i.getNodeInfoHandleCanard) refers to canard.o(i.canardEncodeScalar) for canardEncodeScalar
    uavcan.o(i.getNodeInfoHandleCanard) refers to rt_memcpy_v6.o(.text) for __aeabi_memcpy
    uavcan.o(i.getNodeInfoHandleCanard) refers to canard.o(i.canardRequestOrRespond) for canardRequestOrRespond
    uavcan.o(i.getNodeInfoHandleCanard) refers to uavcan.o(i.makeNodeInfoMessage) for i.makeNodeInfoMessage
    uavcan.o(i.getNodeInfoHandleCanard) refers to uavcan.o(.bss) for .bss
    uavcan.o(i.getsetHandleCanard) refers to canard.o(i.canardDecodeScalar) for canardDecodeScalar
    uavcan.o(i.getsetHandleCanard) refers to strlen.o(.text) for strlen
    uavcan.o(i.getsetHandleCanard) refers to strncmp.o(.text) for strncmp
    uavcan.o(i.getsetHandleCanard) refers to uavcan.o(i.encodeParamCanard) for encodeParamCanard
    uavcan.o(i.getsetHandleCanard) refers to canard.o(i.canardRequestOrRespond) for canardRequestOrRespond
    uavcan.o(i.getsetHandleCanard) refers to uavcan.o(.data) for .data
    uavcan.o(i.getsetHandleCanard) refers to uavcan.o(.bss) for .bss
    uavcan.o(i.makeNodeInfoMessage) refers to rt_memclr.o(.text) for __aeabi_memclr
    uavcan.o(i.makeNodeInfoMessage) refers to uavcan.o(i.makeNodeStatusMessage) for makeNodeStatusMessage
    uavcan.o(i.makeNodeInfoMessage) refers to canard.o(i.canardEncodeScalar) for canardEncodeScalar
    uavcan.o(i.makeNodeInfoMessage) refers to rt_memcpy_v6.o(.text) for __aeabi_memcpy
    uavcan.o(i.makeNodeStatusMessage) refers to uavcan.o(i.__ARM_common_memclr4_7) for __ARM_common_memclr4_7
    uavcan.o(i.makeNodeStatusMessage) refers to stm32f7xx_hal.o(i.HAL_GetTick) for HAL_GetTick
    uavcan.o(i.makeNodeStatusMessage) refers to canard.o(i.canardEncodeScalar) for canardEncodeScalar
    uavcan.o(i.onTransferReceived) refers to uavcan.o(i.getNodeInfoHandleCanard) for getNodeInfoHandleCanard
    uavcan.o(i.onTransferReceived) refers to canard.o(i.canardDecodeScalar) for canardDecodeScalar
    uavcan.o(i.onTransferReceived) refers to uavcan.o(i.getsetHandleCanard) for getsetHandleCanard
    uavcan.o(i.onTransferReceived) refers to uavcan.o(.bss) for .bss
    uavcan.o(i.publishCanard) refers to stm32f7xx_hal.o(i.HAL_GetTick) for HAL_GetTick
    uavcan.o(i.publishCanard) refers to canard.o(i.canardEncodeScalar) for canardEncodeScalar
    uavcan.o(i.publishCanard) refers to canard.o(i.canardBroadcast) for canardBroadcast
    uavcan.o(i.publishCanard) refers to uavcan.o(.data) for .data
    uavcan.o(i.publishCanard) refers to uavcan.o(.constdata) for .constdata
    uavcan.o(i.publishCanard) refers to uavcan.o(.bss) for .bss
    uavcan.o(i.rawcmdHandleCanard) refers to canard.o(i.canardDecodeScalar) for canardDecodeScalar
    uavcan.o(i.rawcmdHandleCanard) refers to uavcan.o(.bss) for .bss
[...]
    i.HAL_InitTick                           0x080013d0   Section        0  stm32f7xx_hal.o(i.HAL_InitTick)
    i.HAL_LTDC_SetWindowPosition             0x080013f8   Section        0  stm32f7xx_hal_ltdc.o(i.HAL_LTDC_SetWindowPosition)
    i.HAL_LTDC_SetWindowSize                 0x08001450   Section        0  stm32f7xx_hal_ltdc.o(i.HAL_LTDC_SetWindowSize)
    i.HAL_MspInit                            0x080014a4   Section        0  stm32f7xx_hal.o(i.HAL_MspInit)
    i.HAL_NVIC_EnableIRQ                     0x080014a6   Section        0  stm32f7xx_hal_cortex.o(i.HAL_NVIC_EnableIRQ)
    i.HAL_NVIC_SetPriority                   0x080014c0   Section        0  stm32f7xx_hal_cortex.o(i.HAL_NVIC_SetPriority)
    i.HAL_NVIC_SetPriorityGrouping           0x08001524   Section        0  stm32f7xx_hal_cortex.o(i.HAL_NVIC_SetPriorityGrouping)
    i.HAL_PWREx_EnableOverDrive              0x08001548   Section        0  stm32f7xx_hal_pwr_ex.o(i.HAL_PWREx_EnableOverDrive)
    i.HAL_RCC_ClockConfig                    0x080015c4   Section        0  stm32f7xx_hal_rcc.o(i.HAL_RCC_ClockConfig)
    i.HAL_RCC_GetPCLK1Freq                   0x08001748   Section        0  stm32f7xx_hal_rcc.o(i.HAL_RCC_GetPCLK1Freq)
    i.HAL_RCC_GetPCLK2Freq                   0x08001778   Section        0  stm32f7xx_hal_rcc.o(i.HAL_RCC_GetPCLK2Freq)
    i.HAL_RCC_GetSysClockFreq                0x080017a8   Section        0  stm32f7xx_hal_rcc.o(i.HAL_RCC_GetSysClockFreq)
    i.HAL_RCC_OscConfig                      0x08001840   Section        0  stm32f7xx_hal_rcc_ex.o(i.HAL_RCC_OscConfig)
    i.HAL_SYSTICK_CLKSourceConfig            0x08001c04   Section        0  stm32f7xx_hal_cortex.o(i.HAL_SYSTICK_CLKSourceConfig)
    i.HAL_SYSTICK_Config                     0x08001c1c   Section        0  stm32f7xx_hal_cortex.o(i.HAL_SYSTICK_Config)
    i.HAL_TIM_Base_Init                      0x08001c48   Section        0  stm32f7xx_hal_tim.o(i.HAL_TIM_Base_Init)
    i.HAL_TIM_Base_MspInit                   0x08001c7a   Section        0  stm32f7xx_hal_tim.o(i.HAL_TIM_Base_MspInit)
    i.HAL_TIM_Base_Start_IT                  0x08001c7c   Section        0  stm32f7xx_hal_tim.o(i.HAL_TIM_Base_Start_IT)
    i.HAL_UART_ErrorCallback                 0x08001c94   Section        0  stm32f7xx_hal_uart.o(i.HAL_UART_ErrorCallback)
    i.HAL_UART_IRQHandler                    0x08001c98   Section        0  stm32f7xx_hal_uart.o(i.HAL_UART_IRQHandler)
    i.HAL_UART_Init                          0x08001e5c   Section        0  stm32f7xx_hal_uart.o(i.HAL_UART_Init)
    i.HAL_UART_MspInit                       0x08001ecc   Section        0  usart.o(i.HAL_UART_MspInit)
    i.HAL_UART_Receive                       0x08001f5c   Section        0  stm32f7xx_hal_uart.o(i.HAL_UART_Receive)
    i.HAL_UART_RxCpltCallback                0x0800204c   Section        0  stm32f7xx_hal_uart.o(i.HAL_UART_RxCpltCallback)
    i.HAL_UART_TxCpltCallback                0x0800204e   Section        0  stm32f7xx_hal_uart.o(i.HAL_UART_TxCpltCallback)
    i.HardFault_Handler                      0x08002050   Section        0  stm32f7xx_it.o(i.HardFault_Handler)
    i.LCD_Clear                              0x08002054   Section        0  lcd.o(i.LCD_Clear)
    i.LCD_Display_Dir                        0x080020ac   Section        0  lcd.o(i.LCD_Display_Dir)
    i.LCD_DrawLine                           0x080021b0   Section        0  lcd.o(i.LCD_DrawLine)
    i.LCD_DrawRectangle                      0x08002280   Section        0  lcd.o(i.LCD_DrawRectangle)
    i.LCD_Draw_Circle                        0x080022bc   Section        0  lcd.o(i.LCD_Draw_Circle)
    i.LCD_Fast_DrawPoint                     0x0800249c   Section        0  lcd.o(i.LCD_Fast_DrawPoint)
    i.LCD_Fill                               0x080026fc   Section        0  lcd.o(i.LCD_Fill)
    i.LCD_ReadPoint                          0x08002774   Section        0  lcd.o(i.LCD_ReadPoint)
    i.LCD_Scan_Dir                           0x08002848   Section        0  lcd.o(i.LCD_Scan_Dir)
    i.LCD_SetCursor                          0x08002b64   Section        0  lcd.o(i.LCD_SetCursor)
    i.LCD_ShowChar                           0x08002e20   Section        0  lcd.o(i.LCD_ShowChar)
    i.LCD_ShowNum                            0x08002f3c   Section        0  lcd.o(i.LCD_ShowNum)
    i.LCD_ShowString                         0x08002fe0   Section        0  lcd.o(i.LCD_ShowString)
    i.LCD_ShowxNum                           0x08003044   Section        0  lcd.o(i.LCD_ShowxNum)
    i.LED_Init                               0x080030fc   Section        0  led.o(i.LED_Init)
    i.LTDC_Clear                             0x08003148   Section        0  ltdc.o(i.LTDC_Clear)
    i.LTDC_Display_Dir                       0x08003168   Section        0  ltdc.o(i.LTDC_Display_Dir)
    i.LTDC_Draw_Point                        0x08003190   Section        0  ltdc.o(i.LTDC_Draw_Point)
    i.LTDC_Fill                              0x080031d4   Section        0  ltdc.o(i.LTDC_Fill)
    i.LTDC_Layer_Switch                      0x0800328c   Section        0  ltdc.o(i.LTDC_Layer_Switch)
    i.LTDC_Layer_Window_Config               0x080032c0   Section        0  ltdc.o(i.LTDC_Layer_Window_Config)
    i.LTDC_Read_Point                        0x080032e4   Section        0  ltdc.o(i.LTDC_Read_Point)
    i.LTDC_Select_Layer                      0x08003324   Section        0  ltdc.o(i.LTDC_Select_Layer)
    i.LTDC_SetConfig                         0x08003330   Section        0  stm32f7xx_hal_ltdc.o(i.LTDC_SetConfig)
    LTDC_SetConfig                           0x08003331   Thumb Code   452  stm32f7xx_hal_ltdc.o(i.LTDC_SetConfig)
    i.LTDC_Switch                            0x080034f4   Section        0  ltdc.o(i.LTDC_Switch)
    i.NMI_Handler                            0x08003518   Section        0  stm32f7xx_it.o(i.NMI_Handler)
    i.PendSV_Handler                         0x0800351a   Section        0  stm32f7xx_it.o(i.PendSV_Handler)
    i.SVC_Handler                            0x0800351c   Section        0  stm32f7xx_it.o(i.SVC_Handler)
    i.Stm32_Clock_Init                       0x08003520   Section        0  sys.o(i.Stm32_Clock_Init)
    i.SysTick_Handler                        0x080035c0   Section        0  stm32f7xx_it.o(i.SysTick_Handler)
    i.SystemInit                             0x080035c4   Section        0  system_stm32f7xx.o(i.SystemInit)
    i.TIM4_IRQHandler                        0x0800361c   Section        0  usmart.o(i.TIM4_IRQHandler)
    i.TIM_Base_SetConfig                     0x08003650   Section        0  stm32f7xx_hal_tim.o(i.TIM_Base_SetConfig)
    i.UART_AdvFeatureConfig                  0x08003714   Section        0  stm32f7xx_hal_uart.o(i.UART_AdvFeatureConfig)
    i.UART_CheckIdleState                    0x080037ee   Section        0  stm32f7xx_hal_uart.o(i.UART_CheckIdleState)
    i.UART_DMAAbortOnError                   0x0800384e   Section        0  stm32f7xx_hal_uart.o(i.UART_DMAAbortOnError)
    UART_DMAAbortOnError                     0x0800384f   Thumb Code    20  stm32f7xx_hal_uart.o(i.UART_DMAAbortOnError)
    i.UART_Receive_IT                        0x08003862   Section        0  stm32f7xx_hal_uart.o(i.UART_Receive_IT)
    UART_Receive_IT                          0x08003863   Thumb Code   124  stm32f7xx_hal_uart.o(i.UART_Receive_IT)
    i.UART_SetConfig                         0x080038e0   Section        0  stm32f7xx_hal_uart.o(i.UART_SetConfig)
    i.UART_WaitOnFlagUntilTimeout            0x08003b88   Section        0  stm32f7xx_hal_uart.o(i.UART_WaitOnFlagUntilTimeout)
    i.USART1_IRQHandler                      0x08003bfc   Section        0  usart.o(i.USART1_IRQHandler)
    i.UsageFault_Handler                     0x08003c74   Section        0  stm32f7xx_it.o(i.UsageFault_Handler)
    i.__ARM_common_memclr4_6                 0x08003c76   Section        0  uavcan.o(i.__ARM_common_memclr4_6)
    i.__ARM_common_memclr4_7                 0x08003c7e   Section        0  uavcan.o(i.__ARM_common_memclr4_7)
    i._is_digit                              0x08003c88   Section        0  __printf_wp.o(i._is_digit)
    i._sys_exit                              0x08003c96   Section        0  usart.o(i._sys_exit)
    i._ttywrch                               0x08003c98   Section        0  usart.o(i._ttywrch)
    i.canardDecodeScalar                     0x08003c9a   Section        0  canard.o(i.canardDecodeScalar)
    i.canardEncodeScalar                     0x08003f82   Section        0  canard.o(i.canardEncodeScalar)
    i.canardInit                             0x08004040   Section        0  canard.o(i.canardInit)
    i.canardRequestOrRespond                 0x080040ae   Section        0  canard.o(i.canardRequestOrRespond)
    i.canardSTM32Init                        0x0800414c   Section        0  canard_stm32.o(i.canardSTM32Init)
    i.canardSetLocalNodeID                   0x08004318   Section        0  canard.o(i.canardSetLocalNodeID)
    i.copyBitArray                           0x0800432e   Section        0  canard.o(i.copyBitArray)
    copyBitArray                             0x0800432f   Thumb Code   134  canard.o(i.copyBitArray)
    i.crcAdd                                 0x080043b4   Section        0  canard.o(i.crcAdd)
    crcAdd                                   0x080043b5   Thumb Code    56  canard.o(i.crcAdd)
    i.crcAddSignature                        0x080043ec   Section        0  canard.o(i.crcAddSignature)
    crcAddSignature                          0x080043ed   Thumb Code    74  canard.o(i.crcAddSignature)
    i.createTxItem                           0x08004436   Section        0  canard.o(i.createTxItem)
    createTxItem                             0x08004437   Thumb Code    56  canard.o(i.createTxItem)
    i.delay_init                             0x08004470   Section        0  delay.o(i.delay_init)
    i.delay_ms                               0x08004484   Section        0  delay.o(i.delay_ms)
    i.delay_us                               0x080044d0   Section        0  delay.o(i.delay_us)
    i.encodeParamCanard                      0x08004504   Section        0  uavcan.o(i.encodeParamCanard)
    i.enqueueTxFrames                        0x0800462c   Section        0  canard.o(i.enqueueTxFrames)
    enqueueTxFrames                          0x0800462d   Thumb Code   300  canard.o(i.enqueueTxFrames)
    i.fputc                                  0x08004758   Section        0  usart.o(i.fputc)
    i.getNodeInfoHandleCanard                0x0800476c   Section        0  uavcan.o(i.getNodeInfoHandleCanard)
    i.getsetHandleCanard                     0x08004808   Section        0  uavcan.o(i.getsetHandleCanard)
    i.main                                   0x08004964   Section        0  main.o(i.main)
    i.makeNodeInfoMessage                    0x080049d4   Section        0  uavcan.o(i.makeNodeInfoMessage)
    i.makeNodeStatusMessage                  0x08004a34   Section        0  uavcan.o(i.makeNodeStatusMessage)
    i.onTransferReceived                     0x08004a80   Section        0  uavcan.o(i.onTransferReceived)
    i.pushTxQueue                            0x08004ad8   Section        0  canard.o(i.pushTxQueue)
    pushTxQueue                              0x08004ad9   Thumb Code   144  canard.o(i.pushTxQueue)
    i.read_addr                              0x08004b68   Section        0  usmart.o(i.read_addr)
    i.shouldAcceptTransfer                   0x08004b6c   Section        0  uavcan.o(i.shouldAcceptTransfer)
    i.uart_init                              0x08004bc0   Section        0  usart.o(i.uart_init)
    i.uavcanInit                             0x08004be4   Section        0  uavcan.o(i.uavcanInit)
    i.usmart_cmd_rec                         0x08004d04   Section        0  usmart.o(i.usmart_cmd_rec)
    i.usmart_exe                             0x08004db4   Section        0  usmart.o(i.usmart_exe)
    i.usmart_get_aparm                       0x0800506c   Section        0  usmart_str.o(i.usmart_get_aparm)
    i.usmart_get_cmdname                     0x0800511a   Section        0  usmart_str.o(i.usmart_get_cmdname)
    i.usmart_get_fname                       0x08005160   Section        0  usmart_str.o(i.usmart_get_fname)
    i.usmart_get_fparam                      0x08005310   Section        0  usmart_str.o(i.usmart_get_fparam)
    i.usmart_get_parmpos                     0x0800543c   Section        0  usmart_str.o(i.usmart_get_parmpos)
    i.usmart_init                            0x08005464   Section        0  usmart.o(i.usmart_init)
    i.usmart_scan                            0x080054d0   Section        0  usmart.o(i.usmart_scan)
    i.usmart_str2num                         0x0800557c   Section        0  usmart_str.o(i.usmart_str2num)
    i.usmart_strcmp                          0x08005674   Section        0  usmart_str.o(i.usmart_strcmp)
    i.usmart_sys_cmd_exe                     0x08005690   Section        0  usmart.o(i.usmart_sys_cmd_exe)
    i.write_addr                             0x08005d28   Section        0  usmart.o(i.write_addr)
    x$fpl$fpinit                             0x08005d2c   Section       10  fpinit.o(x$fpl$fpinit)
    $v0                                      0x08005d2c   Number         0  fpinit.o(x$fpl$fpinit)
    .constdata                               0x08005d38   Section        8  main.o(.constdata)
    .constdata                               0x08005d40   Section       16  system_stm32f7xx.o(.constdata)
    .constdata                               0x08005d50   Section        8  system_stm32f7xx.o(.constdata)
    .constdata                               0x08005d58   Section    18240  lcd.o(.constdata)
    .constdata                               0x0800a498   Section       40  _printf_hex_int.o(.constdata)
    uc_hextab                                0x0800a498   Data          20  _printf_hex_int.o(.constdata)
    lc_hextab                                0x0800a4ac   Data          20  _printf_hex_int.o(.constdata)
    .constdata                               0x0800a4c0   Section       17  __printf_flags_ss_wp.o(.constdata)
    maptable                                 0x0800a4c0   Data          17  __printf_flags_ss_wp.o(.constdata)
    .conststring                             0x0800a4d4   Section       23  uavcan.o(.conststring)
    .conststring                             0x0800a4ec   Section       40  usmart.o(.conststring)
    .conststring                             0x0800a514   Section     1019  usmart_config.o(.conststring)
    .data                                    0x20020000   Section        4  system_stm32f7xx.o(.data)
    .data                                    0x20020008   Section      136  uavcan.o(.data)
    transfer_id                              0x20020008   Data           1  uavcan.o(.data)
    transfer_id                              0x20020009   Data           1  uavcan.o(.data)
    transfer_id                              0x2002000a   Data           1  uavcan.o(.data)
    spin_time                                0x2002000c   Data           4  uavcan.o(.data)
    publish_time                             0x20020010   Data           4  uavcan.o(.data)
    step                                     0x20020014   Data           4  uavcan.o(.data)
    .data                                    0x20020090   Section        1  canard_stm32.o(.data)
    g_abort_tx_on_error                      0x20020090   Data           1  canard_stm32.o(.data)
    .data                                    0x20020094   Section        4  stm32f7xx_hal.o(.data)
    .data                                    0x20020098   Section        4  delay.o(.data)
    fac_us                                   0x20020098   Data           4  delay.o(.data)
    .data                                    0x2002009c   Section        2  usart.o(.data)
    .data                                    0x200200a0   Section        4  usart.o(.data)
    .data                                    0x200200a4   Section        8  lcd.o(.data)
    .data                                    0x200200ac   Section        8  ltdc.o(.data)
    .data                                    0x200200b4   Section       28  usmart.o(.data)
    .data                                    0x200200d0   Section      192  usmart_config.o(.data)
    .data                                    0x20020190   Section      244  usmart_config.o(.data)
    .bss                                     0x20020284   Section     1072  uavcan.o(.bss)
    g_canard                                 0x20020290   Data          36  uavcan.o(.bss)
    g_canard_memory_pool                     0x200202b4   Data        1024  uavcan.o(.bss)
    .bss                                     0x200206b8   Section       16  canard_stm32.o(.bss)
    g_stats                                  0x200206b8   Data          16  canard_stm32.o(.bss)
    .bss                                     0x200206c8   Section      312  usart.o(.bss)
    .bss                                     0x20020800   Section       90  lcd.o(.bss)
    .bss                                     0x2002085c   Section      200  ltdc.o(.bss)
    .bss                                     0x20020924   Section      128  can.o(.bss)
    .bss                                     0x200209a4   Section       60  usmart.o(.bss)
    .bss                                     0x200209e0   Section       96  libspace.o(.bss)
    HEAP                                     0x20020a40   Section      512  startup_stm32f767xx.o(HEAP)
    Heap_Mem                                 0x20020a40   Data         512  startup_stm32f767xx.o(HEAP)
    STACK                                    0x20020c40   Section     1024  startup_stm32f767xx.o(STACK)
    Stack_Mem                                0x20020c40   Data        1024  startup_stm32f767xx.o(STACK)
    __initial_sp                             0x20021040   Data           0  startup_stm32f767xx.o(STACK)
    .ARM.__AT_0xC0000000                     0xc0000000   Section    2048000  ltdc.o(.ARM.__AT_0xC0000000)

    Global Symbols

    Symbol Name                              Value     Ov Type        Size  Object(Section)

    BuildAttributes$$THM_ISAv4$E$P$D$K$B$S$7EM$VFPv5_D16$PE$PLD8$A:L22UL41UL21$X:L11$S22US41US21$IEEE1$IW$USESV6$~STKCKD$USESV7$~SHL$OTIME$ROPI$EBA8$UX$STANDARDLIB$REQ8$PRES8$EABIv2 0x00000000   Number         0  anon$$obj.o ABSOLUTE
    __ARM_use_no_argv                        0x00000000   Number         0  main.o ABSOLUTE
    _printf_flags                            0x00000000   Number         0  printf_stubs.o ABSOLUTE
    _printf_return_value                     0x00000000   Number         0  printf_stubs.o ABSOLUTE
    _printf_sizespec                         0x00000000   Number         0  printf_stubs.o ABSOLUTE
    _printf_widthprec                        0x00000000   Number         0  printf_stubs.o ABSOLUTE
    __ARM_exceptions_init                     - Undefined Weak Reference
    __alloca_initialize                       - Undefined Weak Reference
    __arm_preinit_                            - Undefined Weak Reference
    __cpp_initialize__aeabi_                  - Undefined Weak Reference
    __cxa_finalize                            - Undefined Weak Reference
    __rt_locale                               - Undefined Weak Reference
    __sigvec_lookup                           - Undefined Weak Reference
    _atexit_init                              - Undefined Weak Reference
    _call_atexit_fns                          - Undefined Weak Reference
    _clock_init                               - Undefined Weak Reference
    _fp_trap_init                             - Undefined Weak Reference
    _fp_trap_shutdown                         - Undefined Weak Reference
    _get_lc_collate                           - Undefined Weak Reference
    _get_lc_ctype                             - Undefined Weak Reference
    _get_lc_monetary                          - Undefined Weak Reference
    _get_lc_numeric                           - Undefined Weak Reference
    _get_lc_time                              - Undefined Weak Reference
    _getenv_init                              - Undefined Weak Reference
    _handle_redirection                       - Undefined Weak Reference
    _init_alloc                               - Undefined Weak Reference
    _init_user_alloc                          - Undefined Weak Reference
    _initio                                   - Undefined Weak Reference
    _mutex_acquire                            - Undefined Weak Reference
    _mutex_release                            - Undefined Weak Reference
    _printf_mbtowc                            - Undefined Weak Reference
    _printf_truncate_signed                   - Undefined Weak Reference
    _printf_truncate_unsigned                 - Undefined Weak Reference
    _rand_init                                - Undefined Weak Reference
    _signal_finish                            - Undefined Weak Reference
    _signal_init                              - Undefined Weak Reference
    _terminate_alloc                          - Undefined Weak Reference
    _terminate_user_alloc                     - Undefined Weak Reference
    _terminateio                              - Undefined Weak Reference
    __Vectors_Size                           0x000001f8   Number         0  startup_stm32f767xx.o ABSOLUTE
    __Vectors                                0x08000000   Data           4  startup_stm32f767xx.o(RESET)
    __Vectors_End                            0x080001f8   Data           0  startup_stm32f767xx.o(RESET)
    __main                                   0x080001f9   Thumb Code     8  __main.o(!!!main)
    __scatterload                            0x08000201   Thumb Code     0  __scatter.o(!!!scatter)
    __scatterload_rt2                        0x08000201   Thumb Code    44  __scatter.o(!!!scatter)
    __scatterload_rt2_thumb_only             0x08000201   Thumb Code     0  __scatter.o(!!!scatter)
    __scatterload_null                       0x0800020f   Thumb Code     0  __scatter.o(!!!scatter)
    __decompress                             0x08000235   Thumb Code    90  __dczerorl2.o(!!dczerorl2)
    __decompress1                            0x08000235   Thumb Code     0  __dczerorl2.o(!!dczerorl2)
    __scatterload_zeroinit                   0x08000291   Thumb Code    28  __scatter_zi.o(!!handler_zi)
    _printf_d                                0x080002ad   Thumb Code     0  _printf_d.o(.ARM.Collect$$_printf_percent$$00000009)
    _printf_percent                          0x080002ad   Thumb Code     0  _printf_percent.o(.ARM.Collect$$_printf_percent$$00000000)
    _printf_u                                0x080002b3   Thumb Code     0  _printf_u.o(.ARM.Collect$$_printf_percent$$0000000A)
    _printf_x                                0x080002b9   Thumb Code     0  _printf_x.o(.ARM.Collect$$_printf_percent$$0000000C)
    _printf_c                                0x080002bf   Thumb Code     0  _printf_c.o(.ARM.Collect$$_printf_percent$$00000013)
    _printf_s                                0x080002c5   Thumb Code     0  _printf_s.o(.ARM.Collect$$_printf_percent$$00000014)
    _printf_percent_end                      0x080002cb   Thumb Code     0  _printf_percent_end.o(.ARM.Collect$$_printf_percent$$00000017)
    __rt_lib_init                            0x080002cf   Thumb Code     0  libinit.o(.ARM.Collect$$libinit$$00000000)
    __rt_lib_init_fp_1                       0x080002d1   Thumb Code     0  libinit2.o(.ARM.Collect$$libinit$$00000001)
    __rt_lib_init_alloca_1                   0x080002d5   Thumb Code     0  libinit2.o(.ARM.Collect$$libinit$$0000002E)
    __rt_lib_init_argv_1                     0x080002d5   Thumb Code     0  libinit2.o(.ARM.Collect$$libinit$$0000002C)
    __rt_lib_init_atexit_1                   0x080002d5   Thumb Code     0  libinit2.o(.ARM.Collect$$libinit$$0000001B)
    __rt_lib_init_clock_1                    0x080002d5   Thumb Code     0  libinit2.o(.ARM.Collect$$libinit$$00000021)
    __rt_lib_init_cpp_1                      0x080002d5   Thumb Code     0  libinit2.o(.ARM.Collect$$libinit$$00000032)
    __rt_lib_init_exceptions_1               0x080002d5   Thumb Code     0  libinit2.o(.ARM.Collect$$libinit$$00000030)
    __rt_lib_init_fp_trap_1                  0x080002d5   Thumb Code     0  libinit2.o(.ARM.Collect$$libinit$$0000001F)
    __rt_lib_init_getenv_1                   0x080002d5   Thumb Code     0  libinit2.o(.ARM.Collect$$libinit$$00000023)
    __rt_lib_init_heap_1                     0x080002d5   Thumb Code     0  libinit2.o(.ARM.Collect$$libinit$$0000000A)
    __rt_lib_init_lc_collate_1               0x080002d5   Thumb Code     0  libinit2.o(.ARM.Collect$$libinit$$00000011)
    __rt_lib_init_lc_ctype_1                 0x080002d5   Thumb Code     0  libinit2.o(.ARM.Collect$$libinit$$00000013)
    __rt_lib_init_lc_monetary_1              0x080002d5   Thumb Code     0  libinit2.o(.ARM.Collect$$libinit$$00000015)
    __rt_lib_init_lc_numeric_1               0x080002d5   Thumb Code     0  libinit2.o(.ARM.Collect$$libinit$$00000017)
    __rt_lib_init_lc_time_1                  0x080002d5   Thumb Code     0  libinit2.o(.ARM.Collect$$libinit$$00000019)
    __rt_lib_init_preinit_1                  0x080002d5   Thumb Code     0  libinit2.o(.ARM.Collect$$libinit$$00000004)
    __rt_lib_init_rand_1                     0x080002d5   Thumb Code     0  libinit2.o(.ARM.Collect$$libinit$$0000000E)
    __rt_lib_init_return                     0x080002d5   Thumb Code     0  libinit2.o(.ARM.Collect$$libinit$$00000033)
    __rt_lib_init_signal_1                   0x080002d5   Thumb Code     0  libinit2.o(.ARM.Collect$$libinit$$0000001D)
    __rt_lib_init_stdio_1                    0x080002d5   Thumb Code     0  libinit2.o(.ARM.Collect$$libinit$$00000025)
    __rt_lib_init_user_alloc_1               0x080002d5   Thumb Code     0  libinit2.o(.ARM.Collect$$libinit$$0000000C)
    __rt_lib_shutdown                        0x080002d7   Thumb Code     0  libshutdown.o(.ARM.Collect$$libshutdown$$00000000)
    __rt_lib_shutdown_cpp_1                  0x080002d9   Thumb Code     0  libshutdown2.o(.ARM.Collect$$libshutdown$$00000002)
    __rt_lib_shutdown_fp_trap_1              0x080002d9   Thumb Code     0  libshutdown2.o(.ARM.Collect$$libshutdown$$00000007)
    __rt_lib_shutdown_heap_1                 0x080002d9   Thumb Code     0  libshutdown2.o(.ARM.Collect$$libshutdown$$0000000F)
    __rt_lib_shutdown_return                 0x080002d9   Thumb Code     0  libshutdown2.o(.ARM.Collect$$libshutdown$$00000010)
    __rt_lib_shutdown_signal_1               0x080002d9   Thumb Code     0  libshutdown2.o(.ARM.Collect$$libshutdown$$0000000A)
    __rt_lib_shutdown_stdio_1                0x080002d9   Thumb Code     0  libshutdown2.o(.ARM.Collect$$libshutdown$$00000004)
    __rt_lib_shutdown_user_alloc_1           0x080002d9   Thumb Code     0  libshutdown2.o(.ARM.Collect$$libshutdown$$0000000C)
    __rt_entry                               0x080002db   Thumb Code     0  __rtentry.o(.ARM.Collect$$rtentry$$00000000)
    __rt_entry_presh_1                       0x080002db   Thumb Code     0  __rtentry2.o(.ARM.Collect$$rtentry$$00000002)
    __rt_entry_sh                            0x080002db   Thumb Code     0  __rtentry4.o(.ARM.Collect$$rtentry$$00000004)
    __rt_entry_li                            0x080002e1   Thumb Code     0  __rtentry2.o(.ARM.Collect$$rtentry$$0000000A)
    __rt_entry_postsh_1                      0x080002e1   Thumb Code     0  __rtentry2.o(.ARM.Collect$$rtentry$$00000009)
    __rt_entry_main                          0x080002e5   Thumb Code     0  __rtentry2.o(.ARM.Collect$$rtentry$$0000000D)
    __rt_entry_postli_1                      0x080002e5   Thumb Code     0  __rtentry2.o(.ARM.Collect$$rtentry$$0000000C)
    __rt_exit                                0x080002ed   Thumb Code     0  rtexit.o(.ARM.Collect$$rtexit$$00000000)
    __rt_exit_ls                             0x080002ef   Thumb Code     0  rtexit2.o(.ARM.Collect$$rtexit$$00000003)
    __rt_exit_prels_1                        0x080002ef   Thumb Code     0  rtexit2.o(.ARM.Collect$$rtexit$$00000002)
    __rt_exit_exit                           0x080002f3   Thumb Code     0  rtexit2.o(.ARM.Collect$$rtexit$$00000004)
    Reset_Handler                            0x080002f9   Thumb Code     8  startup_stm32f767xx.o(.text)
    MemManage_Handler                        0x08000305   Thumb Code     2  startup_stm32f767xx.o(.text)
    ADC_IRQHandler                           0x08000313   Thumb Code     0  startup_stm32f767xx.o(.text)
    CAN1_RX0_IRQHandler                      0x08000313   Thumb Code     0  startup_stm32f767xx.o(.text)
    CAN1_RX1_IRQHandler                      0x08000313   Thumb Code     0  startup_stm32f767xx.o(.text)
    CAN1_SCE_IRQHandler                      0x08000313   Thumb Code     0  startup_stm32f767xx.o(.text)
    CAN1_TX_IRQHandler                       0x08000313   Thumb Code     0  startup_stm32f767xx.o(.text)
    CAN2_RX0_IRQHandler                      0x08000313   Thumb Code     0  startup_stm32f767xx.o(.text)
    CAN2_RX1_IRQHandler                      0x08000313   Thumb Code     0  startup_stm32f767xx.o(.text)
    CAN2_SCE_IRQHandler                      0x08000313   Thumb Code     0  startup_stm32f767xx.o(.text)
    CAN2_TX_IRQHandler                       0x08000313   Thumb Code     0  startup_stm32f767xx.o(.text)
    CAN3_RX0_IRQHandler                      0x08000313   Thumb Code     0  startup_stm32f767xx.o(.text)
    CAN3_RX1_IRQHandler                      0x08000313   Thumb Code     0  startup_stm32f767xx.o(.text)
    CAN3_SCE_IRQHandler                      0x08000313   Thumb Code     0  startup_stm32f767xx.o(.text)
    CAN3_TX_IRQHandler                       0x08000313   Thumb Code     0  startup_stm32f767xx.o(.text)
    CEC_IRQHandler                           0x08000313   Thumb Code     0  startup_stm32f767xx.o(.text)
    DCMI_IRQHandler                          0x08000313   Thumb Code     0  startup_stm32f767xx.o(.text)
    DFSDM1_FLT0_IRQHandler                   0x08000313   Thumb Code     0  startup_stm32f767xx.o(.text)
    DFSDM1_FLT1_IRQHandler                   0x08000313   Thumb Code     0  startup_stm32f767xx.o(.text)
    DFSDM1_FLT2_IRQHandler                   0x08000313   Thumb Code     0  startup_stm32f767xx.o(.text)
    DFSDM1_FLT3_IRQHandler                   0x08000313   Thumb Code     0  startup_stm32f767xx.o(.text)
    DMA1_Stream0_IRQHandler                  0x08000313   Thumb Code     0  startup_stm32f767xx.o(.text)
    DMA1_Stream1_IRQHandler                  0x08000313   Thumb Code     0  startup_stm32f767xx.o(.text)
    DMA1_Stream2_IRQHandler                  0x08000313   Thumb Code     0  startup_stm32f767xx.o(.text)
    DMA1_Stream3_IRQHandler                  0x08000313   Thumb Code     0  startup_stm32f767xx.o(.text)
    DMA1_Stream4_IRQHandler                  0x08000313   Thumb Code     0  startup_stm32f767xx.o(.text)
    DMA1_Stream5_IRQHandler                  0x08000313   Thumb Code     0  startup_stm32f767xx.o(.text)
    DMA1_Stream6_IRQHandler                  0x08000313   Thumb Code     0  startup_stm32f767xx.o(.text)
    DMA1_Stream7_IRQHandler                  0x08000313   Thumb Code     0  startup_stm32f767xx.o(.text)
    DMA2D_IRQHandler                         0x08000313   Thumb Code     0  startup_stm32f767xx.o(.text)
    DMA2_Stream0_IRQHandler                  0x08000313   Thumb Code     0  startup_stm32f767xx.o(.text)
    DMA2_Stream1_IRQHandler                  0x08000313   Thumb Code     0  startup_stm32f767xx.o(.text)
    DMA2_Stream2_IRQHandler                  0x08000313   Thumb Code     0  startup_stm32f767xx.o(.text)
    DMA2_Stream3_IRQHandler                  0x08000313   Thumb Code     0  startup_stm32f767xx.o(.text)
    DMA2_Stream4_IRQHandler                  0x08000313   Thumb Code     0  startup_stm32f767xx.o(.text)
    DMA2_Stream5_IRQHandler                  0x08000313   Thumb Code     0  startup_stm32f767xx.o(.text)
    DMA2_Stream6_IRQHandler                  0x08000313   Thumb Code     0  startup_stm32f767xx.o(.text)
    DMA2_Stream7_IRQHandler                  0x08000313   Thumb Code     0  startup_stm32f767xx.o(.text)
    ETH_IRQHandler                           0x08000313   Thumb Code     0  startup_stm32f767xx.o(.text)
    ETH_WKUP_IRQHandler                      0x08000313   Thumb Code     0  startup_stm32f767xx.o(.text)
    EXTI0_IRQHandler                         0x08000313   Thumb Code     0  startup_stm32f767xx.o(.text)
    EXTI15_10_IRQHandler                     0x08000313   Thumb Code     0  startup_stm32f767xx.o(.text)
    EXTI1_IRQHandler                         0x08000313   Thumb Code     0  startup_stm32f767xx.o(.text)
    EXTI2_IRQHandler                         0x08000313   Thumb Code     0  startup_stm32f767xx.o(.text)
    EXTI3_IRQHandler                         0x08000313   Thumb Code     0  startup_stm32f767xx.o(.text)
    EXTI4_IRQHandler                         0x08000313   Thumb Code     0  startup_stm32f767xx.o(.text)
    EXTI9_5_IRQHandler                       0x08000313   Thumb Code     0  startup_stm32f767xx.o(.text)
    FLASH_IRQHandler                         0x08000313   Thumb Code     0  startup_stm32f767xx.o(.text)
    FMC_IRQHandler                           0x08000313   Thumb Code     0  startup_stm32f767xx.o(.text)
    FPU_IRQHandler                           0x08000313   Thumb Code     0  startup_stm32f767xx.o(.text)
    I2C1_ER_IRQHandler                       0x08000313   Thumb Code     0  startup_stm32f767xx.o(.text)
    I2C1_EV_IRQHandler                       0x08000313   Thumb Code     0  startup_stm32f767xx.o(.text)
    I2C2_ER_IRQHandler                       0x08000313   Thumb Code     0  startup_stm32f767xx.o(.text)
    I2C2_EV_IRQHandler                       0x08000313   Thumb Code     0  startup_stm32f767xx.o(.text)
    I2C3_ER_IRQHandler                       0x08000313   Thumb Code     0  startup_stm32f767xx.o(.text)
    I2C3_EV_IRQHandler                       0x08000313   Thumb Code     0  startup_stm32f767xx.o(.text)
    I2C4_ER_IRQHandler                       0x08000313   Thumb Code     0  startup_stm32f767xx.o(.text)
    I2C4_EV_IRQHandler                       0x08000313   Thumb Code     0  startup_stm32f767xx.o(.text)
    JPEG_IRQHandler                          0x08000313   Thumb Code     0  startup_stm32f767xx.o(.text)
    LPTIM1_IRQHandler                        0x08000313   Thumb Code     0  startup_stm32f767xx.o(.text)
    LTDC_ER_IRQHandler                       0x08000313   Thumb Code     0  startup_stm32f767xx.o(.text)
    LTDC_IRQHandler                          0x08000313   Thumb Code     0  startup_stm32f767xx.o(.text)
    MDIOS_IRQHandler                         0x08000313   Thumb Code     0  startup_stm32f767xx.o(.text)
    OTG_FS_IRQHandler                        0x08000313   Thumb Code     0  startup_stm32f767xx.o(.text)
    OTG_FS_WKUP_IRQHandler                   0x08000313   Thumb Code     0  startup_stm32f767xx.o(.text)
    OTG_HS_EP1_IN_IRQHandler                 0x08000313   Thumb Code     0  startup_stm32f767xx.o(.text)
    OTG_HS_EP1_OUT_IRQHandler                0x08000313   Thumb Code     0  startup_stm32f767xx.o(.text)
    OTG_HS_IRQHandler                        0x08000313   Thumb Code     0  startup_stm32f767xx.o(.text)
    OTG_HS_WKUP_IRQHandler                   0x08000313   Thumb Code     0  startup_stm32f767xx.o(.text)
    PVD_IRQHandler                           0x08000313   Thumb Code     0  startup_stm32f767xx.o(.text)
    QUADSPI_IRQHandler                       0x08000313   Thumb Code     0  startup_stm32f767xx.o(.text)
    RCC_IRQHandler                           0x08000313   Thumb Code     0  startup_stm32f767xx.o(.text)
    RNG_IRQHandler                           0x08000313   Thumb Code     0  startup_stm32f767xx.o(.text)
    RTC_Alarm_IRQHandler                     0x08000313   Thumb Code     0  startup_stm32f767xx.o(.text)
    RTC_WKUP_IRQHandler                      0x08000313   Thumb Code     0  startup_stm32f767xx.o(.text)
    SAI1_IRQHandler                          0x08000313   Thumb Code     0  startup_stm32f767xx.o(.text)
    SAI2_IRQHandler                          0x08000313   Thumb Code     0  startup_stm32f767xx.o(.text)
    SDMMC1_IRQHandler                        0x08000313   Thumb Code     0  startup_stm32f767xx.o(.text)
    SDMMC2_IRQHandler                        0x08000313   Thumb Code     0  startup_stm32f767xx.o(.text)
    SPDIF_RX_IRQHandler                      0x08000313   Thumb Code     0  startup_stm32f767xx.o(.text)
    SPI1_IRQHandler                          0x08000313   Thumb Code     0  startup_stm32f767xx.o(.text)
    SPI2_IRQHandler                          0x08000313   Thumb Code     0  startup_stm32f767xx.o(.text)
    SPI3_IRQHandler                          0x08000313   Thumb Code     0  startup_stm32f767xx.o(.text)
    SPI4_IRQHandler                          0x08000313   Thumb Code     0  startup_stm32f767xx.o(.text)
    SPI5_IRQHandler                          0x08000313   Thumb Code     0  startup_stm32f767xx.o(.text)
    SPI6_IRQHandler                          0x08000313   Thumb Code     0  startup_stm32f767xx.o(.text)
    TAMP_STAMP_IRQHandler                    0x08000313   Thumb Code     0  startup_stm32f767xx.o(.text)
    TIM1_BRK_TIM9_IRQHandler                 0x08000313   Thumb Code     0  startup_stm32f767xx.o(.text)
    TIM1_CC_IRQHandler                       0x08000313   Thumb Code     0  startup_stm32f767xx.o(.text)
    TIM1_TRG_COM_TIM11_IRQHandler            0x08000313   Thumb Code     0  startup_stm32f767xx.o(.text)
    TIM1_UP_TIM10_IRQHandler                 0x08000313   Thumb Code     0  startup_stm32f767xx.o(.text)
    TIM2_IRQHandler                          0x08000313   Thumb Code     0  startup_stm32f767xx.o(.text)
    TIM3_IRQHandler                          0x08000313   Thumb Code     0  startup_stm32f767xx.o(.text)
    TIM5_IRQHandler                          0x08000313   Thumb Code     0  startup_stm32f767xx.o(.text)
    TIM6_DAC_IRQHandler                      0x08000313   Thumb Code     0  startup_stm32f767xx.o(.text)
    TIM7_IRQHandler                          0x08000313   Thumb Code     0  startup_stm32f767xx.o(.text)
    TIM8_BRK_TIM12_IRQHandler                0x08000313   Thumb Code     0  startup_stm32f767xx.o(.text)
    TIM8_CC_IRQHandler                       0x08000313   Thumb Code     0  startup_stm32f767xx.o(.text)
    TIM8_TRG_COM_TIM14_IRQHandler            0x08000313   Thumb Code     0  startup_stm32f767xx.o(.text)
    TIM8_UP_TIM13_IRQHandler                 0x08000313   Thumb Code     0  startup_stm32f767xx.o(.text)
    UART4_IRQHandler                         0x08000313   Thumb Code     0  startup_stm32f767xx.o(.text)
    UART5_IRQHandler                         0x08000313   Thumb Code     0  startup_stm32f767xx.o(.text)
    UART7_IRQHandler                         0x08000313   Thumb Code     0  startup_stm32f767xx.o(.text)
    UART8_IRQHandler                         0x08000313   Thumb Code     0  startup_stm32f767xx.o(.text)
    USART2_IRQHandler                        0x08000313   Thumb Code     0  startup_stm32f767xx.o(.text)
    USART3_IRQHandler                        0x08000313   Thumb Code     0  startup_stm32f767xx.o(.text)
    USART6_IRQHandler                        0x08000313   Thumb Code     0  startup_stm32f767xx.o(.text)
    WWDG_IRQHandler                          0x08000313   Thumb Code     0  startup_stm32f767xx.o(.text)
    __user_initial_stackheap                 0x08000315   Thumb Code     0  startup_stm32f767xx.o(.text)
    __use_no_semihosting                     0x08000339   Thumb Code     2  use_no_semi_2.o(.text)
    __aeabi_llsl                             0x0800033b   Thumb Code     0  llshl.o(.text)
    _ll_shift_l                              0x0800033b   Thumb Code    38  llshl.o(.text)
    __aeabi_llsr                             0x08000361   Thumb Code     0  llushr.o(.text)
    _ll_ushift_r                             0x08000361   Thumb Code    38  llushr.o(.text)
    __2printf                                0x08000389   Thumb Code    20  noretval__2printf.o(.text)
    _printf_pre_padding                      0x080003a1   Thumb Code    44  _printf_pad.o(.text)
    _printf_post_padding                     0x080003cd   Thumb Code    34  _printf_pad.o(.text)
    _printf_str                              0x080003ef   Thumb Code    82  _printf_str.o(.text)
    _printf_int_dec                          0x08000441   Thumb Code   104  _printf_dec.o(.text)
    _printf_int_hex                          0x080004b9   Thumb Code    84  _printf_hex_int.o(.text)
    _printf_longlong_hex                     0x080004b9   Thumb Code     0  _printf_hex_int.o(.text)
    __printf                                 0x08000511   Thumb Code   388  __printf_flags_ss_wp.o(.text)
    abort                                    0x08000699   Thumb Code    22  abort.o(.text)
    strlen                                   0x080006af   Thumb Code    62  strlen.o(.text)
    strncmp                                  0x080006ed   Thumb Code   150  strncmp.o(.text)
    __aeabi_memcpy                           0x08000783   Thumb Code     0  rt_memcpy_v6.o(.text)
    __rt_memcpy                              0x08000783   Thumb Code   138  rt_memcpy_v6.o(.text)
    _memcpy_lastbytes                        0x080007e9   Thumb Code     0  rt_memcpy_v6.o(.text)
    __aeabi_memclr                           0x0800080d   Thumb Code     0  rt_memclr.o(.text)
    __rt_memclr                              0x0800080d   Thumb Code    68  rt_memclr.o(.text)
    _memset                                  0x08000811   Thumb Code     0  rt_memclr.o(.text)
    __aeabi_memclr4                          0x08000851   Thumb Code     0  rt_memclr_w.o(.text)
    __aeabi_memclr8                          0x08000851   Thumb Code     0  rt_memclr_w.o(.text)
    __rt_memclr_w                            0x08000851   Thumb Code    78  rt_memclr_w.o(.text)
    _memset_w                                0x08000855   Thumb Code     0  rt_memclr_w.o(.text)
    __use_two_region_memory                  0x0800089f   Thumb Code     2  heapauxi.o(.text)
    __rt_heap_escrow$2region                 0x080008a1   Thumb Code     2  heapauxi.o(.text)
    __rt_heap_expand$2region                 0x080008a3   Thumb Code     2  heapauxi.o(.text)
    __I$use$semihosting                      0x080008a5   Thumb Code     0  use_no_semi.o(.text)
    __use_no_semihosting_swi                 0x080008a5   Thumb Code     2  use_no_semi.o(.text)
    _printf_int_common                       0x080008a7   Thumb Code   178  _printf_intcommon.o(.text)
    _printf_cs_common                        0x08000959   Thumb Code    20  _printf_char.o(.text)
    _printf_char                             0x0800096d   Thumb Code    16  _printf_char.o(.text)
    _printf_string                           0x0800097d   Thumb Code     8  _printf_char.o(.text)
    _printf_char_file                        0x08000985   Thumb Code    32  _printf_char_file.o(.text)
    __rt_SIGABRT                             0x080009a9   Thumb Code    14  defsig_abrt_outer.o(.text)
    __aeabi_memcpy4                          0x080009b7   Thumb Code     0  rt_memcpy_w.o(.text)
    __aeabi_memcpy8                          0x080009b7   Thumb Code     0  rt_memcpy_w.o(.text)
    __rt_memcpy_w                            0x080009b7   Thumb Code   100  rt_memcpy_w.o(.text)
    _memcpy_lastbytes_aligned                0x080009ff   Thumb Code     0  rt_memcpy_w.o(.text)
    _printf_char_common                      0x08000a27   Thumb Code    32  _printf_char_common.o(.text)
    ferror                                   0x08000a4d   Thumb Code     8  ferror.o(.text)
    __sig_exit                               0x08000a55   Thumb Code    10  defsig_exit.o(.text)
    __rt_SIGABRT_inner                       0x08000a61   Thumb Code    14  defsig_abrt_inner.o(.text)
    __user_setup_stackheap                   0x08000a91   Thumb Code    74  sys_stackheap_outer.o(.text)
    exit                                     0x08000adb   Thumb Code    18  exit.o(.text)
    __default_signal_display                 0x08000aed   Thumb Code    50  defsig_general.o(.text)
    __user_libspace                          0x08000b21   Thumb Code     8  libspace.o(.text)
    __user_perproc_libspace                  0x08000b21   Thumb Code     0  libspace.o(.text)
    __user_perthread_libspace                0x08000b21   Thumb Code     0  libspace.o(.text)
    BusFault_Handler                         0x08000b29   Thumb Code     2  stm32f7xx_it.o(i.BusFault_Handler)
    CAN1_Mode_Init                           0x08000b2d   Thumb Code   122  can.o(i.CAN1_Mode_Init)
    CAN1_Send_Msg                            0x08000bb1   Thumb Code    80  can.o(i.CAN1_Send_Msg)
    Cache_Enable                             0x08000c05   Thumb Code   116  sys.o(i.Cache_Enable)
    DebugMon_Handler                         0x08000c8d   Thumb Code     2  stm32f7xx_it.o(i.DebugMon_Handler)
    HAL_CAN_ConfigFilter                     0x08000c91   Thumb Code   266  stm32f7xx_hal_can.o(i.HAL_CAN_ConfigFilter)
    HAL_CAN_Init                             0x08000da5   Thumb Code   352  stm32f7xx_hal_can.o(i.HAL_CAN_Init)
    HAL_CAN_MspInit                          0x08000f05   Thumb Code    90  can.o(i.HAL_CAN_MspInit)
    HAL_CAN_Transmit                         0x08000f6d   Thumb Code   438  stm32f7xx_hal_can.o(i.HAL_CAN_Transmit)
    HAL_DMA_Abort_IT                         0x08001131   Thumb Code    36  stm32f7xx_hal_dma.o(i.HAL_DMA_Abort_IT)
    HAL_GPIO_Init                            0x08001155   Thumb Code   544  stm32f7xx_hal_gpio.o(i.HAL_GPIO_Init)
    HAL_GPIO_WritePin                        0x08001385   Thumb Code    10  stm32f7xx_hal_gpio.o(i.HAL_GPIO_WritePin)
    HAL_GetTick                              0x08001391   Thumb Code     6  stm32f7xx_hal.o(i.HAL_GetTick)
    HAL_IncTick                              0x0800139d   Thumb Code    10  stm32f7xx_hal.o(i.HAL_IncTick)
    HAL_Init                                 0x080013ad   Thumb Code    32  stm32f7xx_hal.o(i.HAL_Init)
    HAL_InitTick                             0x080013d1   Thumb Code    34  stm32f7xx_hal.o(i.HAL_InitTick)
    HAL_LTDC_SetWindowPosition               0x080013f9   Thumb Code    88  stm32f7xx_hal_ltdc.o(i.HAL_LTDC_SetWindowPosition)
    HAL_LTDC_SetWindowSize                   0x08001451   Thumb Code    84  stm32f7xx_hal_ltdc.o(i.HAL_LTDC_SetWindowSize)
    HAL_MspInit                              0x080014a5   Thumb Code     2  stm32f7xx_hal.o(i.HAL_MspInit)
    HAL_NVIC_EnableIRQ                       0x080014a7   Thumb Code    24  stm32f7xx_hal_cortex.o(i.HAL_NVIC_EnableIRQ)
    HAL_NVIC_SetPriority                     0x080014c1   Thumb Code    94  stm32f7xx_hal_cortex.o(i.HAL_NVIC_SetPriority)
    HAL_NVIC_SetPriorityGrouping             0x08001525   Thumb Code    30  stm32f7xx_hal_cortex.o(i.HAL_NVIC_SetPriorityGrouping)
    HAL_PWREx_EnableOverDrive                0x08001549   Thumb Code   114  stm32f7xx_hal_pwr_ex.o(i.HAL_PWREx_EnableOverDrive)
    HAL_RCC_ClockConfig                      0x080015c5   Thumb Code   368  stm32f7xx_hal_rcc.o(i.HAL_RCC_ClockConfig)
    HAL_RCC_GetPCLK1Freq                     0x08001749   Thumb Code    34  stm32f7xx_hal_rcc.o(i.HAL_RCC_GetPCLK1Freq)
    HAL_RCC_GetPCLK2Freq                     0x08001779   Thumb Code    34  stm32f7xx_hal_rcc.o(i.HAL_RCC_GetPCLK2Freq)
    HAL_RCC_GetSysClockFreq                  0x080017a9   Thumb Code   136  stm32f7xx_hal_rcc.o(i.HAL_RCC_GetSysClockFreq)
    HAL_RCC_OscConfig                        0x08001841   Thumb Code   942  stm32f7xx_hal_rcc_ex.o(i.HAL_RCC_OscConfig)
    HAL_SYSTICK_CLKSourceConfig              0x08001c05   Thumb Code    22  stm32f7xx_hal_cortex.o(i.HAL_SYSTICK_CLKSourceConfig)
    HAL_SYSTICK_Config                       0x08001c1d   Thumb Code    38  stm32f7xx_hal_cortex.o(i.HAL_SYSTICK_Config)
    HAL_TIM_Base_Init                        0x08001c49   Thumb Code    50  stm32f7xx_hal_tim.o(i.HAL_TIM_Base_Init)
    HAL_TIM_Base_MspInit                     0x08001c7b   Thumb Code     2  stm32f7xx_hal_tim.o(i.HAL_TIM_Base_MspInit)
    HAL_TIM_Base_Start_IT                    0x08001c7d   Thumb Code    24  stm32f7xx_hal_tim.o(i.HAL_TIM_Base_Start_IT)
    HAL_UART_ErrorCallback                   0x08001c95   Thumb Code     2  stm32f7xx_hal_uart.o(i.HAL_UART_ErrorCallback)
    HAL_UART_IRQHandler                      0x08001c99   Thumb Code   448  stm32f7xx_hal_uart.o(i.HAL_UART_IRQHandler)
    HAL_UART_Init                            0x08001e5d   Thumb Code   110  stm32f7xx_hal_uart.o(i.HAL_UART_Init)
    HAL_UART_MspInit                         0x08001ecd   Thumb Code   130  usart.o(i.HAL_UART_MspInit)
    HAL_UART_Receive                         0x08001f5d   Thumb Code   240  stm32f7xx_hal_uart.o(i.HAL_UART_Receive)
    HAL_UART_RxCpltCallback                  0x0800204d   Thumb Code     2  stm32f7xx_hal_uart.o(i.HAL_UART_RxCpltCallback)
    HAL_UART_TxCpltCallback                  0x0800204f   Thumb Code     2  stm32f7xx_hal_uart.o(i.HAL_UART_TxCpltCallback)
    HardFault_Handler                        0x08002051   Thumb Code     2  stm32f7xx_it.o(i.HardFault_Handler)
    LCD_Clear                                0x08002055   Thumb Code    72  lcd.o(i.LCD_Clear)
    LCD_Display_Dir                          0x080020ad   Thumb Code   252  lcd.o(i.LCD_Display_Dir)
    LCD_DrawLine                             0x080021b1   Thumb Code   188  lcd.o(i.LCD_DrawLine)
    LCD_DrawRectangle                        0x08002281   Thumb Code    58  lcd.o(i.LCD_DrawRectangle)
    LCD_Draw_Circle                          0x080022bd   Thumb Code   458  lcd.o(i.LCD_Draw_Circle)
    LCD_Fast_DrawPoint                       0x0800249d   Thumb Code   594  lcd.o(i.LCD_Fast_DrawPoint)
    LCD_Fill                                 0x080026fd   Thumb Code   108  lcd.o(i.LCD_Fill)
    LCD_ReadPoint                            0x08002775   Thumb Code   196  lcd.o(i.LCD_ReadPoint)
    LCD_Scan_Dir                             0x08002849   Thumb Code   786  lcd.o(i.LCD_Scan_Dir)
    LCD_SetCursor                            0x08002b65   Thumb Code   692  lcd.o(i.LCD_SetCursor)
    LCD_ShowChar                             0x08002e21   Thumb Code   272  lcd.o(i.LCD_ShowChar)
    LCD_ShowNum                              0x08002f3d   Thumb Code   158  lcd.o(i.LCD_ShowNum)
    LCD_ShowString                           0x08002fe1   Thumb Code    98  lcd.o(i.LCD_ShowString)
    LCD_ShowxNum                             0x08003045   Thumb Code   180  lcd.o(i.LCD_ShowxNum)
    LED_Init                                 0x080030fd   Thumb Code    68  led.o(i.LED_Init)
    LTDC_Clear                               0x08003149   Thumb Code    28  ltdc.o(i.LTDC_Clear)
    LTDC_Display_Dir                         0x08003169   Thumb Code    34  ltdc.o(i.LTDC_Display_Dir)
    LTDC_Draw_Point                          0x08003191   Thumb Code    58  ltdc.o(i.LTDC_Draw_Point)
    LTDC_Fill                                0x080031d5   Thumb Code   166  ltdc.o(i.LTDC_Fill)
    LTDC_Layer_Switch                        0x0800328d   Thumb Code    48  ltdc.o(i.LTDC_Layer_Switch)
    LTDC_Layer_Window_Config                 0x080032c1   Thumb Code    32  ltdc.o(i.LTDC_Layer_Window_Config)
    LTDC_Read_Point                          0x080032e5   Thumb Code    56  ltdc.o(i.LTDC_Read_Point)
    LTDC_Select_Layer                        0x08003325   Thumb Code     6  ltdc.o(i.LTDC_Select_Layer)
    LTDC_Switch                              0x080034f5   Thumb Code    32  ltdc.o(i.LTDC_Switch)
    NMI_Handler                              0x08003519   Thumb Code     2  stm32f7xx_it.o(i.NMI_Handler)
    PendSV_Handler                           0x0800351b   Thumb Code     2  stm32f7xx_it.o(i.PendSV_Handler)
    SVC_Handler                              0x0800351d   Thumb Code     2  stm32f7xx_it.o(i.SVC_Handler)
    Stm32_Clock_Init                         0x08003521   Thumb Code   152  sys.o(i.Stm32_Clock_Init)
    SysTick_Handler                          0x080035c1   Thumb Code     4  stm32f7xx_it.o(i.SysTick_Handler)
    SystemInit                               0x080035c5   Thumb Code    64  system_stm32f7xx.o(i.SystemInit)
    TIM4_IRQHandler                          0x0800361d   Thumb Code    44  usmart.o(i.TIM4_IRQHandler)
    TIM_Base_SetConfig                       0x08003651   Thumb Code   176  stm32f7xx_hal_tim.o(i.TIM_Base_SetConfig)
    UART_AdvFeatureConfig                    0x08003715   Thumb Code   218  stm32f7xx_hal_uart.o(i.UART_AdvFeatureConfig)
    UART_CheckIdleState                      0x080037ef   Thumb Code    96  stm32f7xx_hal_uart.o(i.UART_CheckIdleState)
    UART_SetConfig                           0x080038e1   Thumb Code   664  stm32f7xx_hal_uart.o(i.UART_SetConfig)
    UART_WaitOnFlagUntilTimeout              0x08003b89   Thumb Code   116  stm32f7xx_hal_uart.o(i.UART_WaitOnFlagUntilTimeout)
    USART1_IRQHandler                        0x08003bfd   Thumb Code   108  usart.o(i.USART1_IRQHandler)
    UsageFault_Handler                       0x08003c75   Thumb Code     2  stm32f7xx_it.o(i.UsageFault_Handler)
    __ARM_common_memclr4_6                   0x08003c77   Thumb Code     8  uavcan.o(i.__ARM_common_memclr4_6)
    __ARM_common_memclr4_7                   0x08003c7f   Thumb Code    10  uavcan.o(i.__ARM_common_memclr4_7)
    _is_digit                                0x08003c89   Thumb Code    14  __printf_wp.o(i._is_digit)
    _sys_exit                                0x08003c97   Thumb Code     2  usart.o(i._sys_exit)
    _ttywrch                                 0x08003c99   Thumb Code     2  usart.o(i._ttywrch)
    canardDecodeScalar                       0x08003c9b   Thumb Code   744  canard.o(i.canardDecodeScalar)
    canardEncodeScalar                       0x08003f83   Thumb Code   190  canard.o(i.canardEncodeScalar)
    canardInit                               0x08004041   Thumb Code   110  canard.o(i.canardInit)
    canardRequestOrRespond                   0x080040af   Thumb Code   156  canard.o(i.canardRequestOrRespond)
    canardSTM32Init                          0x0800414d   Thumb Code   398  canard_stm32.o(i.canardSTM32Init)
    canardSetLocalNodeID                     0x08004319   Thumb Code    22  canard.o(i.canardSetLocalNodeID)
    delay_init                               0x08004471   Thumb Code    16  delay.o(i.delay_init)
    delay_ms                                 0x08004485   Thumb Code    70  delay.o(i.delay_ms)
    delay_us                                 0x080044d1   Thumb Code    46  delay.o(i.delay_us)
    encodeParamCanard                        0x08004505   Thumb Code   296  uavcan.o(i.encodeParamCanard)
    fputc                                    0x08004759   Thumb Code    16  usart.o(i.fputc)
    getNodeInfoHandleCanard                  0x0800476d   Thumb Code   134  uavcan.o(i.getNodeInfoHandleCanard)
    getsetHandleCanard                       0x08004809   Thumb Code   330  uavcan.o(i.getsetHandleCanard)
    main                                     0x08004965   Thumb Code   104  main.o(i.main)
    makeNodeInfoMessage                      0x080049d5   Thumb Code    76  uavcan.o(i.makeNodeInfoMessage)
    makeNodeStatusMessage                    0x08004a35   Thumb Code    76  uavcan.o(i.makeNodeStatusMessage)
    onTransferReceived                       0x08004a81   Thumb Code    84  uavcan.o(i.onTransferReceived)
    read_addr                                0x08004b69   Thumb Code     4  usmart.o(i.read_addr)
    shouldAcceptTransfer                     0x08004b6d   Thumb Code    60  uavcan.o(i.shouldAcceptTransfer)
    uart_init                                0x08004bc1   Thumb Code    28  usart.o(i.uart_init)
    uavcanInit                               0x08004be5   Thumb Code   262  uavcan.o(i.uavcanInit)
    usmart_cmd_rec                           0x08004d05   Thumb Code   170  usmart.o(i.usmart_cmd_rec)
    usmart_exe                               0x08004db5   Thumb Code   592  usmart.o(i.usmart_exe)
    usmart_get_aparm                         0x0800506d   Thumb Code   174  usmart_str.o(i.usmart_get_aparm)
    usmart_get_cmdname                       0x0800511b   Thumb Code    70  usmart_str.o(i.usmart_get_cmdname)
    usmart_get_fname                         0x08005161   Thumb Code   424  usmart_str.o(i.usmart_get_fname)
    usmart_get_fparam                        0x08005311   Thumb Code   294  usmart_str.o(i.usmart_get_fparam)
    usmart_get_parmpos                       0x0800543d   Thumb Code    36  usmart_str.o(i.usmart_get_parmpos)
    usmart_init                              0x08005465   Thumb Code    92  usmart.o(i.usmart_init)
    usmart_scan                              0x080054d1   Thumb Code   102  usmart.o(i.usmart_scan)
    usmart_str2num                           0x0800557d   Thumb Code   248  usmart_str.o(i.usmart_str2num)
    usmart_strcmp                            0x08005675   Thumb Code    26  usmart_str.o(i.usmart_strcmp)
    usmart_sys_cmd_exe                       0x08005691   Thumb Code  1484  usmart.o(i.usmart_sys_cmd_exe)
    write_addr                               0x08005d29   Thumb Code     4  usmart.o(i.write_addr)
    _fp_init                                 0x08005d2d   Thumb Code    10  fpinit.o(x$fpl$fpinit)
    __fplib_config_fpu_vfp                   0x08005d35   Thumb Code     0  fpinit.o(x$fpl$fpinit)
    __fplib_config_pureend_doubles           0x08005d35   Thumb Code     0  fpinit.o(x$fpl$fpinit)
    AHBPrescTable                            0x08005d40   Data          16  system_stm32f7xx.o(.constdata)
    APBPrescTable                            0x08005d50   Data           8  system_stm32f7xx.o(.constdata)
    asc2_1206                                0x08005d58   Data        1140  lcd.o(.constdata)
    asc2_1608                                0x080061cc   Data        1520  lcd.o(.constdata)
    asc2_2412                                0x080067bc   Data        3420  lcd.o(.constdata)
    asc2_3216                                0x08007518   Data       12160  lcd.o(.constdata)
    Region$$Table$$Base                      0x0800a910   Number         0  anon$$obj.o(Region$$Table)
    Region$$Table$$Limit                     0x0800a930   Number         0  anon$$obj.o(Region$$Table)
    SystemCoreClock                          0x20020000   Data           4  system_stm32f7xx.o(.data)
    parameters                               0x20020018   Data         120  uavcan.o(.data)
    uwTick                                   0x20020094   Data           4  stm32f7xx_hal.o(.data)
    USART_RX_STA                             0x2002009c   Data           2  usart.o(.data)
    __stdout                                 0x200200a0   Data           4  usart.o(.data)
    POINT_COLOR                              0x200200a4   Data           4  lcd.o(.data)
    BACK_COLOR                               0x200200a8   Data           4  lcd.o(.data)
    ltdc_framebuf                            0x200200ac   Data           8  ltdc.o(.data)
    sys_cmd_tab                              0x200200b4   Data          28  usmart.o(.data)
    usmart_nametab                           0x200200d0   Data         192  usmart_config.o(.data)
    usmart_dev                               0x20020190   Data         244  usmart_config.o(.data)
    rc_pwm                                   0x20020284   Data          12  uavcan.o(.bss)
    USART_RX_BUF                             0x200206c8   Data         200  usart.o(.bss)
    UART1_Handler                            0x20020790   Data         112  usart.o(.bss)
    SRAM_Handler                             0x20020800   Data          76  lcd.o(.bss)
    lcddev                                   0x2002084c   Data          14  lcd.o(.bss)
    LTDC_Handler                             0x2002085c   Data         168  ltdc.o(.bss)
    lcdltdc                                  0x20020904   Data          32  ltdc.o(.bss)
    CAN2_Handler                             0x20020924   Data          64  can.o(.bss)
    TxMessage                                0x20020964   Data          28  can.o(.bss)
    RxMessage                                0x20020980   Data          36  can.o(.bss)
    TIM4_Handler                             0x200209a4   Data          60  usmart.o(.bss)
    __libspace_start                         0x200209e0   Data          96  libspace.o(.bss)
    __temporary_stack_top$libspace           0x20020a40   Data           0  libspace.o(.bss)
    ltdc_lcd_framebuf                        0xc0000000   Data       2048000  ltdc.o(.ARM.__AT_0xC0000000)



==============================================================================

Memory Map of the image

  Image Entry point : 0x080001f9

  Load Region LR_IROM1 (Base: 0x08000000, Size: 0x0000abb4, Max: 0x00100000, ABSOLUTE, COMPRESSED[0x0000aa24])

    Execution Region ER_IROM1 (Base: 0x08000000, Size: 0x0000a930, Max: 0x00100000, ABSOLUTE)

    Base Addr    Size         Type   Attr      Idx    E Section Name        Object

    0x08000000   0x000001f8   Data   RO          906    RESET               startup_stm32f767xx.o
    0x080001f8   0x00000008   Code   RO         5228  * !!!main             c_w.l(__main.o)
    0x08000200   0x00000034   Code   RO         5404    !!!scatter          c_w.l(__scatter.o)
    0x08000234   0x0000005a   Code   RO         5402    !!dczerorl2         c_w.l(__dczerorl2.o)
    0x0800028e   0x00000002   PAD
    0x08000290   0x0000001c   Code   RO         5406    !!handler_zi        c_w.l(__scatter_zi.o)
    0x080002ac   0x00000000   Code   RO         5213    .ARM.Collect$$_printf_percent$$00000000  c_w.l(_printf_percent.o)
    0x080002ac   0x00000006   Code   RO         5211    .ARM.Collect$$_printf_percent$$00000009  c_w.l(_printf_d.o)
    0x080002b2   0x00000006   Code   RO         5212    .ARM.Collect$$_printf_percent$$0000000A  c_w.l(_printf_u.o)
    0x080002b8   0x00000006   Code   RO         5210    .ARM.Collect$$_printf_percent$$0000000C  c_w.l(_printf_x.o)
    0x080002be   0x00000006   Code   RO         5208    .ARM.Collect$$_printf_percent$$00000013  c_w.l(_printf_c.o)
    0x080002c4   0x00000006   Code   RO         5209    .ARM.Collect$$_printf_percent$$00000014  c_w.l(_printf_s.o)
    0x080002ca   0x00000004   Code   RO         5239    .ARM.Collect$$_printf_percent$$00000017  c_w.l(_printf_percent_end.o)
    0x080002ce   0x00000002   Code   RO         5288    .ARM.Collect$$libinit$$00000000  c_w.l(libinit.o)
    0x080002d0   0x00000004   Code   RO         5296    .ARM.Collect$$libinit$$00000001  c_w.l(libinit2.o)
    0x080002d4   0x00000000   Code   RO         5299    .ARM.Collect$$libinit$$00000004  c_w.l(libinit2.o)
    0x080002d4   0x00000000   Code   RO         5302    .ARM.Collect$$libinit$$0000000A  c_w.l(libinit2.o)
    0x080002d4   0x00000000   Code   RO         5304    .ARM.Collect$$libinit$$0000000C  c_w.l(libinit2.o)
    0x080002d4   0x00000000   Code   RO         5306    .ARM.Collect$$libinit$$0000000E  c_w.l(libinit2.o)
    0x080002d4   0x00000000   Code   RO         5309    .ARM.Collect$$libinit$$00000011  c_w.l(libinit2.o)
    0x080002d4   0x00000000   Code   RO         5311    .ARM.Collect$$libinit$$00000013  c_w.l(libinit2.o)
    0x080002d4   0x00000000   Code   RO         5313    .ARM.Collect$$libinit$$00000015  c_w.l(libinit2.o)
    0x080002d4   0x00000000   Code   RO         5315    .ARM.Collect$$libinit$$00000017  c_w.l(libinit2.o)
    0x080002d4   0x00000000   Code   RO         5317    .ARM.Collect$$libinit$$00000019  c_w.l(libinit2.o)
    0x080002d4   0x00000000   Code   RO         5319    .ARM.Collect$$libinit$$0000001B  c_w.l(libinit2.o)
    0x080002d4   0x00000000   Code   RO         5321    .ARM.Collect$$libinit$$0000001D  c_w.l(libinit2.o)
    0x080002d4   0x00000000   Code   RO         5323    .ARM.Collect$$libinit$$0000001F  c_w.l(libinit2.o)
    0x080002d4   0x00000000   Code   RO         5325    .ARM.Collect$$libinit$$00000021  c_w.l(libinit2.o)
    0x080002d4   0x00000000   Code   RO         5327    .ARM.Collect$$libinit$$00000023  c_w.l(libinit2.o)
    0x080002d4   0x00000000   Code   RO         5329    .ARM.Collect$$libinit$$00000025  c_w.l(libinit2.o)
    0x080002d4   0x00000000   Code   RO         5333    .ARM.Collect$$libinit$$0000002C  c_w.l(libinit2.o)
    0x080002d4   0x00000000   Code   RO         5335    .ARM.Collect$$libinit$$0000002E  c_w.l(libinit2.o)
    0x080002d4   0x00000000   Code   RO         5337    .ARM.Collect$$libinit$$00000030  c_w.l(libinit2.o)
    0x080002d4   0x00000000   Code   RO         5339    .ARM.Collect$$libinit$$00000032  c_w.l(libinit2.o)
    0x080002d4   0x00000002   Code   RO         5340    .ARM.Collect$$libinit$$00000033  c_w.l(libinit2.o)
    0x080002d6   0x00000002   Code   RO         5374    .ARM.Collect$$libshutdown$$00000000  c_w.l(libshutdown.o)
    0x080002d8   0x00000000   Code   RO         5384    .ARM.Collect$$libshutdown$$00000002  c_w.l(libshutdown2.o)
    0x080002d8   0x00000000   Code   RO         5386    .ARM.Collect$$libshutdown$$00000004  c_w.l(libshutdown2.o)
    0x080002d8   0x00000000   Code   RO         5389    .ARM.Collect$$libshutdown$$00000007  c_w.l(libshutdown2.o)
    0x080002d8   0x00000000   Code   RO         5392    .ARM.Collect$$libshutdown$$0000000A  c_w.l(libshutdown2.o)
    0x080002d8   0x00000000   Code   RO         5394    .ARM.Collect$$libshutdown$$0000000C  c_w.l(libshutdown2.o)
    0x080002d8   0x00000000   Code   RO         5397    .ARM.Collect$$libshutdown$$0000000F  c_w.l(libshutdown2.o)
    0x080002d8   0x00000002   Code   RO         5398    .ARM.Collect$$libshutdown$$00000010  c_w.l(libshutdown2.o)
    0x080002da   0x00000000   Code   RO         5232    .ARM.Collect$$rtentry$$00000000  c_w.l(__rtentry.o)
    0x080002da   0x00000000   Code   RO         5247    .ARM.Collect$$rtentry$$00000002  c_w.l(__rtentry2.o)
    0x080002da   0x00000006   Code   RO         5259    .ARM.Collect$$rtentry$$00000004  c_w.l(__rtentry4.o)
    0x080002e0   0x00000000   Code   RO         5249    .ARM.Collect$$rtentry$$00000009  c_w.l(__rtentry2.o)
    0x080002e0   0x00000004   Code   RO         5250    .ARM.Collect$$rtentry$$0000000A  c_w.l(__rtentry2.o)
    0x080002e4   0x00000000   Code   RO         5252    .ARM.Collect$$rtentry$$0000000C  c_w.l(__rtentry2.o)
    0x080002e4   0x00000008   Code   RO         5253    .ARM.Collect$$rtentry$$0000000D  c_w.l(__rtentry2.o)
    0x080002ec   0x00000002   Code   RO         5292    .ARM.Collect$$rtexit$$00000000  c_w.l(rtexit.o)
    0x080002ee   0x00000000   Code   RO         5342    .ARM.Collect$$rtexit$$00000002  c_w.l(rtexit2.o)
    0x080002ee   0x00000004   Code   RO         5343    .ARM.Collect$$rtexit$$00000003  c_w.l(rtexit2.o)
    0x080002f2   0x00000006   Code   RO         5344    .ARM.Collect$$rtexit$$00000004  c_w.l(rtexit2.o)
    0x080002f8   0x00000040   Code   RO          907    .text               startup_stm32f767xx.o
    0x08000338   0x00000002   Code   RO         5149    .text               c_w.l(use_no_semi_2.o)
    0x0800033a   0x00000026   Code   RO         5151    .text               c_w.l(llshl.o)
    0x08000360   0x00000026   Code   RO         5153    .text               c_w.l(llushr.o)
    0x08000386   0x00000002   PAD
    0x08000388   0x00000018   Code   RO         5157    .text               c_w.l(noretval__2printf.o)
    0x080003a0   0x0000004e   Code   RO         5161    .text               c_w.l(_printf_pad.o)
    0x080003ee   0x00000052   Code   RO         5163    .text               c_w.l(_printf_str.o)
    0x08000440   0x00000078   Code   RO         5165    .text               c_w.l(_printf_dec.o)
    0x080004b8   0x00000058   Code   RO         5170    .text               c_w.l(_printf_hex_int.o)
    0x08000510   0x00000188   Code   RO         5205    .text               c_w.l(__printf_flags_ss_wp.o)
    0x08000698   0x00000016   Code   RO         5214    .text               c_w.l(abort.o)
    0x080006ae   0x0000003e   Code   RO         5216    .text               c_w.l(strlen.o)
    0x080006ec   0x00000096   Code   RO         5218    .text               c_w.l(strncmp.o)
    0x08000782   0x0000008a   Code   RO         5220    .text               c_w.l(rt_memcpy_v6.o)
    0x0800080c   0x00000044   Code   RO         5222    .text               c_w.l(rt_memclr.o)
    0x08000850   0x0000004e   Code   RO         5224    .text               c_w.l(rt_memclr_w.o)
    0x0800089e   0x00000006   Code   RO         5226    .text               c_w.l(heapauxi.o)
    0x080008a4   0x00000002   Code   RO         5230    .text               c_w.l(use_no_semi.o)
    0x080008a6   0x000000b2   Code   RO         5233    .text               c_w.l(_printf_intcommon.o)
    0x08000958   0x0000002c   Code   RO         5235    .text               c_w.l(_printf_char.o)
    0x08000984   0x00000024   Code   RO         5237    .text               c_w.l(_printf_char_file.o)
    0x080009a8   0x0000000e   Code   RO         5240    .text               c_w.l(defsig_abrt_outer.o)
    0x080009b6   0x00000064   Code   RO         5244    .text               c_w.l(rt_memcpy_w.o)
    0x08000a1a   0x00000002   PAD
    0x08000a1c   0x00000030   Code   RO         5263    .text               c_w.l(_printf_char_common.o)
    0x08000a4c   0x00000008   Code   RO         5265    .text               c_w.l(ferror.o)
    0x08000a54   0x0000000a   Code   RO         5269    .text               c_w.l(defsig_exit.o)
    0x08000a5e   0x00000002   PAD
    0x08000a60   0x00000030   Code   RO         5271    .text               c_w.l(defsig_abrt_inner.o)
    0x08000a90   0x0000004a   Code   RO         5273    .text               c_w.l(sys_stackheap_outer.o)
    0x08000ada   0x00000012   Code   RO         5277    .text               c_w.l(exit.o)
    0x08000aec   0x00000032   Code   RO         5281    .text               c_w.l(defsig_general.o)
    0x08000b1e   0x00000002   PAD
    0x08000b20   0x00000008   Code   RO         5289    .text               c_w.l(libspace.o)
    0x08000b28   0x00000002   Code   RO          315    i.BusFault_Handler  stm32f7xx_it.o
    0x08000b2a   0x00000002   PAD
    0x08000b2c   0x00000084   Code   RO         4913    i.CAN1_Mode_Init    can.o
    0x08000bb0   0x00000054   Code   RO         4915    i.CAN1_Send_Msg     can.o
    0x08000c04   0x00000088   Code   RO         4230    i.Cache_Enable      sys.o
    0x08000c8c   0x00000002   Code   RO          316    i.DebugMon_Handler  stm32f7xx_it.o
    0x08000c8e   0x00000002   PAD
    0x08000c90   0x00000114   Code   RO         4067    i.HAL_CAN_ConfigFilter  stm32f7xx_hal_can.o
    0x08000da4   0x00000160   Code   RO         4073    i.HAL_CAN_Init      stm32f7xx_hal_can.o
    0x08000f04   0x00000068   Code   RO         4916    i.HAL_CAN_MspInit   can.o
    0x08000f6c   0x000001c4   Code   RO         4080    i.HAL_CAN_Transmit  stm32f7xx_hal_can.o
    0x08001130   0x00000024   Code   RO         1204    i.HAL_DMA_Abort_IT  stm32f7xx_hal_dma.o
    0x08001154   0x00000230   Code   RO         1333    i.HAL_GPIO_Init     stm32f7xx_hal_gpio.o
    0x08001384   0x0000000a   Code   RO         1337    i.HAL_GPIO_WritePin  stm32f7xx_hal_gpio.o
    0x0800138e   0x00000002   PAD
    0x08001390   0x0000000c   Code   RO          931    i.HAL_GetTick       stm32f7xx_hal.o
    0x0800139c   0x00000010   Code   RO          932    i.HAL_IncTick       stm32f7xx_hal.o
    0x080013ac   0x00000024   Code   RO          933    i.HAL_Init          stm32f7xx_hal.o
    0x080013d0   0x00000028   Code   RO          934    i.HAL_InitTick      stm32f7xx_hal.o
    0x080013f8   0x00000058   Code   RO         3571    i.HAL_LTDC_SetWindowPosition  stm32f7xx_hal_ltdc.o
    0x08001450   0x00000054   Code   RO         3573    i.HAL_LTDC_SetWindowSize  stm32f7xx_hal_ltdc.o
    0x080014a4   0x00000002   Code   RO          936    i.HAL_MspInit       stm32f7xx_hal.o
    0x080014a6   0x00000018   Code   RO         1088    i.HAL_NVIC_EnableIRQ  stm32f7xx_hal_cortex.o
    0x080014be   0x00000002   PAD
    0x080014c0   0x00000064   Code   RO         1094    i.HAL_NVIC_SetPriority  stm32f7xx_hal_cortex.o
    0x08001524   0x00000024   Code   RO         1095    i.HAL_NVIC_SetPriorityGrouping  stm32f7xx_hal_cortex.o
    0x08001548   0x0000007c   Code   RO         1526    i.HAL_PWREx_EnableOverDrive  stm32f7xx_hal_pwr_ex.o
    0x080015c4   0x00000184   Code   RO         1613    i.HAL_RCC_ClockConfig  stm32f7xx_hal_rcc.o
    0x08001748   0x00000030   Code   RO         1620    i.HAL_RCC_GetPCLK1Freq  stm32f7xx_hal_rcc.o
    0x08001778   0x00000030   Code   RO         1621    i.HAL_RCC_GetPCLK2Freq  stm32f7xx_hal_rcc.o
    0x080017a8   0x00000098   Code   RO         1622    i.HAL_RCC_GetSysClockFreq  stm32f7xx_hal_rcc.o
    0x08001840   0x000003c4   Code   RO         1716    i.HAL_RCC_OscConfig  stm32f7xx_hal_rcc_ex.o
    0x08001c04   0x00000016   Code   RO         1097    i.HAL_SYSTICK_CLKSourceConfig  stm32f7xx_hal_cortex.o
    0x08001c1a   0x00000002   PAD
    0x08001c1c   0x0000002c   Code   RO         1099    i.HAL_SYSTICK_Config  stm32f7xx_hal_cortex.o
    0x08001c48   0x00000032   Code   RO         2239    i.HAL_TIM_Base_Init  stm32f7xx_hal_tim.o
    0x08001c7a   0x00000002   Code   RO         2241    i.HAL_TIM_Base_MspInit  stm32f7xx_hal_tim.o
    0x08001c7c   0x00000018   Code   RO         2244    i.HAL_TIM_Base_Start_IT  stm32f7xx_hal_tim.o
    0x08001c94   0x00000002   Code   RO         1770    i.HAL_UART_ErrorCallback  stm32f7xx_hal_uart.o
    0x08001c96   0x00000002   PAD
    0x08001c98   0x000001c4   Code   RO         1773    i.HAL_UART_IRQHandler  stm32f7xx_hal_uart.o
    0x08001e5c   0x0000006e   Code   RO         1774    i.HAL_UART_Init     stm32f7xx_hal_uart.o
    0x08001eca   0x00000002   PAD
    0x08001ecc   0x00000090   Code   RO         4279    i.HAL_UART_MspInit  usart.o
    0x08001f5c   0x000000f0   Code   RO         1777    i.HAL_UART_Receive  stm32f7xx_hal_uart.o
    0x0800204c   0x00000002   Code   RO         1780    i.HAL_UART_RxCpltCallback  stm32f7xx_hal_uart.o
    0x0800204e   0x00000002   Code   RO         1785    i.HAL_UART_TxCpltCallback  stm32f7xx_hal_uart.o
    0x08002050   0x00000002   Code   RO          317    i.HardFault_Handler  stm32f7xx_it.o
    0x08002052   0x00000002   PAD
    0x08002054   0x00000058   Code   RO         4462    i.LCD_Clear         lcd.o
    0x080020ac   0x00000104   Code   RO         4466    i.LCD_Display_Dir   lcd.o
    0x080021b0   0x000000d0   Code   RO         4467    i.LCD_DrawLine      lcd.o
    0x08002280   0x0000003a   Code   RO         4469    i.LCD_DrawRectangle  lcd.o
    0x080022ba   0x00000002   PAD
    0x080022bc   0x000001e0   Code   RO         4470    i.LCD_Draw_Circle   lcd.o
    0x0800249c   0x00000260   Code   RO         4471    i.LCD_Fast_DrawPoint  lcd.o
    0x080026fc   0x00000078   Code   RO         4472    i.LCD_Fill          lcd.o
    0x08002774   0x000000d4   Code   RO         4477    i.LCD_ReadPoint     lcd.o
    0x08002848   0x0000031c   Code   RO         4480    i.LCD_Scan_Dir      lcd.o
    0x08002b64   0x000002bc   Code   RO         4481    i.LCD_SetCursor     lcd.o
    0x08002e20   0x0000011c   Code   RO         4483    i.LCD_ShowChar      lcd.o
    0x08002f3c   0x000000a4   Code   RO         4484    i.LCD_ShowNum       lcd.o
    0x08002fe0   0x00000062   Code   RO         4485    i.LCD_ShowString    lcd.o
    0x08003042   0x00000002   PAD
    0x08003044   0x000000b8   Code   RO         4486    i.LCD_ShowxNum      lcd.o
    0x080030fc   0x0000004c   Code   RO         4346    i.LED_Init          led.o
    0x08003148   0x00000020   Code   RO         4685    i.LTDC_Clear        ltdc.o
    0x08003168   0x00000028   Code   RO         4688    i.LTDC_Display_Dir  ltdc.o
    0x08003190   0x00000044   Code   RO         4689    i.LTDC_Draw_Point   ltdc.o
    0x080031d4   0x000000b8   Code   RO         4690    i.LTDC_Fill         ltdc.o
    0x0800328c   0x00000034   Code   RO         4693    i.LTDC_Layer_Switch  ltdc.o
    0x080032c0   0x00000024   Code   RO         4694    i.LTDC_Layer_Window_Config  ltdc.o
    0x080032e4   0x00000040   Code   RO         4696    i.LTDC_Read_Point   ltdc.o
    0x08003324   0x0000000c   Code   RO         4697    i.LTDC_Select_Layer  ltdc.o
    0x08003330   0x000001c4   Code   RO         3575    i.LTDC_SetConfig    stm32f7xx_hal_ltdc.o
    0x080034f4   0x00000024   Code   RO         4698    i.LTDC_Switch       ltdc.o
    0x08003518   0x00000002   Code   RO          318    i.NMI_Handler       stm32f7xx_it.o
    0x0800351a   0x00000002   Code   RO          319    i.PendSV_Handler    stm32f7xx_it.o
    0x0800351c   0x00000002   Code   RO          320    i.SVC_Handler       stm32f7xx_it.o
    0x0800351e   0x00000002   PAD
    0x08003520   0x000000a0   Code   RO         4233    i.Stm32_Clock_Init  sys.o
    0x080035c0   0x00000004   Code   RO          321    i.SysTick_Handler   stm32f7xx_it.o
    0x080035c4   0x00000058   Code   RO          388    i.SystemInit        system_stm32f7xx.o
    0x0800361c   0x00000034   Code   RO         4958    i.TIM4_IRQHandler   usmart.o
    0x08003650   0x000000c4   Code   RO         2323    i.TIM_Base_SetConfig  stm32f7xx_hal_tim.o
    0x08003714   0x000000da   Code   RO         1787    i.UART_AdvFeatureConfig  stm32f7xx_hal_uart.o
    0x080037ee   0x00000060   Code   RO         1788    i.UART_CheckIdleState  stm32f7xx_hal_uart.o
    0x0800384e   0x00000014   Code   RO         1789    i.UART_DMAAbortOnError  stm32f7xx_hal_uart.o
    0x08003862   0x0000007c   Code   RO         1795    i.UART_Receive_IT   stm32f7xx_hal_uart.o
    0x080038de   0x00000002   PAD
    0x080038e0   0x000002a8   Code   RO         1796    i.UART_SetConfig    stm32f7xx_hal_uart.o
    0x08003b88   0x00000074   Code   RO         1797    i.UART_WaitOnFlagUntilTimeout  stm32f7xx_hal_uart.o
    0x08003bfc   0x00000078   Code   RO         4280    i.USART1_IRQHandler  usart.o
    0x08003c74   0x00000002   Code   RO          322    i.UsageFault_Handler  stm32f7xx_it.o
    0x08003c76   0x00000008   Code   RO          657    i.__ARM_common_memclr4_6  uavcan.o
    0x08003c7e   0x0000000a   Code   RO          655    i.__ARM_common_memclr4_7  uavcan.o
    0x08003c88   0x0000000e   Code   RO         5198    i._is_digit         c_w.l(__printf_wp.o)
    0x08003c96   0x00000002   Code   RO         4281    i._sys_exit         usart.o
    0x08003c98   0x00000002   Code   RO         4282    i._ttywrch          usart.o
    0x08003c9a   0x000002e8   Code   RO          683    i.canardDecodeScalar  canard.o
    0x08003f82   0x000000be   Code   RO          684    i.canardEncodeScalar  canard.o
    0x08004040   0x0000006e   Code   RO          689    i.canardInit        canard.o
    0x080040ae   0x0000009c   Code   RO          693    i.canardRequestOrRespond  canard.o
    0x0800414a   0x00000002   PAD
    0x0800414c   0x000001cc   Code   RO          856    i.canardSTM32Init   canard_stm32.o
    0x08004318   0x00000016   Code   RO          694    i.canardSetLocalNodeID  canard.o
    0x0800432e   0x00000086   Code   RO          695    i.copyBitArray      canard.o
    0x080043b4   0x00000038   Code   RO          696    i.crcAdd            canard.o
    0x080043ec   0x0000004a   Code   RO          697    i.crcAddSignature   canard.o
    0x08004436   0x00000038   Code   RO          699    i.createTxItem      canard.o
    0x0800446e   0x00000002   PAD
    0x08004470   0x00000014   Code   RO         4191    i.delay_init        delay.o
    0x08004484   0x0000004c   Code   RO         4192    i.delay_ms          delay.o
    0x080044d0   0x00000034   Code   RO         4193    i.delay_us          delay.o
    0x08004504   0x00000128   Code   RO          547    i.encodeParamCanard  uavcan.o
    0x0800462c   0x0000012c   Code   RO          700    i.enqueueTxFrames   canard.o
    0x08004758   0x00000014   Code   RO         4283    i.fputc             usart.o
    0x0800476c   0x0000009c   Code   RO          548    i.getNodeInfoHandleCanard  uavcan.o
    0x08004808   0x0000015c   Code   RO          549    i.getsetHandleCanard  uavcan.o
    0x08004964   0x00000070   Code   RO            4    i.main              main.o
    0x080049d4   0x00000060   Code   RO          550    i.makeNodeInfoMessage  uavcan.o
    0x08004a34   0x0000004c   Code   RO          551    i.makeNodeStatusMessage  uavcan.o
    0x08004a80   0x00000058   Code   RO          552    i.onTransferReceived  uavcan.o
    0x08004ad8   0x00000090   Code   RO          701    i.pushTxQueue       canard.o
    0x08004b68   0x00000004   Code   RO         4960    i.read_addr         usmart.o
    0x08004b6c   0x00000054   Code   RO          558    i.shouldAcceptTransfer  uavcan.o
    0x08004bc0   0x00000024   Code   RO         4284    i.uart_init         usart.o
    0x08004be4   0x00000120   Code   RO          561    i.uavcanInit        uavcan.o
    0x08004d04   0x000000b0   Code   RO         4961    i.usmart_cmd_rec    usmart.o
    0x08004db4   0x000002b8   Code   RO         4962    i.usmart_exe        usmart.o
    0x0800506c   0x000000ae   Code   RO         5045    i.usmart_get_aparm  usmart_str.o
    0x0800511a   0x00000046   Code   RO         5046    i.usmart_get_cmdname  usmart_str.o
    0x08005160   0x000001b0   Code   RO         5047    i.usmart_get_fname  usmart_str.o
    0x08005310   0x0000012c   Code   RO         5048    i.usmart_get_fparam  usmart_str.o
    0x0800543c   0x00000028   Code   RO         5049    i.usmart_get_parmpos  usmart_str.o
    0x08005464   0x0000006c   Code   RO         4964    i.usmart_init       usmart.o
    0x080054d0   0x000000ac   Code   RO         4966    i.usmart_scan       usmart.o
    0x0800557c   0x000000f8   Code   RO         5052    i.usmart_str2num    usmart_str.o
    0x08005674   0x0000001a   Code   RO         5053    i.usmart_strcmp     usmart_str.o
    0x0800568e   0x00000002   PAD
    0x08005690   0x00000698   Code   RO         4967    i.usmart_sys_cmd_exe  usmart.o
    0x08005d28   0x00000004   Code   RO         4968    i.write_addr        usmart.o
    0x08005d2c   0x0000000a   Code   RO         5366    x$fpl$fpinit        fz_wv.l(fpinit.o)
    0x08005d36   0x00000002   PAD
    0x08005d38   0x00000008   Data   RO            5    .constdata          main.o
    0x08005d40   0x00000010   Data   RO          389    .constdata          system_stm32f7xx.o
    0x08005d50   0x00000008   Data   RO          390    .constdata          system_stm32f7xx.o
    0x08005d58   0x00004740   Data   RO         4494    .constdata          lcd.o
    0x0800a498   0x00000028   Data   RO         5171    .constdata          c_w.l(_printf_hex_int.o)
    0x0800a4c0   0x00000011   Data   RO         5206    .constdata          c_w.l(__printf_flags_ss_wp.o)
    0x0800a4d1   0x00000003   PAD
    0x0800a4d4   0x00000017   Data   RO          564    .conststring        uavcan.o
    0x0800a4eb   0x00000001   PAD
    0x0800a4ec   0x00000028   Data   RO         4970    .conststring        usmart.o
    0x0800a514   0x000003fb   Data   RO         5124    .conststring        usmart_config.o
    0x0800a90f   0x00000001   PAD
    0x0800a910   0x00000020   Data   RO         5400    Region$$Table       anon$$obj.o


    Execution Region RW_IRAM1 (Base: 0x20020000, Size: 0x00001040, Max: 0x00060000, ABSOLUTE, COMPRESSED[0x000000f4])

    Base Addr    Size         Type   Attr      Idx    E Section Name        Object

    0x20020000   0x00000004   Data   RW          391    .data               system_stm32f7xx.o
    0x20020004   0x00000004   PAD
    0x20020008   0x00000088   Data   RW          565    .data               uavcan.o
    0x20020090   0x00000001   Data   RW          861    .data               canard_stm32.o
    0x20020091   0x00000003   PAD
    0x20020094   0x00000004   Data   RW          939    .data               stm32f7xx_hal.o
    0x20020098   0x00000004   Data   RW         4194    .data               delay.o
    0x2002009c   0x00000002   Data   RW         4286    .data               usart.o
    0x2002009e   0x00000002   PAD
    0x200200a0   0x00000004   Data   RW         4287    .data               usart.o
    0x200200a4   0x00000008   Data   RW         4495    .data               lcd.o
    0x200200ac   0x00000008   Data   RW         4702    .data               ltdc.o
    0x200200b4   0x0000001c   Data   RW         4971    .data               usmart.o
    0x200200d0   0x000000c0   Data   RW         5125    .data               usmart_config.o
    0x20020190   0x000000f4   Data   RW         5126    .data               usmart_config.o
    0x20020284   0x00000430   Zero   RW          562    .bss                uavcan.o
    0x200206b4   0x00000004   PAD
    0x200206b8   0x00000010   Zero   RW          859    .bss                canard_stm32.o
    0x200206c8   0x00000138   Zero   RW         4285    .bss                usart.o
    0x20020800   0x0000005a   Zero   RW         4493    .bss                lcd.o
    0x2002085a   0x00000002   PAD
    0x2002085c   0x000000c8   Zero   RW         4700    .bss                ltdc.o
    0x20020924   0x00000080   Zero   RW         4917    .bss                can.o
    0x200209a4   0x0000003c   Zero   RW         4969    .bss                usmart.o
    0x200209e0   0x00000060   Zero   RW         5290    .bss                c_w.l(libspace.o)
    0x20020a40   0x00000200   Zero   RW          905    HEAP                startup_stm32f767xx.o
    0x20020c40   0x00000400   Zero   RW          904    STACK               startup_stm32f767xx.o



  Load Region LR$$.ARM.__AT_0xC0000000 (Base: 0xc0000000, Size: 0x00000000, Max: 0x001f4000, ABSOLUTE)

    Execution Region ER$$.ARM.__AT_0xC0000000 (Base: 0xc0000000, Size: 0x001f4000, Max: 0x001f4000, ABSOLUTE, UNINIT)

    Base Addr    Size         Type   Attr      Idx    E Section Name        Object

    0xc0000000   0x001f4000   Zero   RW         4699    .ARM.__AT_0xC0000000  ltdc.o


==============================================================================

Image component sizes


      Code (inc. data)   RO Data    RW Data    ZI Data      Debug   Object Name

       320         28          0          0        128       3114   can.o
      1986          0          0          0          0      22297   canard.o
       460         62          0          1         16      11486   canard_stm32.o
       148         16          0          4          0       2763   delay.o
      4260        164      18240          8         90      29769   lcd.o
        76          8          0          0          0        927   led.o
       524         64          0          8    2048200       8101   ltdc.o
       112          8          8          0          0     460111   main.o
        64         26        504          0       1536        852   startup_stm32f767xx.o
       106         22          0          4          0       3949   stm32f7xx_hal.o
      1080         24          0          0          0       3797   stm32f7xx_hal_can.o
       226         18          0          0          0      35669   stm32f7xx_hal_cortex.o
        36          0          0          0          0       1615   stm32f7xx_hal_dma.o
       570         16          0          0          0       2748   stm32f7xx_hal_gpio.o
       624          0          0          0          0       3190   stm32f7xx_hal_ltdc.o
       124         10          0          0          0       1360   stm32f7xx_hal_pwr_ex.o
       636         64          0          0          0       3994   stm32f7xx_hal_rcc.o
       964         22          0          0          0       2152   stm32f7xx_hal_rcc_ex.o
       272         20          0          0          0       4940   stm32f7xx_hal_tim.o
      2062         40          0          0          0      11339   stm32f7xx_hal_uart.o
        18          0          0          0          0       3806   stm32f7xx_it.o
       296         28          0          0          0      33633   sys.o
        88         24         24          4          0       1183   system_stm32f7xx.o
      1450        114         23        136       1072      18500   uavcan.o
       324         38          0          6        312       5554   usart.o
      2900       1342         40         28         60       7579   usmart.o
         0          0       1019        436          0       1676   usmart_config.o
      1290         18          0          0          0       9259   usmart_str.o

    ----------------------------------------------------------------------
     21046       2176      19892        644    2051420     695363   Object Totals
         0          0         32          0          0          0   (incl. Generated)
        30          0          2          9          6          0   (incl. Padding)

    ----------------------------------------------------------------------

      Code (inc. data)   RO Data    RW Data    ZI Data      Debug   Library Member Name

        90          0          0          0          0          0   __dczerorl2.o
         8          0          0          0          0         68   __main.o
       392          4         17          0          0         92   __printf_flags_ss_wp.o
        14          0          0          0          0         68   __printf_wp.o
         0          0          0          0          0          0   __rtentry.o
        12          0          0          0          0          0   __rtentry2.o
         6          0          0          0          0          0   __rtentry4.o
        52          8          0          0          0          0   __scatter.o
        28          0          0          0          0          0   __scatter_zi.o
         6          0          0          0          0          0   _printf_c.o
        44          0          0          0          0        108   _printf_char.o
        48          6          0          0          0         96   _printf_char_common.o
        36          4          0          0          0         80   _printf_char_file.o
         6          0          0          0          0          0   _printf_d.o
       120         16          0          0          0         92   _printf_dec.o
        88          4         40          0          0         88   _printf_hex_int.o
       178          0          0          0          0         88   _printf_intcommon.o
        78          0          0          0          0        108   _printf_pad.o
         0          0          0          0          0          0   _printf_percent.o
         4          0          0          0          0          0   _printf_percent_end.o
         6          0          0          0          0          0   _printf_s.o
        82          0          0          0          0         80   _printf_str.o
         6          0          0          0          0          0   _printf_u.o
         6          0          0          0          0          0   _printf_x.o
        22          0          0          0          0         80   abort.o
        48         34          0          0          0         76   defsig_abrt_inner.o
        14          0          0          0          0         80   defsig_abrt_outer.o
        10          0          0          0          0         68   defsig_exit.o
        50          0          0          0          0         88   defsig_general.o
        18          0          0          0          0         80   exit.o
         8          0          0          0          0         68   ferror.o
         6          0          0          0          0        152   heapauxi.o
         2          0          0          0          0          0   libinit.o
         6          0          0          0          0          0   libinit2.o
         2          0          0          0          0          0   libshutdown.o
         2          0          0          0          0          0   libshutdown2.o
         8          4          0          0         96         68   libspace.o
        38          0          0          0          0         68   llshl.o
        38          0          0          0          0         68   llushr.o
        24          4          0          0          0         84   noretval__2printf.o
        68          0          0          0          0         68   rt_memclr.o
        78          0          0          0          0         80   rt_memclr_w.o
       138          0          0          0          0         68   rt_memcpy_v6.o
       100          0          0          0          0         80   rt_memcpy_w.o
         2          0          0          0          0          0   rtexit.o
        10          0          0          0          0          0   rtexit2.o
        62          0          0          0          0         76   strlen.o
       150          0          0          0          0         80   strncmp.o
        74          0          0          0          0         80   sys_stackheap_outer.o
         2          0          0          0          0         68   use_no_semi.o
         2          0          0          0          0         68   use_no_semi_2.o
        10          0          0          0          0        116   fpinit.o

    ----------------------------------------------------------------------
      2314         84         60          0         96       2732   Library Totals
        12          0          3          0          0          0   (incl. Padding)

    ----------------------------------------------------------------------

      Code (inc. data)   RO Data    RW Data    ZI Data      Debug   Library Name

      2292         84         57          0         96       2616   c_w.l
        10          0          0          0          0        116   fz_wv.l

    ----------------------------------------------------------------------
      2314         84         60          0         96       2732   Library Totals

    ----------------------------------------------------------------------

==============================================================================


      Code (inc. data)   RO Data    RW Data    ZI Data      Debug   

     23360       2260      19952        644    2051516     684739   Grand Totals
     23360       2260      19952        244    2051516     684739   ELF Image Totals (compressed)
     23360       2260      19952        244          0          0   ROM Totals

==============================================================================

    Total RO  Size (Code + RO Data)                43312 (  42.30kB)
    Total RW  Size (RW Data + ZI Data)           2052160 (2004.06kB)
    Total ROM Size (Code + RO Data + RW Data)      43556 (  42.54kB)

==============================================================================

