Component: ARM Compiler 5.06 update 3 (build 300) Tool: armlink [4d35c9]

==============================================================================

Section Cross References

    main.o(i.main) refers to stm32f1xx_hal.o(i.HAL_Init) for HAL_Init
    main.o(i.main) refers to sys.o(i.Stm32_Clock_Init) for Stm32_Clock_Init
    main.o(i.main) refers to delay.o(i.delay_init) for delay_init
    main.o(i.main) refers to usart.o(i.uart_init) for uart_init
    main.o(i.main) refers to led.o(i.LED_Init) for LED_Init
    main.o(i.main) refers to key.o(i.KEY_Init) for KEY_Init
    main.o(i.main) refers to can.o(i.CAN1_Mode_Init) for CAN1_Mode_Init
    main.o(i.main) refers to can.o(i.CAN_Config) for CAN_Config
    main.o(i.main) refers to uavcan.o(i.uavcanInit) for uavcanInit
    main.o(i.main) refers to key.o(i.KEY_Scan) for KEY_Scan
    main.o(i.main) refers to delay.o(i.delay_ms) for delay_ms
    main.o(i.main) refers to uavcan.o(i.receiveCanard) for receiveCanard
    main.o(i.main) refers to usmart_config.o(.data) for usmart_dev
    stm32f1xx_it.o(i.SysTick_Handler) refers to stm32f1xx_hal.o(i.HAL_IncTick) for HAL_IncTick
    system_stm32f1xx.o(i.SystemCoreClockUpdate) refers to system_stm32f1xx.o(.data) for SystemCoreClock
    system_stm32f1xx.o(i.SystemCoreClockUpdate) refers to system_stm32f1xx.o(.constdata) for AHBPrescTable
    uavcan.o(i.MypublishCanard) refers to canard.o(i.singleCanardBroadcast) for singleCanardBroadcast
    uavcan.o(i.MypublishCanard) refers to uavcan.o(.constdata) for .constdata
    uavcan.o(i.MypublishCanard) refers to uavcan.o(.data) for transfer_id
    uavcan.o(i.MypublishCanard) refers to uavcan.o(.bss) for g_canard
    uavcan.o(i.canardSTM32ComputeCANTimings) refers to assert.o(.text) for __aeabi_assert
    uavcan.o(i.encodeParamCanard) refers to canard.o(i.canardEncodeScalar) for canardEncodeScalar
    uavcan.o(i.encodeParamCanard) refers to strlen.o(.text) for strlen
    uavcan.o(i.encodeParamCanard) refers to rt_memcpy_v6.o(.text) for __aeabi_memcpy
    uavcan.o(i.getNodeInfoHandleCanard) refers to rt_memclr_w.o(.text) for __aeabi_memclr4
    uavcan.o(i.getNodeInfoHandleCanard) refers to uavcan.o(i.makeNodeInfoMessage) for makeNodeInfoMessage
    uavcan.o(i.getNodeInfoHandleCanard) refers to canard.o(i.canardRequestOrRespond) for canardRequestOrRespond
    uavcan.o(i.getNodeInfoHandleCanard) refers to uavcan.o(.bss) for g_canard
    uavcan.o(i.getsetHandleCanard) refers to canard.o(i.canardDecodeScalar) for canardDecodeScalar
    uavcan.o(i.getsetHandleCanard) refers to strlen.o(.text) for strlen
    uavcan.o(i.getsetHandleCanard) refers to strncmp.o(.text) for strncmp
    uavcan.o(i.getsetHandleCanard) refers to rt_memclr_w.o(.text) for __aeabi_memclr4
    uavcan.o(i.getsetHandleCanard) refers to uavcan.o(i.encodeParamCanard) for encodeParamCanard
    uavcan.o(i.getsetHandleCanard) refers to canard.o(i.canardRequestOrRespond) for canardRequestOrRespond
    uavcan.o(i.getsetHandleCanard) refers to uavcan.o(.data) for parameters
    uavcan.o(i.getsetHandleCanard) refers to uavcan.o(.bss) for g_canard
    uavcan.o(i.makeNodeInfoMessage) refers to rt_memclr.o(.text) for __aeabi_memclr
    uavcan.o(i.makeNodeInfoMessage) refers to uavcan.o(i.makeNodeStatusMessage) for makeNodeStatusMessage
    uavcan.o(i.makeNodeInfoMessage) refers to canard.o(i.canardEncodeScalar) for canardEncodeScalar
    uavcan.o(i.makeNodeInfoMessage) refers to uavcan.o(i.readUniqueID) for readUniqueID
    uavcan.o(i.makeNodeInfoMessage) refers to rt_memcpy_v6.o(.text) for __aeabi_memcpy
    uavcan.o(i.makeNodeStatusMessage) refers to stm32f1xx_hal.o(i.HAL_GetTick) for HAL_GetTick
    uavcan.o(i.makeNodeStatusMessage) refers to canard.o(i.canardEncodeScalar) for canardEncodeScalar
    uavcan.o(i.onTransferReceived) refers to uavcan.o(i.getNodeInfoHandleCanard) for getNodeInfoHandleCanard
    uavcan.o(i.onTransferReceived) refers to uavcan.o(i.rawcmdHandleCanard) for rawcmdHandleCanard
    uavcan.o(i.onTransferReceived) refers to uavcan.o(i.getsetHandleCanard) for getsetHandleCanard
    uavcan.o(i.publishCanard) refers to stm32f1xx_hal.o(i.HAL_GetTick) for HAL_GetTick
    uavcan.o(i.publishCanard) refers to rt_memclr_w.o(.text) for __aeabi_memclr4
    uavcan.o(i.publishCanard) refers to fflt_clz.o(x$fpl$ffltu) for __aeabi_ui2f
    uavcan.o(i.publishCanard) refers to canard.o(i.canardEncodeScalar) for canardEncodeScalar
    uavcan.o(i.publishCanard) refers to canard.o(i.canardBroadcast) for canardBroadcast
    uavcan.o(i.publishCanard) refers to fflt_clz.o(x$fpl$fflt) for __aeabi_i2f
    uavcan.o(i.publishCanard) refers to uavcan.o(.data) for publish_time
    uavcan.o(i.publishCanard) refers to uavcan.o(.constdata) for sine_wave
    uavcan.o(i.publishCanard) refers to uavcan.o(.bss) for g_canard
    uavcan.o(i.rawcmdHandleCanard) refers to canard.o(i.canardDecodeScalar) for canardDecodeScalar
    uavcan.o(i.rawcmdHandleCanard) refers to uavcan.o(.bss) for rc_pwm
[...]
    _printf_input_char                       0x080009d9   Thumb Code    10  _printf_char_common.o(.text)
    .text                                    0x08000a08   Section        0  ferror.o(.text)
    .text                                    0x08000a10   Section        0  defsig_abrt_outer.o(.text)
    .text                                    0x08000a1e   Section       74  sys_stackheap_outer.o(.text)
    .text                                    0x08000a68   Section        0  exit.o(.text)
    .text                                    0x08000a7a   Section        0  defsig_exit.o(.text)
    .text                                    0x08000a84   Section        0  defsig_abrt_inner.o(.text)
    .text                                    0x08000ab4   Section        8  libspace.o(.text)
    .text                                    0x08000abc   Section        0  defsig_general.o(.text)
    i.BusFault_Handler                       0x08000aee   Section        0  stm32f1xx_it.o(i.BusFault_Handler)
    i.CAN1_Mode_Init                         0x08000af4   Section        0  can.o(i.CAN1_Mode_Init)
    i.CAN_Config                             0x08000b54   Section        0  can.o(i.CAN_Config)
    i.DebugMon_Handler                       0x08000bc4   Section        0  stm32f1xx_it.o(i.DebugMon_Handler)
    i.HAL_CAN_ActivateNotification           0x08000bc6   Section        0  stm32f1xx_hal_can.o(i.HAL_CAN_ActivateNotification)
    i.HAL_CAN_ConfigFilter                   0x08000bf0   Section        0  stm32f1xx_hal_can.o(i.HAL_CAN_ConfigFilter)
    i.HAL_CAN_Init                           0x08000cfa   Section        0  stm32f1xx_hal_can.o(i.HAL_CAN_Init)
    i.HAL_CAN_MspInit                        0x08000e70   Section        0  can.o(i.HAL_CAN_MspInit)
    i.HAL_CAN_Start                          0x08000efc   Section        0  stm32f1xx_hal_can.o(i.HAL_CAN_Start)
    i.HAL_DMA_Abort_IT                       0x08000f5c   Section        0  stm32f1xx_hal_dma.o(i.HAL_DMA_Abort_IT)
    i.HAL_GPIO_Init                          0x08001104   Section        0  stm32f1xx_hal_gpio.o(i.HAL_GPIO_Init)
    i.HAL_GPIO_ReadPin                       0x08001444   Section        0  stm32f1xx_hal_gpio.o(i.HAL_GPIO_ReadPin)
    i.HAL_GPIO_WritePin                      0x08001454   Section        0  stm32f1xx_hal_gpio.o(i.HAL_GPIO_WritePin)
    i.HAL_GetTick                            0x08001460   Section        0  stm32f1xx_hal.o(i.HAL_GetTick)
    i.HAL_IncTick                            0x0800146c   Section        0  stm32f1xx_hal.o(i.HAL_IncTick)
    i.HAL_Init                               0x08001484   Section        0  stm32f1xx_hal.o(i.HAL_Init)
    i.HAL_InitTick                           0x080014ac   Section        0  stm32f1xx_hal.o(i.HAL_InitTick)
    i.HAL_MspInit                            0x080014f8   Section        0  stm32f1xx_hal_msp.o(i.HAL_MspInit)
    i.HAL_NVIC_EnableIRQ                     0x080014fa   Section        0  stm32f1xx_hal_cortex.o(i.HAL_NVIC_EnableIRQ)
    i.HAL_NVIC_SetPriority                   0x0800151a   Section        0  stm32f1xx_hal_cortex.o(i.HAL_NVIC_SetPriority)
    i.HAL_NVIC_SetPriorityGrouping           0x08001598   Section        0  stm32f1xx_hal_cortex.o(i.HAL_NVIC_SetPriorityGrouping)
    i.HAL_RCC_ClockConfig                    0x080015c0   Section        0  stm32f1xx_hal_rcc.o(i.HAL_RCC_ClockConfig)
    i.HAL_RCC_GetHCLKFreq                    0x0800174c   Section        0  stm32f1xx_hal_rcc.o(i.HAL_RCC_GetHCLKFreq)
    i.HAL_RCC_GetPCLK1Freq                   0x08001758   Section        0  stm32f1xx_hal_rcc.o(i.HAL_RCC_GetPCLK1Freq)
    i.HAL_RCC_GetPCLK2Freq                   0x08001778   Section        0  stm32f1xx_hal_rcc.o(i.HAL_RCC_GetPCLK2Freq)
    i.HAL_RCC_GetSysClockFreq                0x08001798   Section        0  stm32f1xx_hal_rcc.o(i.HAL_RCC_GetSysClockFreq)
    i.HAL_RCC_OscConfig                      0x0800182c   Section        0  stm32f1xx_hal_rcc.o(i.HAL_RCC_OscConfig)
    i.HAL_SYSTICK_CLKSourceConfig            0x08001c90   Section        0  stm32f1xx_hal_cortex.o(i.HAL_SYSTICK_CLKSourceConfig)
    i.HAL_SYSTICK_Config                     0x08001cb8   Section        0  stm32f1xx_hal_cortex.o(i.HAL_SYSTICK_Config)
    i.HAL_TIM_Base_Init                      0x08001cec   Section        0  stm32f1xx_hal_tim.o(i.HAL_TIM_Base_Init)
    i.HAL_TIM_Base_MspInit                   0x08001d20   Section        0  stm32f1xx_hal_tim.o(i.HAL_TIM_Base_MspInit)
    i.HAL_TIM_Base_Start_IT                  0x08001d22   Section        0  stm32f1xx_hal_tim.o(i.HAL_TIM_Base_Start_IT)
    i.HAL_UART_ErrorCallback                 0x08001d4c   Section        0  stm32f1xx_hal_uart.o(i.HAL_UART_ErrorCallback)
    i.HAL_UART_GetState                      0x08001d4e   Section        0  stm32f1xx_hal_uart.o(i.HAL_UART_GetState)
    i.HAL_UART_IRQHandler                    0x08001d64   Section        0  stm32f1xx_hal_uart.o(i.HAL_UART_IRQHandler)
    i.HAL_UART_Init                          0x08001eb0   Section        0  stm32f1xx_hal_uart.o(i.HAL_UART_Init)
    i.HAL_UART_MspInit                       0x08001f24   Section        0  usart.o(i.HAL_UART_MspInit)
    i.HAL_UART_Receive_IT                    0x08001fcc   Section        0  stm32f1xx_hal_uart.o(i.HAL_UART_Receive_IT)
    i.HAL_UART_RxCpltCallback                0x0800203c   Section        0  usart.o(i.HAL_UART_RxCpltCallback)
    i.HAL_UART_TxCpltCallback                0x080020c4   Section        0  stm32f1xx_hal_uart.o(i.HAL_UART_TxCpltCallback)
    i.HardFault_Handler                      0x080020c6   Section        0  stm32f1xx_it.o(i.HardFault_Handler)
    i.KEY_Init                               0x080020cc   Section        0  key.o(i.KEY_Init)
    i.KEY_Scan                               0x08002148   Section        0  key.o(i.KEY_Scan)
    i.LED_Init                               0x080021ec   Section        0  led.o(i.LED_Init)
    i.MemManage_Handler                      0x0800226c   Section        0  stm32f1xx_it.o(i.MemManage_Handler)
    i.NMI_Handler                            0x08002270   Section        0  stm32f1xx_it.o(i.NMI_Handler)
    i.PendSV_Handler                         0x08002272   Section        0  stm32f1xx_it.o(i.PendSV_Handler)
    i.RCC_Delay                              0x08002274   Section        0  stm32f1xx_hal_rcc.o(i.RCC_Delay)
    RCC_Delay                                0x08002275   Thumb Code    36  stm32f1xx_hal_rcc.o(i.RCC_Delay)
    i.SVC_Handler                            0x0800229c   Section        0  stm32f1xx_it.o(i.SVC_Handler)
    i.Stm32_Clock_Init                       0x0800229e   Section        0  sys.o(i.Stm32_Clock_Init)
    i.SysTick_Handler                        0x080022f4   Section        0  stm32f1xx_it.o(i.SysTick_Handler)
    i.SystemInit                             0x080022fc   Section        0  system_stm32f1xx.o(i.SystemInit)
    i.TIM4_IRQHandler                        0x08002354   Section        0  usmart.o(i.TIM4_IRQHandler)
    i.TIM_Base_SetConfig                     0x08002398   Section        0  stm32f1xx_hal_tim.o(i.TIM_Base_SetConfig)
    i.Timer4_Init                            0x08002434   Section        0  usmart.o(i.Timer4_Init)
    i.UART_DMAAbortOnError                   0x08002490   Section        0  stm32f1xx_hal_uart.o(i.UART_DMAAbortOnError)
    UART_DMAAbortOnError                     0x08002491   Thumb Code    20  stm32f1xx_hal_uart.o(i.UART_DMAAbortOnError)
    i.UART_EndRxTransfer                     0x080024a4   Section        0  stm32f1xx_hal_uart.o(i.UART_EndRxTransfer)
    UART_EndRxTransfer                       0x080024a5   Thumb Code    32  stm32f1xx_hal_uart.o(i.UART_EndRxTransfer)
    i.UART_EndTransmit_IT                    0x080024c4   Section        0  stm32f1xx_hal_uart.o(i.UART_EndTransmit_IT)
    UART_EndTransmit_IT                      0x080024c5   Thumb Code    32  stm32f1xx_hal_uart.o(i.UART_EndTransmit_IT)
    i.UART_Receive_IT                        0x080024e4   Section        0  stm32f1xx_hal_uart.o(i.UART_Receive_IT)
    UART_Receive_IT                          0x080024e5   Thumb Code   166  stm32f1xx_hal_uart.o(i.UART_Receive_IT)
    i.UART_SetConfig                         0x0800258c   Section        0  stm32f1xx_hal_uart.o(i.UART_SetConfig)
    UART_SetConfig                           0x0800258d   Thumb Code   412  stm32f1xx_hal_uart.o(i.UART_SetConfig)
    i.UART_Transmit_IT                       0x0800272c   Section        0  stm32f1xx_hal_uart.o(i.UART_Transmit_IT)
    UART_Transmit_IT                         0x0800272d   Thumb Code   104  stm32f1xx_hal_uart.o(i.UART_Transmit_IT)
    i.USART1_IRQHandler                      0x08002794   Section        0  usart.o(i.USART1_IRQHandler)
    i.UsageFault_Handler                     0x080027d4   Section        0  stm32f1xx_it.o(i.UsageFault_Handler)
    i.__NVIC_GetPriorityGrouping             0x080027d8   Section        0  stm32f1xx_hal_cortex.o(i.__NVIC_GetPriorityGrouping)
    __NVIC_GetPriorityGrouping               0x080027d9   Thumb Code    10  stm32f1xx_hal_cortex.o(i.__NVIC_GetPriorityGrouping)
    i.__NVIC_SetPriority                     0x080027e8   Section        0  stm32f1xx_hal_cortex.o(i.__NVIC_SetPriority)
    __NVIC_SetPriority                       0x080027e9   Thumb Code    32  stm32f1xx_hal_cortex.o(i.__NVIC_SetPriority)
    i._is_digit                              0x08002810   Section        0  __printf_wp.o(i._is_digit)
    i._sys_exit                              0x0800281e   Section        0  usart.o(i._sys_exit)
    i._ttywrch                               0x08002822   Section        0  usart.o(i._ttywrch)
    i.allocateBlock                          0x08002826   Section        0  canard.o(i.allocateBlock)
    allocateBlock                            0x08002827   Thumb Code    40  canard.o(i.allocateBlock)
    i.canardDecodeScalar                     0x08002850   Section        0  canard.o(i.canardDecodeScalar)
    i.canardEncodeScalar                     0x08002ba4   Section        0  canard.o(i.canardEncodeScalar)
    i.canardGetLocalNodeID                   0x08002d08   Section        0  canard.o(i.canardGetLocalNodeID)
    i.canardInit                             0x08002d10   Section        0  canard.o(i.canardInit)
    i.canardRequestOrRespond                 0x08002d94   Section        0  canard.o(i.canardRequestOrRespond)
    i.canardSTM32ComputeCANTimings           0x08002e38   Section        0  uavcan.o(i.canardSTM32ComputeCANTimings)
    canardSTM32ComputeCANTimings             0x08002e39   Thumb Code   290  uavcan.o(i.canardSTM32ComputeCANTimings)
    i.canardSTM32Init                        0x08002fec   Section        0  canard_stm32.o(i.canardSTM32Init)
    i.canardSTM32Receive                     0x08003210   Section        0  canard_stm32.o(i.canardSTM32Receive)
    i.canardSetLocalNodeID                   0x080032bc   Section        0  canard.o(i.canardSetLocalNodeID)
    i.computeTransferIDForwardDistance       0x0800331c   Section        0  canard.o(i.computeTransferIDForwardDistance)
    computeTransferIDForwardDistance         0x0800331d   Thumb Code    16  canard.o(i.computeTransferIDForwardDistance)
    i.convertFrameIDRegisterToCanard         0x0800332c   Section        0  canard_stm32.o(i.convertFrameIDRegisterToCanard)
    convertFrameIDRegisterToCanard           0x0800332d   Thumb Code    44  canard_stm32.o(i.convertFrameIDRegisterToCanard)
    i.copyBitArray                           0x08003358   Section        0  canard.o(i.copyBitArray)
    copyBitArray                             0x08003359   Thumb Code   178  canard.o(i.copyBitArray)
    i.crcAdd                                 0x0800343c   Section        0  canard.o(i.crcAdd)
    crcAdd                                   0x0800343d   Thumb Code    34  canard.o(i.crcAdd)
    i.crcAddByte                             0x0800345e   Section        0  canard.o(i.crcAddByte)
    crcAddByte                               0x0800345f   Thumb Code    52  canard.o(i.crcAddByte)
    i.crcAddSignature                        0x08003492   Section        0  canard.o(i.crcAddSignature)
    crcAddSignature                          0x08003493   Thumb Code    58  canard.o(i.crcAddSignature)
    i.createRxState                          0x080034cc   Section        0  canard.o(i.createRxState)
    createRxState                            0x080034cd   Thumb Code    48  canard.o(i.createRxState)
    i.createTxItem                           0x080034fc   Section        0  canard.o(i.createTxItem)
    createTxItem                             0x080034fd   Thumb Code    30  canard.o(i.createTxItem)
    i.delay_init                             0x0800351c   Section        0  delay.o(i.delay_init)
    i.delay_ms                               0x08003530   Section        0  delay.o(i.delay_ms)
    i.delay_us                               0x08003548   Section        0  delay.o(i.delay_us)
    i.descatterTransferPayload               0x08003590   Section        0  canard.o(i.descatterTransferPayload)
    descatterTransferPayload                 0x08003591   Thumb Code   506  canard.o(i.descatterTransferPayload)
    i.encodeParamCanard                      0x080038bc   Section        0  uavcan.o(i.encodeParamCanard)
    i.enqueueTxFrames                        0x08003a2c   Section        0  canard.o(i.enqueueTxFrames)
    enqueueTxFrames                          0x08003a2d   Thumb Code   338  canard.o(i.enqueueTxFrames)
    i.extractDataType                        0x08003bd0   Section        0  canard.o(i.extractDataType)
    extractDataType                          0x08003bd1   Thumb Code    36  canard.o(i.extractDataType)
    i.extractTransferType                    0x08003bf4   Section        0  canard.o(i.extractTransferType)
    extractTransferType                      0x08003bf5   Thumb Code    26  canard.o(i.extractTransferType)
    i.findRxState                            0x08003c0e   Section        0  canard.o(i.findRxState)
    findRxState                              0x08003c0f   Thumb Code    24  canard.o(i.findRxState)
    i.fputc                                  0x08003c28   Section        0  usart.o(i.fputc)
    i.freeBlock                              0x08003c44   Section        0  canard.o(i.freeBlock)
    freeBlock                                0x08003c45   Thumb Code    42  canard.o(i.freeBlock)
    i.getNodeInfoHandleCanard                0x08003cc0   Section        0  uavcan.o(i.getNodeInfoHandleCanard)
    i.getsetHandleCanard                     0x08003d10   Section        0  uavcan.o(i.getsetHandleCanard)
    i.incrementTransferID                    0x08003e6c   Section        0  canard.o(i.incrementTransferID)
    incrementTransferID                      0x08003e6d   Thumb Code    38  canard.o(i.incrementTransferID)
    i.initPoolAllocator                      0x08003ec8   Section        0  canard.o(i.initPoolAllocator)
    initPoolAllocator                        0x08003ec9   Thumb Code    38  canard.o(i.initPoolAllocator)
    i.isBigEndian                            0x08003eee   Section        0  canard.o(i.isBigEndian)
    isBigEndian                              0x08003eef   Thumb Code    20  canard.o(i.isBigEndian)
    i.isPriorityHigher                       0x08003f02   Section        0  canard.o(i.isPriorityHigher)
    isPriorityHigher                         0x08003f03   Thumb Code    96  canard.o(i.isPriorityHigher)
    i.main                                   0x08003f64   Section        0  main.o(i.main)
    i.makeNodeInfoMessage                    0x08003ff4   Section        0  uavcan.o(i.makeNodeInfoMessage)
    i.makeNodeStatusMessage                  0x08004054   Section        0  uavcan.o(i.makeNodeStatusMessage)
    i.onTransferReceived                     0x08004098   Section        0  uavcan.o(i.onTransferReceived)
    i.prepareForNextTransfer                 0x080040d0   Section        0  canard.o(i.prepareForNextTransfer)
    prepareForNextTransfer                   0x080040d1   Thumb Code    56  canard.o(i.prepareForNextTransfer)
    i.prependRxState                         0x08004144   Section        0  canard.o(i.prependRxState)
    prependRxState                           0x08004145   Thumb Code    34  canard.o(i.prependRxState)
    i.processErrorStatus                     0x08004168   Section        0  canard_stm32.o(i.processErrorStatus)
    processErrorStatus                       0x08004169   Thumb Code    62  canard_stm32.o(i.processErrorStatus)
    i.pushTxQueue                            0x080041b8   Section        0  canard.o(i.pushTxQueue)
    pushTxQueue                              0x080041b9   Thumb Code   108  canard.o(i.pushTxQueue)
    i.rawcmdHandleCanard                     0x0800426c   Section        0  uavcan.o(i.rawcmdHandleCanard)
    i.readUniqueID                           0x080042a0   Section        0  uavcan.o(i.readUniqueID)
    i.read_addr                              0x080042b2   Section        0  usmart.o(i.read_addr)
    i.receiveCanard                          0x080042b8   Section        0  uavcan.o(i.receiveCanard)
    i.releaseStatePayload                    0x08004314   Section        0  canard.o(i.releaseStatePayload)
    releaseStatePayload                      0x08004315   Thumb Code    48  canard.o(i.releaseStatePayload)
    i.shouldAcceptTransfer                   0x08004344   Section        0  uavcan.o(i.shouldAcceptTransfer)
    i.singleCanardHandleRxFrame              0x080043a0   Section        0  canard.o(i.singleCanardHandleRxFrame)
    i.swapByteOrder                          0x080045d8   Section        0  canard.o(i.swapByteOrder)
    swapByteOrder                            0x080045d9   Thumb Code    56  canard.o(i.swapByteOrder)
    i.traverseRxStates                       0x0800463c   Section        0  canard.o(i.traverseRxStates)
    traverseRxStates                         0x0800463d   Thumb Code    60  canard.o(i.traverseRxStates)
    i.uart_init                              0x08004678   Section        0  usart.o(i.uart_init)
    i.uavcanInit                             0x080046b0   Section        0  uavcan.o(i.uavcanInit)
    i.usmart_cmd_rec                         0x08004708   Section        0  usmart.o(i.usmart_cmd_rec)
    i.usmart_exe                             0x080047b8   Section        0  usmart.o(i.usmart_exe)
    i.usmart_get_aparm                       0x08004a8c   Section        0  usmart_str.o(i.usmart_get_aparm)
    i.usmart_get_cmdname                     0x08004b60   Section        0  usmart_str.o(i.usmart_get_cmdname)
    i.usmart_get_fname                       0x08004b98   Section        0  usmart_str.o(i.usmart_get_fname)
    i.usmart_get_fparam                      0x08004d58   Section        0  usmart_str.o(i.usmart_get_fparam)
    i.usmart_get_parmpos                     0x08004e64   Section        0  usmart_str.o(i.usmart_get_parmpos)
    i.usmart_get_runtime                     0x08004e84   Section        0  usmart.o(i.usmart_get_runtime)
    i.usmart_init                            0x08004ec8   Section        0  usmart.o(i.usmart_init)
    i.usmart_pow                             0x08004ef0   Section        0  usmart_str.o(i.usmart_pow)
    i.usmart_reset_runtime                   0x08004f08   Section        0  usmart.o(i.usmart_reset_runtime)
    i.usmart_scan                            0x08004f3c   Section        0  usmart.o(i.usmart_scan)
    i.usmart_search_nextc                    0x08004ff8   Section        0  usmart_str.o(i.usmart_search_nextc)
    i.usmart_str2num                         0x0800500e   Section        0  usmart_str.o(i.usmart_str2num)
    i.usmart_strcmp                          0x08005114   Section        0  usmart_str.o(i.usmart_strcmp)
    i.usmart_strcopy                         0x08005136   Section        0  usmart_str.o(i.usmart_strcopy)
    i.usmart_strlen                          0x0800514c   Section        0  usmart_str.o(i.usmart_strlen)
    i.usmart_sys_cmd_exe                     0x08005164   Section        0  usmart.o(i.usmart_sys_cmd_exe)
    i.waitMSRINAKBitStateChange              0x08005858   Section        0  canard_stm32.o(i.waitMSRINAKBitStateChange)
    waitMSRINAKBitStateChange                0x08005859   Thumb Code    36  canard_stm32.o(i.waitMSRINAKBitStateChange)
    i.write_addr                             0x0800587c   Section        0  usmart.o(i.write_addr)
    .constdata                               0x08005880   Section       24  system_stm32f1xx.o(.constdata)
    .constdata                               0x08005898   Section        8  canard_stm32.o(.constdata)
    RFxR                                     0x08005898   Data           8  canard_stm32.o(.constdata)
    .constdata                               0x080058a0   Section       40  _printf_hex_int.o(.constdata)
    uc_hextab                                0x080058a0   Data          20  _printf_hex_int.o(.constdata)
    lc_hextab                                0x080058b4   Data          20  _printf_hex_int.o(.constdata)
    .constdata                               0x080058c8   Section       17  __printf_flags_ss_wp.o(.constdata)
    maptable                                 0x080058c8   Data          17  __printf_flags_ss_wp.o(.constdata)
    .conststring                             0x080058dc   Section       23  uavcan.o(.conststring)
    .conststring                             0x080058f4   Section       74  canard_stm32.o(.conststring)
    .conststring                             0x08005940   Section       40  usmart.o(.conststring)
    .conststring                             0x08005968   Section      107  usmart_config.o(.conststring)
    .data                                    0x20000000   Section        4  system_stm32f1xx.o(.data)
    .data                                    0x20000008   Section      146  uavcan.o(.data)
    g_uptime                                 0x20000008   Data           4  uavcan.o(.data)
    spin_time                                0x20000088   Data           4  uavcan.o(.data)
    transfer_id                              0x2000008c   Data           1  uavcan.o(.data)
    publish_time                             0x20000090   Data           4  uavcan.o(.data)
    step                                     0x20000094   Data           4  uavcan.o(.data)
    transfer_id                              0x20000098   Data           1  uavcan.o(.data)
    transfer_id                              0x20000099   Data           1  uavcan.o(.data)
    .data                                    0x2000009a   Section        1  canard_stm32.o(.data)
    g_abort_tx_on_error                      0x2000009a   Data           1  canard_stm32.o(.data)
    .data                                    0x2000009c   Section        9  stm32f1xx_hal.o(.data)
    .data                                    0x200000a8   Section        4  delay.o(.data)
    fac_us                                   0x200000a8   Data           4  delay.o(.data)
    .data                                    0x200000ac   Section        7  usart.o(.data)
    .data                                    0x200000b3   Section        1  key.o(.data)
    key_up                                   0x200000b3   Data           1  key.o(.data)
    .data                                    0x200000b4   Section       28  usmart.o(.data)
    .data                                    0x200000d0   Section      276  usmart_config.o(.data)
    .bss                                     0x200001e4   Section     1072  uavcan.o(.bss)
    g_canard                                 0x200001e4   Data          36  uavcan.o(.bss)
    g_canard_memory_pool                     0x20000208   Data        1024  uavcan.o(.bss)
    .bss                                     0x20000618   Section       16  canard_stm32.o(.bss)
    g_stats                                  0x20000618   Data          16  canard_stm32.o(.bss)
    .bss                                     0x20000628   Section      264  usart.o(.bss)
    .bss                                     0x20000730   Section       92  can.o(.bss)
    .bss                                     0x2000078c   Section       64  usmart.o(.bss)
    .bss                                     0x200007cc   Section       96  libspace.o(.bss)
    HEAP                                     0x20000830   Section      512  startup_stm32f103xe.o(HEAP)
    Heap_Mem                                 0x20000830   Data         512  startup_stm32f103xe.o(HEAP)
    STACK                                    0x20000a30   Section     1024  startup_stm32f103xe.o(STACK)
    Stack_Mem                                0x20000a30   Data        1024  startup_stm32f103xe.o(STACK)
    __initial_sp                             0x20000e30   Data           0  startup_stm32f103xe.o(STACK)

    Global Symbols

    Symbol Name                              Value     Ov Type        Size  Object(Section)

    BuildAttributes$$THM_ISAv4$P$D$K$B$S$PE$A:L22UL41UL21$X:L11$S22US41US21$IEEE1$IW$USESV6$~STKCKD$USESV7$~SHL$OSPACE$ROPI$EBA8$UX$STANDARDLIB$REQ8$PRES8$EABIv2 0x00000000   Number         0  anon$$obj.o ABSOLUTE
    __ARM_use_no_argv                        0x00000000   Number         0  main.o ABSOLUTE
    _printf_flags                            0x00000000   Number         0  printf_stubs.o ABSOLUTE
    _printf_return_value                     0x00000000   Number         0  printf_stubs.o ABSOLUTE
    _printf_sizespec                         0x00000000   Number         0  printf_stubs.o ABSOLUTE
    _printf_widthprec                        0x00000000   Number         0  printf_stubs.o ABSOLUTE
    __ARM_exceptions_init                     - Undefined Weak Reference
    __alloca_initialize                       - Undefined Weak Reference
    __arm_preinit_                            - Undefined Weak Reference
    __cpp_initialize__aeabi_                  - Undefined Weak Reference
    __cxa_finalize                            - Undefined Weak Reference
    __rt_locale                               - Undefined Weak Reference
    __sigvec_lookup                           - Undefined Weak Reference
    _atexit_init                              - Undefined Weak Reference
    _call_atexit_fns                          - Undefined Weak Reference
    _clock_init                               - Undefined Weak Reference
    _fp_trap_init                             - Undefined Weak Reference
    _fp_trap_shutdown                         - Undefined Weak Reference
    _get_lc_collate                           - Undefined Weak Reference
    _get_lc_ctype                             - Undefined Weak Reference
    _get_lc_monetary                          - Undefined Weak Reference
    _get_lc_numeric                           - Undefined Weak Reference
    _get_lc_time                              - Undefined Weak Reference
    _getenv_init                              - Undefined Weak Reference
    _handle_redirection                       - Undefined Weak Reference
    _init_alloc                               - Undefined Weak Reference
    _init_user_alloc                          - Undefined Weak Reference
    _initio                                   - Undefined Weak Reference
    _mutex_acquire                            - Undefined Weak Reference
    _mutex_release                            - Undefined Weak Reference
    _printf_mbtowc                            - Undefined Weak Reference
    _printf_truncate_signed                   - Undefined Weak Reference
    _printf_truncate_unsigned                 - Undefined Weak Reference
    _rand_init                                - Undefined Weak Reference
    _signal_finish                            - Undefined Weak Reference
    _signal_init                              - Undefined Weak Reference
    _terminate_alloc                          - Undefined Weak Reference
    _terminate_user_alloc                     - Undefined Weak Reference
    _terminateio                              - Undefined Weak Reference
    __Vectors_Size                           0x00000130   Number         0  startup_stm32f103xe.o ABSOLUTE
    __Vectors                                0x08000000   Data           4  startup_stm32f103xe.o(RESET)
    __Vectors_End                            0x08000130   Data           0  startup_stm32f103xe.o(RESET)
    __main                                   0x08000131   Thumb Code     8  __main.o(!!!main)
    __scatterload                            0x08000139   Thumb Code     0  __scatter.o(!!!scatter)
    __scatterload_rt2                        0x08000139   Thumb Code    44  __scatter.o(!!!scatter)
    __scatterload_rt2_thumb_only             0x08000139   Thumb Code     0  __scatter.o(!!!scatter)
    __scatterload_null                       0x08000147   Thumb Code     0  __scatter.o(!!!scatter)
    __decompress                             0x0800016d   Thumb Code    90  __dczerorl2.o(!!dczerorl2)
    __decompress1                            0x0800016d   Thumb Code     0  __dczerorl2.o(!!dczerorl2)
    __scatterload_zeroinit                   0x080001c9   Thumb Code    28  __scatter_zi.o(!!handler_zi)
    _printf_d                                0x080001e5   Thumb Code     0  _printf_d.o(.ARM.Collect$$_printf_percent$$00000009)
    _printf_percent                          0x080001e5   Thumb Code     0  _printf_percent.o(.ARM.Collect$$_printf_percent$$00000000)
    _printf_u                                0x080001eb   Thumb Code     0  _printf_u.o(.ARM.Collect$$_printf_percent$$0000000A)
    _printf_x                                0x080001f1   Thumb Code     0  _printf_x.o(.ARM.Collect$$_printf_percent$$0000000C)
    _printf_c                                0x080001f7   Thumb Code     0  _printf_c.o(.ARM.Collect$$_printf_percent$$00000013)
    _printf_s                                0x080001fd   Thumb Code     0  _printf_s.o(.ARM.Collect$$_printf_percent$$00000014)
    _printf_percent_end                      0x08000203   Thumb Code     0  _printf_percent_end.o(.ARM.Collect$$_printf_percent$$00000017)
    __rt_lib_init                            0x08000207   Thumb Code     0  libinit.o(.ARM.Collect$$libinit$$00000000)
    __rt_lib_init_alloca_1                   0x08000209   Thumb Code     0  libinit2.o(.ARM.Collect$$libinit$$0000002E)
    __rt_lib_init_argv_1                     0x08000209   Thumb Code     0  libinit2.o(.ARM.Collect$$libinit$$0000002C)
    __rt_lib_init_atexit_1                   0x08000209   Thumb Code     0  libinit2.o(.ARM.Collect$$libinit$$0000001B)
    __rt_lib_init_clock_1                    0x08000209   Thumb Code     0  libinit2.o(.ARM.Collect$$libinit$$00000021)
    __rt_lib_init_cpp_1                      0x08000209   Thumb Code     0  libinit2.o(.ARM.Collect$$libinit$$00000032)
    __rt_lib_init_exceptions_1               0x08000209   Thumb Code     0  libinit2.o(.ARM.Collect$$libinit$$00000030)
    __rt_lib_init_fp_1                       0x08000209   Thumb Code     0  libinit2.o(.ARM.Collect$$libinit$$00000002)
    __rt_lib_init_fp_trap_1                  0x08000209   Thumb Code     0  libinit2.o(.ARM.Collect$$libinit$$0000001F)
    __rt_lib_init_getenv_1                   0x08000209   Thumb Code     0  libinit2.o(.ARM.Collect$$libinit$$00000023)
    __rt_lib_init_heap_1                     0x08000209   Thumb Code     0  libinit2.o(.ARM.Collect$$libinit$$0000000A)
    __rt_lib_init_lc_collate_1               0x08000209   Thumb Code     0  libinit2.o(.ARM.Collect$$libinit$$00000011)
    __rt_lib_init_lc_ctype_1                 0x08000209   Thumb Code     0  libinit2.o(.ARM.Collect$$libinit$$00000013)
    __rt_lib_init_lc_monetary_1              0x08000209   Thumb Code     0  libinit2.o(.ARM.Collect$$libinit$$00000015)
    __rt_lib_init_lc_numeric_1               0x08000209   Thumb Code     0  libinit2.o(.ARM.Collect$$libinit$$00000017)
    __rt_lib_init_lc_time_1                  0x08000209   Thumb Code     0  libinit2.o(.ARM.Collect$$libinit$$00000019)
    __rt_lib_init_preinit_1                  0x08000209   Thumb Code     0  libinit2.o(.ARM.Collect$$libinit$$00000004)
    __rt_lib_init_rand_1                     0x08000209   Thumb Code     0  libinit2.o(.ARM.Collect$$libinit$$0000000E)
    __rt_lib_init_return                     0x08000209   Thumb Code     0  libinit2.o(.ARM.Collect$$libinit$$00000033)
    __rt_lib_init_signal_1                   0x08000209   Thumb Code     0  libinit2.o(.ARM.Collect$$libinit$$0000001D)
    __rt_lib_init_stdio_1                    0x08000209   Thumb Code     0  libinit2.o(.ARM.Collect$$libinit$$00000025)
    __rt_lib_init_user_alloc_1               0x08000209   Thumb Code     0  libinit2.o(.ARM.Collect$$libinit$$0000000C)
    __rt_lib_shutdown                        0x0800020b   Thumb Code     0  libshutdown.o(.ARM.Collect$$libshutdown$$00000000)
    __rt_lib_shutdown_cpp_1                  0x0800020d   Thumb Code     0  libshutdown2.o(.ARM.Collect$$libshutdown$$00000002)
    __rt_lib_shutdown_fp_trap_1              0x0800020d   Thumb Code     0  libshutdown2.o(.ARM.Collect$$libshutdown$$00000007)
    __rt_lib_shutdown_heap_1                 0x0800020d   Thumb Code     0  libshutdown2.o(.ARM.Collect$$libshutdown$$0000000F)
    __rt_lib_shutdown_return                 0x0800020d   Thumb Code     0  libshutdown2.o(.ARM.Collect$$libshutdown$$00000010)
    __rt_lib_shutdown_signal_1               0x0800020d   Thumb Code     0  libshutdown2.o(.ARM.Collect$$libshutdown$$0000000A)
    __rt_lib_shutdown_stdio_1                0x0800020d   Thumb Code     0  libshutdown2.o(.ARM.Collect$$libshutdown$$00000004)
    __rt_lib_shutdown_user_alloc_1           0x0800020d   Thumb Code     0  libshutdown2.o(.ARM.Collect$$libshutdown$$0000000C)
    __rt_entry                               0x0800020f   Thumb Code     0  __rtentry.o(.ARM.Collect$$rtentry$$00000000)
    __rt_entry_presh_1                       0x0800020f   Thumb Code     0  __rtentry2.o(.ARM.Collect$$rtentry$$00000002)
    __rt_entry_sh                            0x0800020f   Thumb Code     0  __rtentry4.o(.ARM.Collect$$rtentry$$00000004)
    __rt_entry_li                            0x08000215   Thumb Code     0  __rtentry2.o(.ARM.Collect$$rtentry$$0000000A)
    __rt_entry_postsh_1                      0x08000215   Thumb Code     0  __rtentry2.o(.ARM.Collect$$rtentry$$00000009)
    __rt_entry_main                          0x08000219   Thumb Code     0  __rtentry2.o(.ARM.Collect$$rtentry$$0000000D)
    __rt_entry_postli_1                      0x08000219   Thumb Code     0  __rtentry2.o(.ARM.Collect$$rtentry$$0000000C)
    __rt_exit                                0x08000221   Thumb Code     0  rtexit.o(.ARM.Collect$$rtexit$$00000000)
    __rt_exit_ls                             0x08000223   Thumb Code     0  rtexit2.o(.ARM.Collect$$rtexit$$00000003)
    __rt_exit_prels_1                        0x08000223   Thumb Code     0  rtexit2.o(.ARM.Collect$$rtexit$$00000002)
    __rt_exit_exit                           0x08000227   Thumb Code     0  rtexit2.o(.ARM.Collect$$rtexit$$00000004)
    Reset_Handler                            0x0800022d   Thumb Code     8  startup_stm32f103xe.o(.text)
    ADC1_2_IRQHandler                        0x08000247   Thumb Code     0  startup_stm32f103xe.o(.text)
    ADC3_IRQHandler                          0x08000247   Thumb Code     0  startup_stm32f103xe.o(.text)
    CAN1_RX1_IRQHandler                      0x08000247   Thumb Code     0  startup_stm32f103xe.o(.text)
    CAN1_SCE_IRQHandler                      0x08000247   Thumb Code     0  startup_stm32f103xe.o(.text)
    DMA1_Channel1_IRQHandler                 0x08000247   Thumb Code     0  startup_stm32f103xe.o(.text)
    DMA1_Channel2_IRQHandler                 0x08000247   Thumb Code     0  startup_stm32f103xe.o(.text)
    DMA1_Channel3_IRQHandler                 0x08000247   Thumb Code     0  startup_stm32f103xe.o(.text)
    DMA1_Channel4_IRQHandler                 0x08000247   Thumb Code     0  startup_stm32f103xe.o(.text)
    DMA1_Channel5_IRQHandler                 0x08000247   Thumb Code     0  startup_stm32f103xe.o(.text)
    DMA1_Channel6_IRQHandler                 0x08000247   Thumb Code     0  startup_stm32f103xe.o(.text)
    DMA1_Channel7_IRQHandler                 0x08000247   Thumb Code     0  startup_stm32f103xe.o(.text)
    DMA2_Channel1_IRQHandler                 0x08000247   Thumb Code     0  startup_stm32f103xe.o(.text)
    DMA2_Channel2_IRQHandler                 0x08000247   Thumb Code     0  startup_stm32f103xe.o(.text)
    DMA2_Channel3_IRQHandler                 0x08000247   Thumb Code     0  startup_stm32f103xe.o(.text)
    DMA2_Channel4_5_IRQHandler               0x08000247   Thumb Code     0  startup_stm32f103xe.o(.text)
    EXTI0_IRQHandler                         0x08000247   Thumb Code     0  startup_stm32f103xe.o(.text)
    EXTI15_10_IRQHandler                     0x08000247   Thumb Code     0  startup_stm32f103xe.o(.text)
    EXTI1_IRQHandler                         0x08000247   Thumb Code     0  startup_stm32f103xe.o(.text)
    EXTI2_IRQHandler                         0x08000247   Thumb Code     0  startup_stm32f103xe.o(.text)
    EXTI3_IRQHandler                         0x08000247   Thumb Code     0  startup_stm32f103xe.o(.text)
    EXTI4_IRQHandler                         0x08000247   Thumb Code     0  startup_stm32f103xe.o(.text)
    EXTI9_5_IRQHandler                       0x08000247   Thumb Code     0  startup_stm32f103xe.o(.text)
    FLASH_IRQHandler                         0x08000247   Thumb Code     0  startup_stm32f103xe.o(.text)
    FSMC_IRQHandler                          0x08000247   Thumb Code     0  startup_stm32f103xe.o(.text)
    I2C1_ER_IRQHandler                       0x08000247   Thumb Code     0  startup_stm32f103xe.o(.text)
    I2C1_EV_IRQHandler                       0x08000247   Thumb Code     0  startup_stm32f103xe.o(.text)
    I2C2_ER_IRQHandler                       0x08000247   Thumb Code     0  startup_stm32f103xe.o(.text)
    I2C2_EV_IRQHandler                       0x08000247   Thumb Code     0  startup_stm32f103xe.o(.text)
    PVD_IRQHandler                           0x08000247   Thumb Code     0  startup_stm32f103xe.o(.text)
    RCC_IRQHandler                           0x08000247   Thumb Code     0  startup_stm32f103xe.o(.text)
    RTC_Alarm_IRQHandler                     0x08000247   Thumb Code     0  startup_stm32f103xe.o(.text)
    RTC_IRQHandler                           0x08000247   Thumb Code     0  startup_stm32f103xe.o(.text)
    SDIO_IRQHandler                          0x08000247   Thumb Code     0  startup_stm32f103xe.o(.text)
    SPI1_IRQHandler                          0x08000247   Thumb Code     0  startup_stm32f103xe.o(.text)
    SPI2_IRQHandler                          0x08000247   Thumb Code     0  startup_stm32f103xe.o(.text)
    SPI3_IRQHandler                          0x08000247   Thumb Code     0  startup_stm32f103xe.o(.text)
    TAMPER_IRQHandler                        0x08000247   Thumb Code     0  startup_stm32f103xe.o(.text)
    TIM1_BRK_IRQHandler                      0x08000247   Thumb Code     0  startup_stm32f103xe.o(.text)
    TIM1_CC_IRQHandler                       0x08000247   Thumb Code     0  startup_stm32f103xe.o(.text)
    TIM1_TRG_COM_IRQHandler                  0x08000247   Thumb Code     0  startup_stm32f103xe.o(.text)
    TIM1_UP_IRQHandler                       0x08000247   Thumb Code     0  startup_stm32f103xe.o(.text)
    TIM2_IRQHandler                          0x08000247   Thumb Code     0  startup_stm32f103xe.o(.text)
    TIM3_IRQHandler                          0x08000247   Thumb Code     0  startup_stm32f103xe.o(.text)
    TIM5_IRQHandler                          0x08000247   Thumb Code     0  startup_stm32f103xe.o(.text)
    TIM6_IRQHandler                          0x08000247   Thumb Code     0  startup_stm32f103xe.o(.text)
    TIM7_IRQHandler                          0x08000247   Thumb Code     0  startup_stm32f103xe.o(.text)
    TIM8_BRK_IRQHandler                      0x08000247   Thumb Code     0  startup_stm32f103xe.o(.text)
    TIM8_CC_IRQHandler                       0x08000247   Thumb Code     0  startup_stm32f103xe.o(.text)
    TIM8_TRG_COM_IRQHandler                  0x08000247   Thumb Code     0  startup_stm32f103xe.o(.text)
    TIM8_UP_IRQHandler                       0x08000247   Thumb Code     0  startup_stm32f103xe.o(.text)
    UART4_IRQHandler                         0x08000247   Thumb Code     0  startup_stm32f103xe.o(.text)
    UART5_IRQHandler                         0x08000247   Thumb Code     0  startup_stm32f103xe.o(.text)
    USART2_IRQHandler                        0x08000247   Thumb Code     0  startup_stm32f103xe.o(.text)
    USART3_IRQHandler                        0x08000247   Thumb Code     0  startup_stm32f103xe.o(.text)
    USBWakeUp_IRQHandler                     0x08000247   Thumb Code     0  startup_stm32f103xe.o(.text)
    USB_HP_CAN1_TX_IRQHandler                0x08000247   Thumb Code     0  startup_stm32f103xe.o(.text)
    USB_LP_CAN1_RX0_IRQHandler               0x08000247   Thumb Code     0  startup_stm32f103xe.o(.text)
    WWDG_IRQHandler                          0x08000247   Thumb Code     0  startup_stm32f103xe.o(.text)
    __user_initial_stackheap                 0x08000249   Thumb Code     0  startup_stm32f103xe.o(.text)
    __use_no_semihosting                     0x0800026d   Thumb Code     2  use_no_semi_2.o(.text)
    __aeabi_llsl                             0x0800026f   Thumb Code     0  llshl.o(.text)
    _ll_shift_l                              0x0800026f   Thumb Code    38  llshl.o(.text)
    __aeabi_llsr                             0x08000295   Thumb Code     0  llushr.o(.text)
    _ll_ushift_r                             0x08000295   Thumb Code    38  llushr.o(.text)
    __2printf                                0x080002bd   Thumb Code    20  noretval__2printf.o(.text)
    _printf_pre_padding                      0x080002d5   Thumb Code    44  _printf_pad.o(.text)
    _printf_post_padding                     0x08000301   Thumb Code    34  _printf_pad.o(.text)
    _printf_str                              0x08000323   Thumb Code    82  _printf_str.o(.text)
    _printf_int_dec                          0x08000375   Thumb Code   104  _printf_dec.o(.text)
    _printf_int_hex                          0x080003ed   Thumb Code    84  _printf_hex_int.o(.text)
    _printf_longlong_hex                     0x080003ed   Thumb Code     0  _printf_hex_int.o(.text)
    __printf                                 0x08000445   Thumb Code   388  __printf_flags_ss_wp.o(.text)
    __aeabi_assert                           0x080005cd   Thumb Code    86  assert.o(.text)
    __assert                                 0x080005cd   Thumb Code     0  assert.o(.text)
    strlen                                   0x0800064d   Thumb Code    62  strlen.o(.text)
    strncmp                                  0x0800068b   Thumb Code   150  strncmp.o(.text)
    __aeabi_memcpy                           0x08000721   Thumb Code     0  rt_memcpy_v6.o(.text)
    __rt_memcpy                              0x08000721   Thumb Code   138  rt_memcpy_v6.o(.text)
    _memcpy_lastbytes                        0x08000787   Thumb Code     0  rt_memcpy_v6.o(.text)
    __aeabi_memcpy4                          0x080007ab   Thumb Code     0  rt_memcpy_w.o(.text)
    __aeabi_memcpy8                          0x080007ab   Thumb Code     0  rt_memcpy_w.o(.text)
    __rt_memcpy_w                            0x080007ab   Thumb Code   100  rt_memcpy_w.o(.text)
    _memcpy_lastbytes_aligned                0x080007f3   Thumb Code     0  rt_memcpy_w.o(.text)
    __aeabi_memclr                           0x0800080f   Thumb Code     0  rt_memclr.o(.text)
    __rt_memclr                              0x0800080f   Thumb Code    68  rt_memclr.o(.text)
    _memset                                  0x08000813   Thumb Code     0  rt_memclr.o(.text)
    __aeabi_memclr4                          0x08000853   Thumb Code     0  rt_memclr_w.o(.text)
    __aeabi_memclr8                          0x08000853   Thumb Code     0  rt_memclr_w.o(.text)
    __rt_memclr_w                            0x08000853   Thumb Code    78  rt_memclr_w.o(.text)
    _memset_w                                0x08000857   Thumb Code     0  rt_memclr_w.o(.text)
    __use_two_region_memory                  0x080008a1   Thumb Code     2  heapauxi.o(.text)
    __rt_heap_escrow$2region                 0x080008a3   Thumb Code     2  heapauxi.o(.text)
    __rt_heap_expand$2region                 0x080008a5   Thumb Code     2  heapauxi.o(.text)
    __I$use$semihosting                      0x080008a7   Thumb Code     0  use_no_semi.o(.text)
    __use_no_semihosting_swi                 0x080008a7   Thumb Code     2  use_no_semi.o(.text)
    _printf_int_common                       0x080008a9   Thumb Code   178  _printf_intcommon.o(.text)
    _printf_cs_common                        0x0800095b   Thumb Code    20  _printf_char.o(.text)
    _printf_char                             0x0800096f   Thumb Code    16  _printf_char.o(.text)
    _printf_string                           0x0800097f   Thumb Code     8  _printf_char.o(.text)
    _printf_char_file                        0x08000989   Thumb Code    32  _printf_char_file.o(.text)
    abort                                    0x080009ad   Thumb Code    22  abort.o(.text)
    __assert_puts                            0x080009c3   Thumb Code    20  assert_puts.o(.text)
    _printf_char_common                      0x080009e3   Thumb Code    32  _printf_char_common.o(.text)
    ferror                                   0x08000a09   Thumb Code     8  ferror.o(.text)
    __rt_SIGABRT                             0x08000a11   Thumb Code    14  defsig_abrt_outer.o(.text)
    __user_setup_stackheap                   0x08000a1f   Thumb Code    74  sys_stackheap_outer.o(.text)
    exit                                     0x08000a69   Thumb Code    18  exit.o(.text)
    __sig_exit                               0x08000a7b   Thumb Code    10  defsig_exit.o(.text)
    __rt_SIGABRT_inner                       0x08000a85   Thumb Code    14  defsig_abrt_inner.o(.text)
    __user_libspace                          0x08000ab5   Thumb Code     8  libspace.o(.text)
    __user_perproc_libspace                  0x08000ab5   Thumb Code     0  libspace.o(.text)
    __user_perthread_libspace                0x08000ab5   Thumb Code     0  libspace.o(.text)
    __default_signal_display                 0x08000abd   Thumb Code    50  defsig_general.o(.text)
    BusFault_Handler                         0x08000aef   Thumb Code     4  stm32f1xx_it.o(i.BusFault_Handler)
    CAN1_Mode_Init                           0x08000af5   Thumb Code    86  can.o(i.CAN1_Mode_Init)
    CAN_Config                               0x08000b55   Thumb Code   104  can.o(i.CAN_Config)
    DebugMon_Handler                         0x08000bc5   Thumb Code     2  stm32f1xx_it.o(i.DebugMon_Handler)
    HAL_CAN_ActivateNotification             0x08000bc7   Thumb Code    42  stm32f1xx_hal_can.o(i.HAL_CAN_ActivateNotification)
    HAL_CAN_ConfigFilter                     0x08000bf1   Thumb Code   266  stm32f1xx_hal_can.o(i.HAL_CAN_ConfigFilter)
    HAL_CAN_Init                             0x08000cfb   Thumb Code   372  stm32f1xx_hal_can.o(i.HAL_CAN_Init)
    HAL_CAN_MspInit                          0x08000e71   Thumb Code   128  can.o(i.HAL_CAN_MspInit)
    HAL_CAN_Start                            0x08000efd   Thumb Code    94  stm32f1xx_hal_can.o(i.HAL_CAN_Start)
    HAL_DMA_Abort_IT                         0x08000f5d   Thumb Code   414  stm32f1xx_hal_dma.o(i.HAL_DMA_Abort_IT)
    HAL_GPIO_Init                            0x08001105   Thumb Code   792  stm32f1xx_hal_gpio.o(i.HAL_GPIO_Init)
    HAL_GPIO_ReadPin                         0x08001445   Thumb Code    16  stm32f1xx_hal_gpio.o(i.HAL_GPIO_ReadPin)
    HAL_GPIO_WritePin                        0x08001455   Thumb Code    12  stm32f1xx_hal_gpio.o(i.HAL_GPIO_WritePin)
    HAL_GetTick                              0x08001461   Thumb Code     6  stm32f1xx_hal.o(i.HAL_GetTick)
    HAL_IncTick                              0x0800146d   Thumb Code    16  stm32f1xx_hal.o(i.HAL_IncTick)
    HAL_Init                                 0x08001485   Thumb Code    34  stm32f1xx_hal.o(i.HAL_Init)
    HAL_InitTick                             0x080014ad   Thumb Code    64  stm32f1xx_hal.o(i.HAL_InitTick)
    HAL_MspInit                              0x080014f9   Thumb Code     2  stm32f1xx_hal_msp.o(i.HAL_MspInit)
    HAL_NVIC_EnableIRQ                       0x080014fb   Thumb Code    32  stm32f1xx_hal_cortex.o(i.HAL_NVIC_EnableIRQ)
    HAL_NVIC_SetPriority                     0x0800151b   Thumb Code   124  stm32f1xx_hal_cortex.o(i.HAL_NVIC_SetPriority)
    HAL_NVIC_SetPriorityGrouping             0x08001599   Thumb Code    32  stm32f1xx_hal_cortex.o(i.HAL_NVIC_SetPriorityGrouping)
    HAL_RCC_ClockConfig                      0x080015c1   Thumb Code   376  stm32f1xx_hal_rcc.o(i.HAL_RCC_ClockConfig)
    HAL_RCC_GetHCLKFreq                      0x0800174d   Thumb Code     6  stm32f1xx_hal_rcc.o(i.HAL_RCC_GetHCLKFreq)
    HAL_RCC_GetPCLK1Freq                     0x08001759   Thumb Code    22  stm32f1xx_hal_rcc.o(i.HAL_RCC_GetPCLK1Freq)
    HAL_RCC_GetPCLK2Freq                     0x08001779   Thumb Code    22  stm32f1xx_hal_rcc.o(i.HAL_RCC_GetPCLK2Freq)
    HAL_RCC_GetSysClockFreq                  0x08001799   Thumb Code   116  stm32f1xx_hal_rcc.o(i.HAL_RCC_GetSysClockFreq)
    HAL_RCC_OscConfig                        0x0800182d   Thumb Code  1114  stm32f1xx_hal_rcc.o(i.HAL_RCC_OscConfig)
    HAL_SYSTICK_CLKSourceConfig              0x08001c91   Thumb Code    40  stm32f1xx_hal_cortex.o(i.HAL_SYSTICK_CLKSourceConfig)
    HAL_SYSTICK_Config                       0x08001cb9   Thumb Code    52  stm32f1xx_hal_cortex.o(i.HAL_SYSTICK_Config)
    HAL_TIM_Base_Init                        0x08001ced   Thumb Code    52  stm32f1xx_hal_tim.o(i.HAL_TIM_Base_Init)
    HAL_TIM_Base_MspInit                     0x08001d21   Thumb Code     2  stm32f1xx_hal_tim.o(i.HAL_TIM_Base_MspInit)
    HAL_TIM_Base_Start_IT                    0x08001d23   Thumb Code    42  stm32f1xx_hal_tim.o(i.HAL_TIM_Base_Start_IT)
    HAL_UART_ErrorCallback                   0x08001d4d   Thumb Code     2  stm32f1xx_hal_uart.o(i.HAL_UART_ErrorCallback)
    HAL_UART_GetState                        0x08001d4f   Thumb Code    20  stm32f1xx_hal_uart.o(i.HAL_UART_GetState)
    HAL_UART_IRQHandler                      0x08001d65   Thumb Code   326  stm32f1xx_hal_uart.o(i.HAL_UART_IRQHandler)
    HAL_UART_Init                            0x08001eb1   Thumb Code   114  stm32f1xx_hal_uart.o(i.HAL_UART_Init)
    HAL_UART_MspInit                         0x08001f25   Thumb Code   156  usart.o(i.HAL_UART_MspInit)
    HAL_UART_Receive_IT                      0x08001fcd   Thumb Code   112  stm32f1xx_hal_uart.o(i.HAL_UART_Receive_IT)
    HAL_UART_RxCpltCallback                  0x0800203d   Thumb Code   120  usart.o(i.HAL_UART_RxCpltCallback)
    HAL_UART_TxCpltCallback                  0x080020c5   Thumb Code     2  stm32f1xx_hal_uart.o(i.HAL_UART_TxCpltCallback)
    HardFault_Handler                        0x080020c7   Thumb Code     4  stm32f1xx_it.o(i.HardFault_Handler)
    KEY_Init                                 0x080020cd   Thumb Code   110  key.o(i.KEY_Init)
    KEY_Scan                                 0x08002149   Thumb Code   150  key.o(i.KEY_Scan)
    LED_Init                                 0x080021ed   Thumb Code   116  led.o(i.LED_Init)
    MemManage_Handler                        0x0800226d   Thumb Code     4  stm32f1xx_it.o(i.MemManage_Handler)
    NMI_Handler                              0x08002271   Thumb Code     2  stm32f1xx_it.o(i.NMI_Handler)
    PendSV_Handler                           0x08002273   Thumb Code     2  stm32f1xx_it.o(i.PendSV_Handler)
    SVC_Handler                              0x0800229d   Thumb Code     2  stm32f1xx_it.o(i.SVC_Handler)
    Stm32_Clock_Init                         0x0800229f   Thumb Code    86  sys.o(i.Stm32_Clock_Init)
    SysTick_Handler                          0x080022f5   Thumb Code     8  stm32f1xx_it.o(i.SysTick_Handler)
    SystemInit                               0x080022fd   Thumb Code    70  system_stm32f1xx.o(i.SystemInit)
    TIM4_IRQHandler                          0x08002355   Thumb Code    58  usmart.o(i.TIM4_IRQHandler)
    TIM_Base_SetConfig                       0x08002399   Thumb Code   134  stm32f1xx_hal_tim.o(i.TIM_Base_SetConfig)
    Timer4_Init                              0x08002435   Thumb Code    80  usmart.o(i.Timer4_Init)
    USART1_IRQHandler                        0x08002795   Thumb Code    56  usart.o(i.USART1_IRQHandler)
    UsageFault_Handler                       0x080027d5   Thumb Code     4  stm32f1xx_it.o(i.UsageFault_Handler)
    _is_digit                                0x08002811   Thumb Code    14  __printf_wp.o(i._is_digit)
    _sys_exit                                0x0800281f   Thumb Code     4  usart.o(i._sys_exit)
    _ttywrch                                 0x08002823   Thumb Code     4  usart.o(i._ttywrch)
    canardDecodeScalar                       0x08002851   Thumb Code   670  canard.o(i.canardDecodeScalar)
    canardEncodeScalar                       0x08002ba5   Thumb Code   266  canard.o(i.canardEncodeScalar)
    canardGetLocalNodeID                     0x08002d09   Thumb Code     6  canard.o(i.canardGetLocalNodeID)
    canardInit                               0x08002d11   Thumb Code    84  canard.o(i.canardInit)
    canardRequestOrRespond                   0x08002d95   Thumb Code   162  canard.o(i.canardRequestOrRespond)
    canardSTM32Init                          0x08002fed   Thumb Code   410  canard_stm32.o(i.canardSTM32Init)
    canardSTM32Receive                       0x08003211   Thumb Code   158  canard_stm32.o(i.canardSTM32Receive)
    canardSetLocalNodeID                     0x080032bd   Thumb Code    48  canard.o(i.canardSetLocalNodeID)
    delay_init                               0x0800351d   Thumb Code    16  delay.o(i.delay_init)
    delay_ms                                 0x08003531   Thumb Code    24  delay.o(i.delay_ms)
    delay_us                                 0x08003549   Thumb Code    68  delay.o(i.delay_us)
    encodeParamCanard                        0x080038bd   Thumb Code   366  uavcan.o(i.encodeParamCanard)
    fputc                                    0x08003c29   Thumb Code    24  usart.o(i.fputc)
    getNodeInfoHandleCanard                  0x08003cc1   Thumb Code    66  uavcan.o(i.getNodeInfoHandleCanard)
    getsetHandleCanard                       0x08003d11   Thumb Code   330  uavcan.o(i.getsetHandleCanard)
    main                                     0x08003f65   Thumb Code   136  main.o(i.main)
    makeNodeInfoMessage                      0x08003ff5   Thumb Code    74  uavcan.o(i.makeNodeInfoMessage)
    makeNodeStatusMessage                    0x08004055   Thumb Code    68  uavcan.o(i.makeNodeStatusMessage)
    onTransferReceived                       0x08004099   Thumb Code    54  uavcan.o(i.onTransferReceived)
    rawcmdHandleCanard                       0x0800426d   Thumb Code    48  uavcan.o(i.rawcmdHandleCanard)
    readUniqueID                             0x080042a1   Thumb Code    18  uavcan.o(i.readUniqueID)
    read_addr                                0x080042b3   Thumb Code     6  usmart.o(i.read_addr)
    receiveCanard                            0x080042b9   Thumb Code    70  uavcan.o(i.receiveCanard)
    shouldAcceptTransfer                     0x08004345   Thumb Code    66  uavcan.o(i.shouldAcceptTransfer)
    singleCanardHandleRxFrame                0x080043a1   Thumb Code   514  canard.o(i.singleCanardHandleRxFrame)
    uart_init                                0x08004679   Thumb Code    44  usart.o(i.uart_init)
    uavcanInit                               0x080046b1   Thumb Code    68  uavcan.o(i.uavcanInit)
    usmart_cmd_rec                           0x08004709   Thumb Code   170  usmart.o(i.usmart_cmd_rec)
    usmart_exe                               0x080047b9   Thumb Code   632  usmart.o(i.usmart_exe)
    usmart_get_aparm                         0x08004a8d   Thumb Code   212  usmart_str.o(i.usmart_get_aparm)
    usmart_get_cmdname                       0x08004b61   Thumb Code    54  usmart_str.o(i.usmart_get_cmdname)
    usmart_get_fname                         0x08004b99   Thumb Code   440  usmart_str.o(i.usmart_get_fname)
    usmart_get_fparam                        0x08004d59   Thumb Code   262  usmart_str.o(i.usmart_get_fparam)
    usmart_get_parmpos                       0x08004e65   Thumb Code    26  usmart_str.o(i.usmart_get_parmpos)
    usmart_get_runtime                       0x08004e85   Thumb Code    58  usmart.o(i.usmart_get_runtime)
    usmart_init                              0x08004ec9   Thumb Code    36  usmart.o(i.usmart_init)
    usmart_pow                               0x08004ef1   Thumb Code    22  usmart_str.o(i.usmart_pow)
    usmart_reset_runtime                     0x08004f09   Thumb Code    44  usmart.o(i.usmart_reset_runtime)
    usmart_scan                              0x08004f3d   Thumb Code   120  usmart.o(i.usmart_scan)
    usmart_search_nextc                      0x08004ff9   Thumb Code    22  usmart_str.o(i.usmart_search_nextc)
    usmart_str2num                           0x0800500f   Thumb Code   262  usmart_str.o(i.usmart_str2num)
    usmart_strcmp                            0x08005115   Thumb Code    34  usmart_str.o(i.usmart_strcmp)
    usmart_strcopy                           0x08005137   Thumb Code    22  usmart_str.o(i.usmart_strcopy)
    usmart_strlen                            0x0800514d   Thumb Code    24  usmart_str.o(i.usmart_strlen)
    usmart_sys_cmd_exe                       0x08005165   Thumb Code  1570  usmart.o(i.usmart_sys_cmd_exe)
    write_addr                               0x0800587d   Thumb Code     4  usmart.o(i.write_addr)
    AHBPrescTable                            0x08005880   Data          16  system_stm32f1xx.o(.constdata)
    APBPrescTable                            0x08005890   Data           8  system_stm32f1xx.o(.constdata)
    Region$$Table$$Base                      0x080059d4   Number         0  anon$$obj.o(Region$$Table)
    Region$$Table$$Limit                     0x080059f4   Number         0  anon$$obj.o(Region$$Table)
    SystemCoreClock                          0x20000000   Data           4  system_stm32f1xx.o(.data)
    parameters                               0x20000010   Data         120  uavcan.o(.data)
    uwTick                                   0x2000009c   Data           4  stm32f1xx_hal.o(.data)
    uwTickPrio                               0x200000a0   Data           4  stm32f1xx_hal.o(.data)
    uwTickFreq                               0x200000a4   Data           1  stm32f1xx_hal.o(.data)
    __stdout                                 0x200000ac   Data           4  usart.o(.data)
    USART_RX_STA                             0x200000b0   Data           2  usart.o(.data)
    aRxBuffer                                0x200000b2   Data           1  usart.o(.data)
    sys_cmd_tab                              0x200000b4   Data          28  usmart.o(.data)
    usmart_nametab                           0x200000d0   Data          32  usmart_config.o(.data)
    usmart_dev                               0x200000f0   Data         244  usmart_config.o(.data)
    rc_pwm                                   0x20000608   Data          12  uavcan.o(.bss)
    USART_RX_BUF                             0x20000628   Data         200  usart.o(.bss)
    UART1_Handler                            0x200006f0   Data          64  usart.o(.bss)
    CAN1_Handler                             0x20000730   Data          40  can.o(.bss)
    TxHeader                                 0x20000758   Data          24  can.o(.bss)
    RxHeader                                 0x20000770   Data          28  can.o(.bss)
    TIM4_Handler                             0x2000078c   Data          64  usmart.o(.bss)
    __libspace_start                         0x200007cc   Data          96  libspace.o(.bss)
    __temporary_stack_top$libspace           0x2000082c   Data           0  libspace.o(.bss)



==============================================================================

Memory Map of the image

  Image Entry point : 0x08000131

  Load Region LR_IROM1 (Base: 0x08000000, Size: 0x00005bd8, Max: 0x00080000, ABSOLUTE, COMPRESSED[0x00005a68])

    Execution Region ER_IROM1 (Base: 0x08000000, Size: 0x000059f4, Max: 0x00080000, ABSOLUTE)

    Base Addr    Size         Type   Attr      Idx    E Section Name        Object

    0x08000000   0x00000130   Data   RO         1008    RESET               startup_stm32f103xe.o
    0x08000130   0x00000008   Code   RO         4916  * !!!main             c_w.l(__main.o)
    0x08000138   0x00000034   Code   RO         5129    !!!scatter          c_w.l(__scatter.o)
    0x0800016c   0x0000005a   Code   RO         5127    !!dczerorl2         c_w.l(__dczerorl2.o)
    0x080001c6   0x00000002   PAD
    0x080001c8   0x0000001c   Code   RO         5131    !!handler_zi        c_w.l(__scatter_zi.o)
    0x080001e4   0x00000000   Code   RO         4899    .ARM.Collect$$_printf_percent$$00000000  c_w.l(_printf_percent.o)
    0x080001e4   0x00000006   Code   RO         4897    .ARM.Collect$$_printf_percent$$00000009  c_w.l(_printf_d.o)
    0x080001ea   0x00000006   Code   RO         4898    .ARM.Collect$$_printf_percent$$0000000A  c_w.l(_printf_u.o)
    0x080001f0   0x00000006   Code   RO         4896    .ARM.Collect$$_printf_percent$$0000000C  c_w.l(_printf_x.o)
    0x080001f6   0x00000006   Code   RO         4894    .ARM.Collect$$_printf_percent$$00000013  c_w.l(_printf_c.o)
    0x080001fc   0x00000006   Code   RO         4895    .ARM.Collect$$_printf_percent$$00000014  c_w.l(_printf_s.o)
    0x08000202   0x00000004   Code   RO         4949    .ARM.Collect$$_printf_percent$$00000017  c_w.l(_printf_percent_end.o)
    0x08000206   0x00000002   Code   RO         5009    .ARM.Collect$$libinit$$00000000  c_w.l(libinit.o)
    0x08000208   0x00000000   Code   RO         5020    .ARM.Collect$$libinit$$00000002  c_w.l(libinit2.o)
    0x08000208   0x00000000   Code   RO         5022    .ARM.Collect$$libinit$$00000004  c_w.l(libinit2.o)
    0x08000208   0x00000000   Code   RO         5025    .ARM.Collect$$libinit$$0000000A  c_w.l(libinit2.o)
    0x08000208   0x00000000   Code   RO         5027    .ARM.Collect$$libinit$$0000000C  c_w.l(libinit2.o)
    0x08000208   0x00000000   Code   RO         5029    .ARM.Collect$$libinit$$0000000E  c_w.l(libinit2.o)
    0x08000208   0x00000000   Code   RO         5032    .ARM.Collect$$libinit$$00000011  c_w.l(libinit2.o)
    0x08000208   0x00000000   Code   RO         5034    .ARM.Collect$$libinit$$00000013  c_w.l(libinit2.o)
    0x08000208   0x00000000   Code   RO         5036    .ARM.Collect$$libinit$$00000015  c_w.l(libinit2.o)
    0x08000208   0x00000000   Code   RO         5038    .ARM.Collect$$libinit$$00000017  c_w.l(libinit2.o)
    0x08000208   0x00000000   Code   RO         5040    .ARM.Collect$$libinit$$00000019  c_w.l(libinit2.o)
    0x08000208   0x00000000   Code   RO         5042    .ARM.Collect$$libinit$$0000001B  c_w.l(libinit2.o)
    0x08000208   0x00000000   Code   RO         5044    .ARM.Collect$$libinit$$0000001D  c_w.l(libinit2.o)
    0x08000208   0x00000000   Code   RO         5046    .ARM.Collect$$libinit$$0000001F  c_w.l(libinit2.o)
    0x08000208   0x00000000   Code   RO         5048    .ARM.Collect$$libinit$$00000021  c_w.l(libinit2.o)
    0x08000208   0x00000000   Code   RO         5050    .ARM.Collect$$libinit$$00000023  c_w.l(libinit2.o)
    0x08000208   0x00000000   Code   RO         5052    .ARM.Collect$$libinit$$00000025  c_w.l(libinit2.o)
    0x08000208   0x00000000   Code   RO         5056    .ARM.Collect$$libinit$$0000002C  c_w.l(libinit2.o)
    0x08000208   0x00000000   Code   RO         5058    .ARM.Collect$$libinit$$0000002E  c_w.l(libinit2.o)
    0x08000208   0x00000000   Code   RO         5060    .ARM.Collect$$libinit$$00000030  c_w.l(libinit2.o)
    0x08000208   0x00000000   Code   RO         5062    .ARM.Collect$$libinit$$00000032  c_w.l(libinit2.o)
    0x08000208   0x00000002   Code   RO         5063    .ARM.Collect$$libinit$$00000033  c_w.l(libinit2.o)
    0x0800020a   0x00000002   Code   RO         5099    .ARM.Collect$$libshutdown$$00000000  c_w.l(libshutdown.o)
    0x0800020c   0x00000000   Code   RO         5109    .ARM.Collect$$libshutdown$$00000002  c_w.l(libshutdown2.o)
    0x0800020c   0x00000000   Code   RO         5111    .ARM.Collect$$libshutdown$$00000004  c_w.l(libshutdown2.o)
    0x0800020c   0x00000000   Code   RO         5114    .ARM.Collect$$libshutdown$$00000007  c_w.l(libshutdown2.o)
    0x0800020c   0x00000000   Code   RO         5117    .ARM.Collect$$libshutdown$$0000000A  c_w.l(libshutdown2.o)
    0x0800020c   0x00000000   Code   RO         5119    .ARM.Collect$$libshutdown$$0000000C  c_w.l(libshutdown2.o)
    0x0800020c   0x00000000   Code   RO         5122    .ARM.Collect$$libshutdown$$0000000F  c_w.l(libshutdown2.o)
    0x0800020c   0x00000002   Code   RO         5123    .ARM.Collect$$libshutdown$$00000010  c_w.l(libshutdown2.o)
    0x0800020e   0x00000000   Code   RO         4942    .ARM.Collect$$rtentry$$00000000  c_w.l(__rtentry.o)
    0x0800020e   0x00000000   Code   RO         4966    .ARM.Collect$$rtentry$$00000002  c_w.l(__rtentry2.o)
    0x0800020e   0x00000006   Code   RO         4978    .ARM.Collect$$rtentry$$00000004  c_w.l(__rtentry4.o)
    0x08000214   0x00000000   Code   RO         4968    .ARM.Collect$$rtentry$$00000009  c_w.l(__rtentry2.o)
    0x08000214   0x00000004   Code   RO         4969    .ARM.Collect$$rtentry$$0000000A  c_w.l(__rtentry2.o)
    0x08000218   0x00000000   Code   RO         4971    .ARM.Collect$$rtentry$$0000000C  c_w.l(__rtentry2.o)
    0x08000218   0x00000008   Code   RO         4972    .ARM.Collect$$rtentry$$0000000D  c_w.l(__rtentry2.o)
    0x08000220   0x00000002   Code   RO         5013    .ARM.Collect$$rtexit$$00000000  c_w.l(rtexit.o)
    0x08000222   0x00000000   Code   RO         5065    .ARM.Collect$$rtexit$$00000002  c_w.l(rtexit2.o)
    0x08000222   0x00000004   Code   RO         5066    .ARM.Collect$$rtexit$$00000003  c_w.l(rtexit2.o)
    0x08000226   0x00000006   Code   RO         5067    .ARM.Collect$$rtexit$$00000004  c_w.l(rtexit2.o)
    0x0800022c   0x00000040   Code   RO         1009    .text               startup_stm32f103xe.o
    0x0800026c   0x00000002   Code   RO         4835    .text               c_w.l(use_no_semi_2.o)
    0x0800026e   0x00000026   Code   RO         4837    .text               c_w.l(llshl.o)
    0x08000294   0x00000026   Code   RO         4839    .text               c_w.l(llushr.o)
    0x080002ba   0x00000002   PAD
    0x080002bc   0x00000018   Code   RO         4843    .text               c_w.l(noretval__2printf.o)
    0x080002d4   0x0000004e   Code   RO         4847    .text               c_w.l(_printf_pad.o)
    0x08000322   0x00000052   Code   RO         4849    .text               c_w.l(_printf_str.o)
    0x08000374   0x00000078   Code   RO         4851    .text               c_w.l(_printf_dec.o)
    0x080003ec   0x00000058   Code   RO         4856    .text               c_w.l(_printf_hex_int.o)
    0x08000444   0x00000188   Code   RO         4891    .text               c_w.l(__printf_flags_ss_wp.o)
    0x080005cc   0x00000080   Code   RO         4900    .text               c_w.l(assert.o)
    0x0800064c   0x0000003e   Code   RO         4902    .text               c_w.l(strlen.o)
    0x0800068a   0x00000096   Code   RO         4904    .text               c_w.l(strncmp.o)
    0x08000720   0x0000008a   Code   RO         4906    .text               c_w.l(rt_memcpy_v6.o)
    0x080007aa   0x00000064   Code   RO         4908    .text               c_w.l(rt_memcpy_w.o)
    0x0800080e   0x00000044   Code   RO         4910    .text               c_w.l(rt_memclr.o)
    0x08000852   0x0000004e   Code   RO         4912    .text               c_w.l(rt_memclr_w.o)
    0x080008a0   0x00000006   Code   RO         4914    .text               c_w.l(heapauxi.o)
    0x080008a6   0x00000002   Code   RO         4940    .text               c_w.l(use_no_semi.o)
    0x080008a8   0x000000b2   Code   RO         4943    .text               c_w.l(_printf_intcommon.o)
    0x0800095a   0x0000002c   Code   RO         4945    .text               c_w.l(_printf_char.o)
    0x08000986   0x00000002   PAD
    0x08000988   0x00000024   Code   RO         4947    .text               c_w.l(_printf_char_file.o)
    0x080009ac   0x00000016   Code   RO         4950    .text               c_w.l(abort.o)
    0x080009c2   0x00000014   Code   RO         4952    .text               c_w.l(assert_puts.o)
    0x080009d6   0x00000002   PAD
    0x080009d8   0x00000030   Code   RO         4980    .text               c_w.l(_printf_char_common.o)
    0x08000a08   0x00000008   Code   RO         4982    .text               c_w.l(ferror.o)
    0x08000a10   0x0000000e   Code   RO         4986    .text               c_w.l(defsig_abrt_outer.o)
    0x08000a1e   0x0000004a   Code   RO         4992    .text               c_w.l(sys_stackheap_outer.o)
    0x08000a68   0x00000012   Code   RO         4998    .text               c_w.l(exit.o)
    0x08000a7a   0x0000000a   Code   RO         5000    .text               c_w.l(defsig_exit.o)
    0x08000a84   0x00000030   Code   RO         5002    .text               c_w.l(defsig_abrt_inner.o)
    0x08000ab4   0x00000008   Code   RO         5010    .text               c_w.l(libspace.o)
    0x08000abc   0x00000032   Code   RO         5017    .text               c_w.l(defsig_general.o)
    0x08000aee   0x00000004   Code   RO          289    i.BusFault_Handler  stm32f1xx_it.o
    0x08000af2   0x00000002   PAD
    0x08000af4   0x00000060   Code   RO         4587    i.CAN1_Mode_Init    can.o
    0x08000b54   0x00000070   Code   RO         4590    i.CAN_Config        can.o
    0x08000bc4   0x00000002   Code   RO          290    i.DebugMon_Handler  stm32f1xx_it.o
    0x08000bc6   0x0000002a   Code   RO         3923    i.HAL_CAN_ActivateNotification  stm32f1xx_hal_can.o
    0x08000bf0   0x0000010a   Code   RO         3925    i.HAL_CAN_ConfigFilter  stm32f1xx_hal_can.o
    0x08000cfa   0x00000174   Code   RO         3936    i.HAL_CAN_Init      stm32f1xx_hal_can.o
    0x08000e6e   0x00000002   PAD
    0x08000e70   0x0000008c   Code   RO         4591    i.HAL_CAN_MspInit   can.o
    0x08000efc   0x0000005e   Code   RO         3948    i.HAL_CAN_Start     stm32f1xx_hal_can.o
    0x08000f5a   0x00000002   PAD
    0x08000f5c   0x000001a8   Code   RO         1314    i.HAL_DMA_Abort_IT  stm32f1xx_hal_dma.o
    0x08001104   0x00000340   Code   RO         1410    i.HAL_GPIO_Init     stm32f1xx_hal_gpio.o
    0x08001444   0x00000010   Code   RO         1412    i.HAL_GPIO_ReadPin  stm32f1xx_hal_gpio.o
    0x08001454   0x0000000c   Code   RO         1414    i.HAL_GPIO_WritePin  stm32f1xx_hal_gpio.o
    0x08001460   0x0000000c   Code   RO         1027    i.HAL_GetTick       stm32f1xx_hal.o
    0x0800146c   0x00000018   Code   RO         1033    i.HAL_IncTick       stm32f1xx_hal.o
    0x08001484   0x00000028   Code   RO         1034    i.HAL_Init          stm32f1xx_hal.o
    0x080014ac   0x0000004c   Code   RO         1035    i.HAL_InitTick      stm32f1xx_hal.o
    0x080014f8   0x00000002   Code   RO          257    i.HAL_MspInit       stm32f1xx_hal_msp.o
    0x080014fa   0x00000020   Code   RO         1192    i.HAL_NVIC_EnableIRQ  stm32f1xx_hal_cortex.o
    0x0800151a   0x0000007c   Code   RO         1198    i.HAL_NVIC_SetPriority  stm32f1xx_hal_cortex.o
    0x08001596   0x00000002   PAD
    0x08001598   0x00000028   Code   RO         1199    i.HAL_NVIC_SetPriorityGrouping  stm32f1xx_hal_cortex.o
    0x080015c0   0x0000018c   Code   RO         1635    i.HAL_RCC_ClockConfig  stm32f1xx_hal_rcc.o
    0x0800174c   0x0000000c   Code   RO         1640    i.HAL_RCC_GetHCLKFreq  stm32f1xx_hal_rcc.o
    0x08001758   0x00000020   Code   RO         1642    i.HAL_RCC_GetPCLK1Freq  stm32f1xx_hal_rcc.o
    0x08001778   0x00000020   Code   RO         1643    i.HAL_RCC_GetPCLK2Freq  stm32f1xx_hal_rcc.o
    0x08001798   0x00000094   Code   RO         1644    i.HAL_RCC_GetSysClockFreq  stm32f1xx_hal_rcc.o
    0x0800182c   0x00000464   Code   RO         1647    i.HAL_RCC_OscConfig  stm32f1xx_hal_rcc.o
    0x08001c90   0x00000028   Code   RO         1201    i.HAL_SYSTICK_CLKSourceConfig  stm32f1xx_hal_cortex.o
    0x08001cb8   0x00000034   Code   RO         1203    i.HAL_SYSTICK_Config  stm32f1xx_hal_cortex.o
    0x08001cec   0x00000034   Code   RO         1779    i.HAL_TIM_Base_Init  stm32f1xx_hal_tim.o
    0x08001d20   0x00000002   Code   RO         1781    i.HAL_TIM_Base_MspInit  stm32f1xx_hal_tim.o
    0x08001d22   0x0000002a   Code   RO         1784    i.HAL_TIM_Base_Start_IT  stm32f1xx_hal_tim.o
    0x08001d4c   0x00000002   Code   RO         2737    i.HAL_UART_ErrorCallback  stm32f1xx_hal_uart.o
    0x08001d4e   0x00000014   Code   RO         2739    i.HAL_UART_GetState  stm32f1xx_hal_uart.o
    0x08001d62   0x00000002   PAD
    0x08001d64   0x0000014c   Code   RO         2740    i.HAL_UART_IRQHandler  stm32f1xx_hal_uart.o
    0x08001eb0   0x00000072   Code   RO         2741    i.HAL_UART_Init     stm32f1xx_hal_uart.o
    0x08001f22   0x00000002   PAD
    0x08001f24   0x000000a8   Code   RO         4240    i.HAL_UART_MspInit  usart.o
    0x08001fcc   0x00000070   Code   RO         2746    i.HAL_UART_Receive_IT  stm32f1xx_hal_uart.o
    0x0800203c   0x00000088   Code   RO         4241    i.HAL_UART_RxCpltCallback  usart.o
    0x080020c4   0x00000002   Code   RO         2752    i.HAL_UART_TxCpltCallback  stm32f1xx_hal_uart.o
    0x080020c6   0x00000004   Code   RO          291    i.HardFault_Handler  stm32f1xx_it.o
    0x080020ca   0x00000002   PAD
    0x080020cc   0x0000007c   Code   RO         4556    i.KEY_Init          key.o
    0x08002148   0x000000a4   Code   RO         4557    i.KEY_Scan          key.o
    0x080021ec   0x00000080   Code   RO         4311    i.LED_Init          led.o
    0x0800226c   0x00000004   Code   RO          292    i.MemManage_Handler  stm32f1xx_it.o
    0x08002270   0x00000002   Code   RO          293    i.NMI_Handler       stm32f1xx_it.o
    0x08002272   0x00000002   Code   RO          294    i.PendSV_Handler    stm32f1xx_it.o
    0x08002274   0x00000028   Code   RO         1648    i.RCC_Delay         stm32f1xx_hal_rcc.o
    0x0800229c   0x00000002   Code   RO          295    i.SVC_Handler       stm32f1xx_it.o
    0x0800229e   0x00000056   Code   RO         4197    i.Stm32_Clock_Init  sys.o
    0x080022f4   0x00000008   Code   RO          296    i.SysTick_Handler   stm32f1xx_it.o
    0x080022fc   0x00000058   Code   RO          365    i.SystemInit        system_stm32f1xx.o
    0x08002354   0x00000044   Code   RO         4638    i.TIM4_IRQHandler   usmart.o
    0x08002398   0x0000009c   Code   RO         1867    i.TIM_Base_SetConfig  stm32f1xx_hal_tim.o
    0x08002434   0x0000005c   Code   RO         4639    i.Timer4_Init       usmart.o
    0x08002490   0x00000014   Code   RO         2754    i.UART_DMAAbortOnError  stm32f1xx_hal_uart.o
    0x080024a4   0x00000020   Code   RO         2764    i.UART_EndRxTransfer  stm32f1xx_hal_uart.o
    0x080024c4   0x00000020   Code   RO         2765    i.UART_EndTransmit_IT  stm32f1xx_hal_uart.o
    0x080024e4   0x000000a6   Code   RO         2767    i.UART_Receive_IT   stm32f1xx_hal_uart.o
    0x0800258a   0x00000002   PAD
    0x0800258c   0x000001a0   Code   RO         2768    i.UART_SetConfig    stm32f1xx_hal_uart.o
    0x0800272c   0x00000068   Code   RO         2769    i.UART_Transmit_IT  stm32f1xx_hal_uart.o
    0x08002794   0x00000040   Code   RO         4242    i.USART1_IRQHandler  usart.o
    0x080027d4   0x00000004   Code   RO          297    i.UsageFault_Handler  stm32f1xx_it.o
    0x080027d8   0x00000010   Code   RO         1205    i.__NVIC_GetPriorityGrouping  stm32f1xx_hal_cortex.o
    0x080027e8   0x00000028   Code   RO         1206    i.__NVIC_SetPriority  stm32f1xx_hal_cortex.o
    0x08002810   0x0000000e   Code   RO         4884    i._is_digit         c_w.l(__printf_wp.o)
    0x0800281e   0x00000004   Code   RO         4243    i._sys_exit         usart.o
    0x08002822   0x00000004   Code   RO         4244    i._ttywrch          usart.o
    0x08002826   0x00000028   Code   RO          630    i.allocateBlock     canard.o
    0x0800284e   0x00000002   PAD
    0x08002850   0x00000354   Code   RO          636    i.canardDecodeScalar  canard.o
    0x08002ba4   0x00000164   Code   RO          637    i.canardEncodeScalar  canard.o
    0x08002d08   0x00000006   Code   RO          638    i.canardGetLocalNodeID  canard.o
    0x08002d0e   0x00000002   PAD
    0x08002d10   0x00000084   Code   RO          642    i.canardInit        canard.o
    0x08002d94   0x000000a2   Code   RO          646    i.canardRequestOrRespond  canard.o
    0x08002e36   0x00000002   PAD
    0x08002e38   0x000001b4   Code   RO          484    i.canardSTM32ComputeCANTimings  uavcan.o
    0x08002fec   0x00000224   Code   RO          889    i.canardSTM32Init   canard_stm32.o
    0x08003210   0x000000ac   Code   RO          890    i.canardSTM32Receive  canard_stm32.o
    0x080032bc   0x00000060   Code   RO          647    i.canardSetLocalNodeID  canard.o
    0x0800331c   0x00000010   Code   RO          648    i.computeTransferIDForwardDistance  canard.o
    0x0800332c   0x0000002c   Code   RO          893    i.convertFrameIDRegisterToCanard  canard_stm32.o
    0x08003358   0x000000e4   Code   RO          649    i.copyBitArray      canard.o
    0x0800343c   0x00000022   Code   RO          650    i.crcAdd            canard.o
    0x0800345e   0x00000034   Code   RO          651    i.crcAddByte        canard.o
    0x08003492   0x0000003a   Code   RO          652    i.crcAddSignature   canard.o
    0x080034cc   0x00000030   Code   RO          654    i.createRxState     canard.o
    0x080034fc   0x0000001e   Code   RO          655    i.createTxItem      canard.o
    0x0800351a   0x00000002   PAD
    0x0800351c   0x00000014   Code   RO         4156    i.delay_init        delay.o
    0x08003530   0x00000018   Code   RO         4157    i.delay_ms          delay.o
    0x08003548   0x00000048   Code   RO         4158    i.delay_us          delay.o
    0x08003590   0x0000032c   Code   RO          656    i.descatterTransferPayload  canard.o
    0x080038bc   0x0000016e   Code   RO          485    i.encodeParamCanard  uavcan.o
    0x08003a2a   0x00000002   PAD
    0x08003a2c   0x000001a4   Code   RO          657    i.enqueueTxFrames   canard.o
    0x08003bd0   0x00000024   Code   RO          658    i.extractDataType   canard.o
    0x08003bf4   0x0000001a   Code   RO          659    i.extractTransferType  canard.o
    0x08003c0e   0x00000018   Code   RO          660    i.findRxState       canard.o
    0x08003c26   0x00000002   PAD
    0x08003c28   0x0000001c   Code   RO         4245    i.fputc             usart.o
    0x08003c44   0x0000007c   Code   RO          661    i.freeBlock         canard.o
    0x08003cc0   0x00000050   Code   RO          486    i.getNodeInfoHandleCanard  uavcan.o
    0x08003d10   0x0000015c   Code   RO          487    i.getsetHandleCanard  uavcan.o
    0x08003e6c   0x0000005c   Code   RO          662    i.incrementTransferID  canard.o
    0x08003ec8   0x00000026   Code   RO          663    i.initPoolAllocator  canard.o
    0x08003eee   0x00000014   Code   RO          664    i.isBigEndian       canard.o
    0x08003f02   0x00000060   Code   RO          665    i.isPriorityHigher  canard.o
    0x08003f62   0x00000002   PAD
    0x08003f64   0x00000090   Code   RO            4    i.main              main.o
    0x08003ff4   0x00000060   Code   RO          488    i.makeNodeInfoMessage  uavcan.o
    0x08004054   0x00000044   Code   RO          489    i.makeNodeStatusMessage  uavcan.o
    0x08004098   0x00000036   Code   RO          490    i.onTransferReceived  uavcan.o
    0x080040ce   0x00000002   PAD
    0x080040d0   0x00000074   Code   RO          666    i.prepareForNextTransfer  canard.o
    0x08004144   0x00000022   Code   RO          667    i.prependRxState    canard.o
    0x08004166   0x00000002   PAD
    0x08004168   0x00000050   Code   RO          895    i.processErrorStatus  canard_stm32.o
    0x080041b8   0x000000b4   Code   RO          668    i.pushTxQueue       canard.o
    0x0800426c   0x00000034   Code   RO          492    i.rawcmdHandleCanard  uavcan.o
    0x080042a0   0x00000012   Code   RO          493    i.readUniqueID      uavcan.o
    0x080042b2   0x00000006   Code   RO         4640    i.read_addr         usmart.o
    0x080042b8   0x0000005c   Code   RO          494    i.receiveCanard     uavcan.o
    0x08004314   0x00000030   Code   RO          669    i.releaseStatePayload  canard.o
    0x08004344   0x0000005c   Code   RO          496    i.shouldAcceptTransfer  uavcan.o
    0x080043a0   0x00000238   Code   RO          671    i.singleCanardHandleRxFrame  canard.o
    0x080045d8   0x00000064   Code   RO          673    i.swapByteOrder     canard.o
    0x0800463c   0x0000003c   Code   RO          674    i.traverseRxStates  canard.o
    0x08004678   0x00000038   Code   RO         4246    i.uart_init         usart.o
    0x080046b0   0x00000058   Code   RO          499    i.uavcanInit        uavcan.o
    0x08004708   0x000000b0   Code   RO         4641    i.usmart_cmd_rec    usmart.o
    0x080047b8   0x000002d4   Code   RO         4642    i.usmart_exe        usmart.o
    0x08004a8c   0x000000d4   Code   RO         4752    i.usmart_get_aparm  usmart_str.o
    0x08004b60   0x00000036   Code   RO         4753    i.usmart_get_cmdname  usmart_str.o
    0x08004b96   0x00000002   PAD
    0x08004b98   0x000001c0   Code   RO         4754    i.usmart_get_fname  usmart_str.o
    0x08004d58   0x0000010c   Code   RO         4755    i.usmart_get_fparam  usmart_str.o
    0x08004e64   0x00000020   Code   RO         4756    i.usmart_get_parmpos  usmart_str.o
    0x08004e84   0x00000044   Code   RO         4643    i.usmart_get_runtime  usmart.o
    0x08004ec8   0x00000028   Code   RO         4644    i.usmart_init       usmart.o
    0x08004ef0   0x00000016   Code   RO         4757    i.usmart_pow        usmart_str.o
    0x08004f06   0x00000002   PAD
    0x08004f08   0x00000034   Code   RO         4645    i.usmart_reset_runtime  usmart.o
    0x08004f3c   0x000000bc   Code   RO         4646    i.usmart_scan       usmart.o
    0x08004ff8   0x00000016   Code   RO         4758    i.usmart_search_nextc  usmart_str.o
    0x0800500e   0x00000106   Code   RO         4759    i.usmart_str2num    usmart_str.o
    0x08005114   0x00000022   Code   RO         4760    i.usmart_strcmp     usmart_str.o
    0x08005136   0x00000016   Code   RO         4761    i.usmart_strcopy    usmart_str.o
    0x0800514c   0x00000018   Code   RO         4762    i.usmart_strlen     usmart_str.o
    0x08005164   0x000006f4   Code   RO         4647    i.usmart_sys_cmd_exe  usmart.o
    0x08005858   0x00000024   Code   RO          896    i.waitMSRINAKBitStateChange  canard_stm32.o
    0x0800587c   0x00000004   Code   RO         4648    i.write_addr        usmart.o
    0x08005880   0x00000018   Data   RO          366    .constdata          system_stm32f1xx.o
    0x08005898   0x00000008   Data   RO          898    .constdata          canard_stm32.o
    0x080058a0   0x00000028   Data   RO         4857    .constdata          c_w.l(_printf_hex_int.o)
    0x080058c8   0x00000011   Data   RO         4892    .constdata          c_w.l(__printf_flags_ss_wp.o)
    0x080058d9   0x00000003   PAD
    0x080058dc   0x00000017   Data   RO          502    .conststring        uavcan.o
    0x080058f3   0x00000001   PAD
    0x080058f4   0x0000004a   Data   RO          899    .conststring        canard_stm32.o
    0x0800593e   0x00000002   PAD
    0x08005940   0x00000028   Data   RO         4650    .conststring        usmart.o
    0x08005968   0x0000006b   Data   RO         4727    .conststring        usmart_config.o
    0x080059d3   0x00000001   PAD
    0x080059d4   0x00000020   Data   RO         5125    Region$$Table       anon$$obj.o


    Execution Region RW_IRAM1 (Base: 0x20000000, Size: 0x00000e30, Max: 0x00010000, ABSOLUTE, COMPRESSED[0x00000074])

    Base Addr    Size         Type   Attr      Idx    E Section Name        Object

    0x20000000   0x00000004   Data   RW          367    .data               system_stm32f1xx.o
    0x20000004   0x00000004   PAD
    0x20000008   0x00000092   Data   RW          503    .data               uavcan.o
    0x2000009a   0x00000001   Data   RW          900    .data               canard_stm32.o
    0x2000009b   0x00000001   PAD
    0x2000009c   0x00000009   Data   RW         1041    .data               stm32f1xx_hal.o
    0x200000a5   0x00000003   PAD
    0x200000a8   0x00000004   Data   RW         4159    .data               delay.o
    0x200000ac   0x00000007   Data   RW         4248    .data               usart.o
    0x200000b3   0x00000001   Data   RW         4558    .data               key.o
    0x200000b4   0x0000001c   Data   RW         4651    .data               usmart.o
    0x200000d0   0x00000114   Data   RW         4728    .data               usmart_config.o
    0x200001e4   0x00000430   Zero   RW          500    .bss                uavcan.o
    0x20000614   0x00000004   PAD
    0x20000618   0x00000010   Zero   RW          897    .bss                canard_stm32.o
    0x20000628   0x00000108   Zero   RW         4247    .bss                usart.o
    0x20000730   0x0000005c   Zero   RW         4592    .bss                can.o
    0x2000078c   0x00000040   Zero   RW         4649    .bss                usmart.o
    0x200007cc   0x00000060   Zero   RW         5011    .bss                c_w.l(libspace.o)
    0x2000082c   0x00000004   PAD
    0x20000830   0x00000200   Zero   RW         1007    HEAP                startup_stm32f103xe.o
    0x20000a30   0x00000400   Zero   RW         1006    STACK               startup_stm32f103xe.o


==============================================================================

Image component sizes


      Code (inc. data)   RO Data    RW Data    ZI Data      Debug   Object Name

       348         30          0          0         92       2821   can.o
      4904       1172          0          0          0      30442   canard.o
       880        170         82          1         16      12835   canard_stm32.o
       116          8          0          4          0       1839   delay.o
       288         28          0          1          0       1562   key.o
       128         12          0          0          0        875   led.o
       144          8          0          0          0     498824   main.o
        64         26        304          0       1536        788   startup_stm32f103xe.o
       152         32          0          9          0       5857   stm32f1xx_hal.o
       774          0          0          0          0       3717   stm32f1xx_hal_can.o
       344         22          0          0          0      29817   stm32f1xx_hal_cortex.o
       424         10          0          0          0       1219   stm32f1xx_hal_dma.o
       860         40          0          0          0       3319   stm32f1xx_hal_gpio.o
         2          0          0          0          0        406   stm32f1xx_hal_msp.o
      1784        110          0          0          0       5984   stm32f1xx_hal_rcc.o
       252         22          0          0          0       2968   stm32f1xx_hal_tim.o
      1352         10          0          0          0       8227   stm32f1xx_hal_uart.o
        32          0          0          0          0       3690   stm32f1xx_it.o
        86          0          0          0          0        691   sys.o
        88         18         24          4          0       1071   system_stm32f1xx.o
      1790        272         23        146       1072      17800   uavcan.o
       460         52          0          7        264       5676   usart.o
      3198       1354         40         28         64       7471   usmart.o
         0          0        107        276          0       1528   usmart_config.o
      1400         20          0          0          0       8569   usmart_str.o

    ----------------------------------------------------------------------
     19908       3416        616        484       3048     657996   Object Totals
         0          0         32          0          0          0   (incl. Generated)
        38          0          4          8          4          0   (incl. Padding)

    ----------------------------------------------------------------------

      Code (inc. data)   RO Data    RW Data    ZI Data      Debug   Library Member Name

        90          0          0          0          0          0   __dczerorl2.o
         8          0          0          0          0         68   __main.o
       392          4         17          0          0         92   __printf_flags_ss_wp.o
        14          0          0          0          0         68   __printf_wp.o
         0          0          0          0          0          0   __rtentry.o
        12          0          0          0          0          0   __rtentry2.o
         6          0          0          0          0          0   __rtentry4.o
        52          8          0          0          0          0   __scatter.o
        28          0          0          0          0          0   __scatter_zi.o
         6          0          0          0          0          0   _printf_c.o
        44          0          0          0          0        108   _printf_char.o
        48          6          0          0          0         96   _printf_char_common.o
        36          4          0          0          0         80   _printf_char_file.o
         6          0          0          0          0          0   _printf_d.o
       120         16          0          0          0         92   _printf_dec.o
        88          4         40          0          0         88   _printf_hex_int.o
       178          0          0          0          0         88   _printf_intcommon.o
        78          0          0          0          0        108   _printf_pad.o
         0          0          0          0          0          0   _printf_percent.o
         4          0          0          0          0          0   _printf_percent_end.o
         6          0          0          0          0          0   _printf_s.o
        82          0          0          0          0         80   _printf_str.o
         6          0          0          0          0          0   _printf_u.o
         6          0          0          0          0          0   _printf_x.o
        22          0          0          0          0         80   abort.o
       128         42          0          0          0         76   assert.o
        20          0          0          0          0         76   assert_puts.o
        48         34          0          0          0         76   defsig_abrt_inner.o
        14          0          0          0          0         80   defsig_abrt_outer.o
        10          0          0          0          0         68   defsig_exit.o
        50          0          0          0          0         88   defsig_general.o
        18          0          0          0          0         80   exit.o
         8          0          0          0          0         68   ferror.o
         6          0          0          0          0        152   heapauxi.o
         2          0          0          0          0          0   libinit.o
         2          0          0          0          0          0   libinit2.o
         2          0          0          0          0          0   libshutdown.o
         2          0          0          0          0          0   libshutdown2.o
         8          4          0          0         96         68   libspace.o
        38          0          0          0          0         68   llshl.o
        38          0          0          0          0         68   llushr.o
        24          4          0          0          0         84   noretval__2printf.o
        68          0          0          0          0         68   rt_memclr.o
        78          0          0          0          0         80   rt_memclr_w.o
       138          0          0          0          0         68   rt_memcpy_v6.o
       100          0          0          0          0         80   rt_memcpy_w.o
         2          0          0          0          0          0   rtexit.o
        10          0          0          0          0          0   rtexit2.o
        62          0          0          0          0         76   strlen.o
       150          0          0          0          0         80   strncmp.o
        74          0          0          0          0         80   sys_stackheap_outer.o
         2          0          0          0          0         68   use_no_semi.o
         2          0          0          0          0         68   use_no_semi_2.o

    ----------------------------------------------------------------------
      2444        126         60          0        100       2768   Library Totals
         8          0          3          0          4          0   (incl. Padding)

    ----------------------------------------------------------------------

      Code (inc. data)   RO Data    RW Data    ZI Data      Debug   Library Name

      2436        126         57          0         96       2768   c_w.l

    ----------------------------------------------------------------------
      2444        126         60          0        100       2768   Library Totals

    ----------------------------------------------------------------------

==============================================================================


      Code (inc. data)   RO Data    RW Data    ZI Data      Debug   

     22352       3542        676        484       3148     652128   Grand Totals
     22352       3542        676        116       3148     652128   ELF Image Totals (compressed)
     22352       3542        676        116          0          0   ROM Totals

==============================================================================

    Total RO  Size (Code + RO Data)                23028 (  22.49kB)
    Total RW  Size (RW Data + ZI Data)              3632 (   3.55kB)
    Total ROM Size (Code + RO Data + RW Data)      23144 (  22.60kB)

==============================================================================

